Component: ARM Compiler 5.06 update 1 (build 61) Tool: armlink [4d35a8]

==============================================================================

Section Cross References

    main.o(i.Init_UART) refers to uart_lpc17xx.o(.constdata) for Driver_USART1
    main.o(i.Init_UART) refers to main.o(i.UART_Callback) for UART_Callback
    main.o(i.Receive_UART) refers to rt_cmsis.o(i.osSignalWait) for osSignalWait
    main.o(i.Receive_UART) refers to uart_lpc17xx.o(.constdata) for Driver_USART1
    main.o(i.Receive_UART) refers to main.o(.data) for C
    main.o(i.UART_Callback) refers to rt_cmsis.o(i.osSignalSet) for osSignalSet
    main.o(i.UART_Callback) refers to main.o(.data) for ID_Receive
    main.o(i.main) refers to rt_cmsis.o(i.osKernelInitialize) for osKernelInitialize
    main.o(i.main) refers to glcd_mcb1700.o(i.GLCD_Initialize) for GLCD_Initialize
    main.o(i.main) refers to glcd_mcb1700.o(i.GLCD_ClearScreen) for GLCD_ClearScreen
    main.o(i.main) refers to glcd_mcb1700.o(i.GLCD_SetFont) for GLCD_SetFont
    main.o(i.main) refers to glcd_mcb1700.o(i.GLCD_SetBackgroundColor) for GLCD_SetBackgroundColor
    main.o(i.main) refers to glcd_mcb1700.o(i.GLCD_SetForegroundColor) for GLCD_SetForegroundColor
    main.o(i.main) refers to glcd_mcb1700.o(i.GLCD_DrawString) for GLCD_DrawString
    main.o(i.main) refers to main.o(i.Init_UART) for Init_UART
    main.o(i.main) refers to rt_cmsis.o(i.osThreadCreate) for osThreadCreate
    main.o(i.main) refers to rt_cmsis.o(i.osKernelStart) for osKernelStart
    main.o(i.main) refers to rt_cmsis.o(i.osDelay) for osDelay
    main.o(i.main) refers to glcd_fonts.o(.constdata) for GLCD_Font_16x24
    main.o(i.main) refers to main.o(.constdata) for os_thread_def_Receive_UART
    main.o(i.main) refers to main.o(.data) for ID_Receive
    main.o(.constdata) refers to main.o(i.Receive_UART) for Receive_UART
    glcd_mcb1700.o(i.GLCD_ClearScreen) refers to glcd_mcb1700.o(i.GLCD_SetWindow) for GLCD_SetWindow
    glcd_mcb1700.o(i.GLCD_ClearScreen) refers to glcd_mcb1700.o(i.wr_cmd) for wr_cmd
    glcd_mcb1700.o(i.GLCD_ClearScreen) refers to glcd_mcb1700.o(i.wr_dat_start) for wr_dat_start
    glcd_mcb1700.o(i.GLCD_ClearScreen) refers to glcd_mcb1700.o(i.wr_dat_only) for wr_dat_only
    glcd_mcb1700.o(i.GLCD_ClearScreen) refers to glcd_mcb1700.o(i.wr_dat_stop) for wr_dat_stop
    glcd_mcb1700.o(i.GLCD_ClearScreen) refers to glcd_mcb1700.o(.data) for background_color
    glcd_mcb1700.o(i.GLCD_DrawBargraph) refers to glcd_mcb1700.o(i.GLCD_SetWindow) for GLCD_SetWindow
    glcd_mcb1700.o(i.GLCD_DrawBargraph) refers to glcd_mcb1700.o(i.wr_cmd) for wr_cmd
    glcd_mcb1700.o(i.GLCD_DrawBargraph) refers to glcd_mcb1700.o(i.wr_dat_start) for wr_dat_start
    glcd_mcb1700.o(i.GLCD_DrawBargraph) refers to glcd_mcb1700.o(i.wr_dat_only) for wr_dat_only
    glcd_mcb1700.o(i.GLCD_DrawBargraph) refers to glcd_mcb1700.o(i.wr_dat_stop) for wr_dat_stop
    glcd_mcb1700.o(i.GLCD_DrawBargraph) refers to glcd_mcb1700.o(.data) for background_color
    glcd_mcb1700.o(i.GLCD_DrawBitmap) refers to glcd_mcb1700.o(i.GLCD_SetWindow) for GLCD_SetWindow
    glcd_mcb1700.o(i.GLCD_DrawBitmap) refers to glcd_mcb1700.o(i.wr_cmd) for wr_cmd
    glcd_mcb1700.o(i.GLCD_DrawBitmap) refers to glcd_mcb1700.o(i.wr_dat_start) for wr_dat_start
    glcd_mcb1700.o(i.GLCD_DrawBitmap) refers to glcd_mcb1700.o(i.wr_dat_only) for wr_dat_only
    glcd_mcb1700.o(i.GLCD_DrawBitmap) refers to glcd_mcb1700.o(i.wr_dat_stop) for wr_dat_stop
    glcd_mcb1700.o(i.GLCD_DrawChar) refers to glcd_mcb1700.o(i.GLCD_SetWindow) for GLCD_SetWindow
    glcd_mcb1700.o(i.GLCD_DrawChar) refers to glcd_mcb1700.o(i.wr_cmd) for wr_cmd
    glcd_mcb1700.o(i.GLCD_DrawChar) refers to glcd_mcb1700.o(i.wr_dat_start) for wr_dat_start
    glcd_mcb1700.o(i.GLCD_DrawChar) refers to glcd_mcb1700.o(i.wr_dat_only) for wr_dat_only
    glcd_mcb1700.o(i.GLCD_DrawChar) refers to glcd_mcb1700.o(i.wr_dat_stop) for wr_dat_stop
    glcd_mcb1700.o(i.GLCD_DrawChar) refers to glcd_mcb1700.o(.data) for active_font
    glcd_mcb1700.o(i.GLCD_DrawHLine) refers to glcd_mcb1700.o(i.GLCD_SetWindow) for GLCD_SetWindow
    glcd_mcb1700.o(i.GLCD_DrawHLine) refers to glcd_mcb1700.o(i.wr_cmd) for wr_cmd
    glcd_mcb1700.o(i.GLCD_DrawHLine) refers to glcd_mcb1700.o(i.wr_dat_start) for wr_dat_start
    glcd_mcb1700.o(i.GLCD_DrawHLine) refers to glcd_mcb1700.o(i.wr_dat_only) for wr_dat_only
    glcd_mcb1700.o(i.GLCD_DrawHLine) refers to glcd_mcb1700.o(i.wr_dat_stop) for wr_dat_stop
    glcd_mcb1700.o(i.GLCD_DrawHLine) refers to glcd_mcb1700.o(.data) for foreground_color
    glcd_mcb1700.o(i.GLCD_DrawPixel) refers to glcd_mcb1700.o(i.GLCD_SetWindow) for GLCD_SetWindow
    glcd_mcb1700.o(i.GLCD_DrawPixel) refers to glcd_mcb1700.o(i.wr_reg) for wr_reg
    glcd_mcb1700.o(i.GLCD_DrawPixel) refers to glcd_mcb1700.o(i.wr_cmd) for wr_cmd
    glcd_mcb1700.o(i.GLCD_DrawPixel) refers to glcd_mcb1700.o(.data) for Himax
[...]
    i.osDelay                                0x000060a4   Section        0  rt_cmsis.o(i.osDelay)
    i.osKernelInitialize                     0x000060bc   Section        0  rt_cmsis.o(i.osKernelInitialize)
    i.osKernelStart                          0x000060e0   Section        0  rt_cmsis.o(i.osKernelStart)
    i.osMessageGet                           0x0000614c   Section        0  rt_cmsis.o(i.osMessageGet)
    i.osSignalSet                            0x00006164   Section        0  rt_cmsis.o(i.osSignalSet)
    i.osSignalWait                           0x0000617c   Section        0  rt_cmsis.o(i.osSignalWait)
    i.osThreadCreate                         0x00006194   Section        0  rt_cmsis.o(i.osThreadCreate)
    i.osThreadExit                           0x000061c0   Section        0  rt_cmsis.o(i.osThreadExit)
    i.osTimerCall                            0x000061d8   Section        0  rt_cmsis.o(i.osTimerCall)
    i.osTimerThread                          0x000061e4   Section        0  rt_cmsis.o(i.osTimerThread)
    i.os_error                               0x00006210   Section        0  rtx_conf_cm.o(i.os_error)
    i.os_idle_demon                          0x00006232   Section        0  rtx_conf_cm.o(i.os_idle_demon)
    i.os_tick_init                           0x00006238   Section        0  rt_system.o(i.os_tick_init)
    i.rd_id_man                              0x00006260   Section        0  glcd_mcb1700.o(i.rd_id_man)
    rd_id_man                                0x00006261   Thumb Code   196  glcd_mcb1700.o(i.rd_id_man)
    i.rt_alloc_box                           0x00006328   Section        0  rt_membox.o(i.rt_alloc_box)
    i.rt_alloc_mem                           0x00006342   Section        0  rt_memory.o(i.rt_alloc_mem)
    i.rt_block                               0x00006380   Section        0  rt_task.o(i.rt_block)
    i.rt_chk_robin                           0x000063b8   Section        0  rt_robin.o(i.rt_chk_robin)
    i.rt_dec_dly                             0x00006400   Section        0  rt_list.o(i.rt_dec_dly)
    i.rt_dispatch                            0x00006470   Section        0  rt_task.o(i.rt_dispatch)
    i.rt_dly_wait                            0x000064b4   Section        0  rt_time.o(i.rt_dly_wait)
    i.rt_evt_psh                             0x000064bc   Section        0  rt_event.o(i.rt_evt_psh)
    i.rt_evt_set                             0x0000650c   Section        0  rt_event.o(i.rt_evt_set)
    i.rt_evt_wait                            0x00006568   Section        0  rt_event.o(i.rt_evt_wait)
    i.rt_free_box                            0x000065a4   Section        0  rt_membox.o(i.rt_free_box)
    i.rt_free_mem                            0x000065d0   Section        0  rt_memory.o(i.rt_free_mem)
    i.rt_get_first                           0x000065f8   Section        0  rt_list.o(i.rt_get_first)
    i.rt_id2obj                              0x00006620   Section        0  rt_cmsis.o(i.rt_id2obj)
    rt_id2obj                                0x00006621   Thumb Code     8  rt_cmsis.o(i.rt_id2obj)
    i.rt_init_context                        0x00006628   Section        0  rt_task.o(i.rt_init_context)
    rt_init_context                          0x00006629   Thumb Code    66  rt_task.o(i.rt_init_context)
    i.rt_init_mem                            0x00006670   Section        0  rt_memory.o(i.rt_init_mem)
    i.rt_init_robin                          0x0000668c   Section        0  rt_robin.o(i.rt_init_robin)
    i.rt_init_stack                          0x000066a4   Section        0  hal_cm.o(i.rt_init_stack)
    i.rt_mbx_check                           0x00006724   Section        0  rt_mailbox.o(i.rt_mbx_check)
    i.rt_mbx_init                            0x0000672c   Section        0  rt_mailbox.o(i.rt_mbx_init)
    i.rt_mbx_psh                             0x00006748   Section        0  rt_mailbox.o(i.rt_mbx_psh)
    i.rt_mbx_wait                            0x00006838   Section        0  rt_mailbox.o(i.rt_mbx_wait)
    i.rt_ms2tick                             0x000068ec   Section        0  rt_cmsis.o(i.rt_ms2tick)
    rt_ms2tick                               0x000068ed   Thumb Code    58  rt_cmsis.o(i.rt_ms2tick)
    i.rt_mut_release                         0x00006930   Section        0  rt_mutex.o(i.rt_mut_release)
    i.rt_mut_wait                            0x00006a08   Section        0  rt_mutex.o(i.rt_mut_wait)
    i.rt_pop_req                             0x00006a80   Section        0  rt_system.o(i.rt_pop_req)
    i.rt_psh_req                             0x00006afc   Section        0  rt_system.o(i.rt_psh_req)
    i.rt_psq_enq                             0x00006b1c   Section        0  rt_list.o(i.rt_psq_enq)
    i.rt_put_dly                             0x00006b78   Section        0  rt_list.o(i.rt_put_dly)
    i.rt_put_prio                            0x00006bc0   Section        0  rt_list.o(i.rt_put_prio)
    i.rt_put_rdy_first                       0x00006bf8   Section        0  rt_list.o(i.rt_put_rdy_first)
    i.rt_resort_prio                         0x00006c0c   Section        0  rt_list.o(i.rt_resort_prio)
    i.rt_ret_val                             0x00006c40   Section        0  hal_cm.o(i.rt_ret_val)
    i.rt_ret_val2                            0x00006c46   Section        0  hal_cm.o(i.rt_ret_val2)
    i.rt_rmv_dly                             0x00006c4e   Section        0  rt_list.o(i.rt_rmv_dly)
    i.rt_rmv_list                            0x00006c78   Section        0  rt_list.o(i.rt_rmv_list)
    i.rt_sem_psh                             0x00006ca8   Section        0  rt_semaphore.o(i.rt_sem_psh)
    i.rt_stk_check                           0x00006cdc   Section        0  rt_system.o(i.rt_stk_check)
    i.rt_switch_req                          0x00006d00   Section        0  rt_task.o(i.rt_switch_req)
    i.rt_sys_init                            0x00006d28   Section        0  rt_task.o(i.rt_sys_init)
    i.rt_sys_start                           0x00006df4   Section        0  rt_task.o(i.rt_sys_start)
    i.rt_systick                             0x00006e6c   Section        0  rt_system.o(i.rt_systick)
    i.rt_tid2ptcb                            0x00006eac   Section        0  rt_cmsis.o(i.rt_tid2ptcb)
    rt_tid2ptcb                              0x00006ead   Thumb Code    18  rt_cmsis.o(i.rt_tid2ptcb)
    i.rt_timer_insert                        0x00006ec0   Section        0  rt_cmsis.o(i.rt_timer_insert)
    rt_timer_insert                          0x00006ec1   Thumb Code    48  rt_cmsis.o(i.rt_timer_insert)
    i.rt_tsk_create                          0x00006ef4   Section        0  rt_task.o(i.rt_tsk_create)
    i.rt_tsk_delete                          0x00006f7c   Section        0  rt_task.o(i.rt_tsk_delete)
    i.rt_tsk_prio                            0x000070f8   Section        0  rt_task.o(i.rt_tsk_prio)
    i.rt_tsk_self                            0x00007174   Section        0  rt_task.o(i.rt_tsk_self)
    i.spi_tran                               0x00007184   Section        0  glcd_mcb1700.o(i.spi_tran)
    spi_tran                                 0x00007185   Thumb Code    40  glcd_mcb1700.o(i.spi_tran)
    i.spi_tran_man                           0x000071b0   Section        0  glcd_mcb1700.o(i.spi_tran_man)
    spi_tran_man                             0x000071b1   Thumb Code   132  glcd_mcb1700.o(i.spi_tran_man)
    i.svcDelay                               0x00007238   Section        0  rt_cmsis.o(i.svcDelay)
    i.svcKernelInitialize                    0x0000724c   Section        0  rt_cmsis.o(i.svcKernelInitialize)
    i.svcKernelStart                         0x000072bc   Section        0  rt_cmsis.o(i.svcKernelStart)
    i.svcMessageCreate                       0x00007304   Section        0  rt_cmsis.o(i.svcMessageCreate)
    i.svcMessageGet                          0x00007328   Section        0  rt_cmsis.o(i.svcMessageGet)
    i.svcSignalSet                           0x00007362   Section        0  rt_cmsis.o(i.svcSignalSet)
    i.svcSignalWait                          0x00007388   Section        0  rt_cmsis.o(i.svcSignalWait)
    i.svcThreadCreate                        0x000073dc   Section        0  rt_cmsis.o(i.svcThreadCreate)
    i.svcThreadGetId                         0x00007448   Section        0  rt_cmsis.o(i.svcThreadGetId)
    i.svcThreadTerminate                     0x00007464   Section        0  rt_cmsis.o(i.svcThreadTerminate)
    i.svcTimerCall                           0x0000749c   Section        0  rt_cmsis.o(i.svcTimerCall)
    i.sysTimerTick                           0x000074b4   Section        0  rt_cmsis.o(i.sysTimerTick)
    i.wr_cmd                                 0x00007510   Section        0  glcd_mcb1700.o(i.wr_cmd)
    wr_cmd                                   0x00007511   Thumb Code    70  glcd_mcb1700.o(i.wr_cmd)
    i.wr_dat_only                            0x0000755c   Section        0  glcd_mcb1700.o(i.wr_dat_only)
    wr_dat_only                              0x0000755d   Thumb Code    46  glcd_mcb1700.o(i.wr_dat_only)
    i.wr_dat_start                           0x00007590   Section        0  glcd_mcb1700.o(i.wr_dat_start)
    wr_dat_start                             0x00007591   Thumb Code    20  glcd_mcb1700.o(i.wr_dat_start)
    i.wr_dat_stop                            0x000075a8   Section        0  glcd_mcb1700.o(i.wr_dat_stop)
    wr_dat_stop                              0x000075a9   Thumb Code    14  glcd_mcb1700.o(i.wr_dat_stop)
    i.wr_reg                                 0x000075bc   Section        0  glcd_mcb1700.o(i.wr_reg)
    wr_reg                                   0x000075bd   Thumb Code   140  glcd_mcb1700.o(i.wr_reg)
    .constdata                               0x0000764c   Section       16  main.o(.constdata)
    .constdata                               0x0000765c   Section     6304  glcd_fonts.o(.constdata)
    Font_6x8_h                               0x0000765c   Data         896  glcd_fonts.o(.constdata)
    Font_16x24_h                             0x000079dc   Data        5376  glcd_fonts.o(.constdata)
    .constdata                               0x00008efc   Section        8  glcd_mcb1700.o(.constdata)
    spi1_pins                                0x00008efc   Data           8  glcd_mcb1700.o(.constdata)
    .constdata                               0x00008f04   Section      104  rtx_conf_cm.o(.constdata)
    __tagsym$$used                           0x00008f20   Number         0  rtx_conf_cm.o(.constdata)
    __tagsym$$used                           0x00008f24   Number         0  rtx_conf_cm.o(.constdata)
    __tagsym$$used                           0x00008f28   Number         0  rtx_conf_cm.o(.constdata)
    __tagsym$$used                           0x00008f2c   Number         0  rtx_conf_cm.o(.constdata)
    .constdata                               0x00008f6c   Section       84  can_lpc17xx.o(.constdata)
    can_driver_version                       0x00008f6c   Data           4  can_lpc17xx.o(.constdata)
    can_driver_capabilities                  0x00008f70   Data           4  can_lpc17xx.o(.constdata)
    can_object_capabilities_rx               0x00008f74   Data           4  can_lpc17xx.o(.constdata)
    can_object_capabilities_tx               0x00008f78   Data           4  can_lpc17xx.o(.constdata)
    ptr_CANx                                 0x00008f7c   Data           8  can_lpc17xx.o(.constdata)
    .constdata                               0x00008fc0   Section      100  i2c_lpc17xx.o(.constdata)
    DriverVersion                            0x00008fc0   Data           4  i2c_lpc17xx.o(.constdata)
    DriverCapabilities                       0x00008fc4   Data           4  i2c_lpc17xx.o(.constdata)
    I2C1_Resources                           0x00008fc8   Data          44  i2c_lpc17xx.o(.constdata)
    .constdata                               0x00009024   Section      468  uart_lpc17xx.o(.constdata)
    usart_driver_version                     0x00009024   Data           4  uart_lpc17xx.o(.constdata)
    fract_div_lookup_table                   0x00009028   Data         288  uart_lpc17xx.o(.constdata)
    USART1_pin_tx                            0x00009148   Data           2  uart_lpc17xx.o(.constdata)
    USART1_pin_rx                            0x0000914a   Data           2  uart_lpc17xx.o(.constdata)
    USART1_DMA_Tx                            0x0000914c   Data           8  uart_lpc17xx.o(.constdata)
    USART1_DMA_Rx                            0x00009154   Data           8  uart_lpc17xx.o(.constdata)
    USART1_Resources                         0x0000915c   Data         100  uart_lpc17xx.o(.constdata)
    .constdata                               0x000091f8   Section      132  ssp_lpc17xx.o(.constdata)
    DriverVersion                            0x000091f8   Data           4  ssp_lpc17xx.o(.constdata)
    DriverCapabilities                       0x000091fc   Data           4  ssp_lpc17xx.o(.constdata)
    SSP1_pin_sck                             0x00009200   Data           2  ssp_lpc17xx.o(.constdata)
    SSP1_pin_miso                            0x00009202   Data           2  ssp_lpc17xx.o(.constdata)
    SSP1_pin_mosi                            0x00009204   Data           2  ssp_lpc17xx.o(.constdata)
    SSP1_pin_ssel                            0x00009206   Data           2  ssp_lpc17xx.o(.constdata)
    SSP1_Resources                           0x00009208   Data          72  ssp_lpc17xx.o(.constdata)
    .data                                    0x10000000   Section       12  main.o(.data)
    .data                                    0x1000000c   Section        9  glcd_mcb1700.o(.data)
    foreground_color                         0x1000000c   Data           2  glcd_mcb1700.o(.data)
    background_color                         0x1000000e   Data           2  glcd_mcb1700.o(.data)
    active_font                              0x10000010   Data           4  glcd_mcb1700.o(.data)
    Himax                                    0x10000014   Data           1  glcd_mcb1700.o(.data)
    .data                                    0x10000018   Section       20  rtx_conf_cm.o(.data)
    nr_mutex                                 0x10000028   Data           4  rtx_conf_cm.o(.data)
    .data                                    0x1000002c   Section       20  can_lpc17xx.o(.data)
    can_driver_powered                       0x1000002c   Data           1  can_lpc17xx.o(.data)
    can_driver_initialized                   0x1000002d   Data           1  can_lpc17xx.o(.data)
    can_obj_tx_alloc                         0x1000002e   Data           3  can_lpc17xx.o(.data)
    can_obj_tx_alloc_lock                    0x10000031   Data           1  can_lpc17xx.o(.data)
    can_no_retransmission                    0x10000032   Data           1  can_lpc17xx.o(.data)
    can_loopback                             0x10000033   Data           1  can_lpc17xx.o(.data)
    can_obj_cfg_msk                          0x10000034   Data           1  can_lpc17xx.o(.data)
    can_unit_state                           0x10000035   Data           1  can_lpc17xx.o(.data)
    can_last_error_code                      0x10000036   Data           1  can_lpc17xx.o(.data)
    CAN_SignalUnitEvent                      0x10000038   Data           4  can_lpc17xx.o(.data)
    CAN_SignalObjectEvent                    0x1000003c   Data           4  can_lpc17xx.o(.data)
    .data                                    0x10000040   Section        4  i2c_lpc17xx.o(.data)
    I2C1_PIN                                 0x10000040   Data           4  i2c_lpc17xx.o(.data)
    .data                                    0x10000044   Section        8  ssp_lpc17xx.o(.data)
    dummy_data                               0x10000044   Data           4  ssp_lpc17xx.o(.data)
    dummy_data                               0x10000048   Data           4  ssp_lpc17xx.o(.data)
    .data                                    0x1000004c   Section        8  gpdma_lpc17xx.o(.data)
    Channel_active                           0x1000004c   Data           4  gpdma_lpc17xx.o(.data)
    Init_cnt                                 0x10000050   Data           4  gpdma_lpc17xx.o(.data)
    .data                                    0x10000054   Section        4  system_lpc17xx.o(.data)
    .data                                    0x10000058   Section        8  rt_cmsis.o(.data)
    .data                                    0x10000060   Section        8  rt_task.o(.data)
    .data                                    0x10000068   Section        8  rt_system.o(.data)
    os_lock                                  0x10000068   Data           1  rt_system.o(.data)
    os_psh_flag                              0x10000069   Data           1  rt_system.o(.data)
    pend_flags                               0x1000006a   Data           1  rt_system.o(.data)
    .data                                    0x10000070   Section        4  rt_time.o(.data)
    .data                                    0x10000074   Section        8  rt_robin.o(.data)
    .data                                    0x1000007c   Section        1  hal_cm.o(.data)
    .bss                                     0x10000080   Section    15616  rtx_conf_cm.o(.bss)
    std_libspace                             0x10003a60   Data         672  rtx_conf_cm.o(.bss)
    std_libmutex                             0x10003d00   Data         128  rtx_conf_cm.o(.bss)
    .bss                                     0x10003d80   Section       36  i2c_lpc17xx.o(.bss)
    I2C1_Ctrl                                0x10003d80   Data          36  i2c_lpc17xx.o(.bss)
    .bss                                     0x10003da4   Section       52  uart_lpc17xx.o(.bss)
    USART1_Info                              0x10003da4   Data          52  uart_lpc17xx.o(.bss)
    .bss                                     0x10003dd8   Section       44  ssp_lpc17xx.o(.bss)
    SSP1_Info                                0x10003dd8   Data          16  ssp_lpc17xx.o(.bss)
    SSP1_Xfer                                0x10003de8   Data          28  ssp_lpc17xx.o(.bss)
    .bss                                     0x10003e04   Section      160  gpdma_lpc17xx.o(.bss)
    Channel_info                             0x10003e04   Data         160  gpdma_lpc17xx.o(.bss)
    .bss                                     0x10003ea4   Section       52  rt_task.o(.bss)
    .bss                                     0x10003ed8   Section       48  rt_list.o(.bss)
    .bss                                     0x10003f08   Section       96  libspace.o(.bss)
    HEAP                                     0x10003f68   Section        0  startup_lpc17xx.o(HEAP)
    STACK                                    0x10003f68   Section      512  startup_lpc17xx.o(STACK)
    Heap_Mem                                 0x10003f68   Data           0  startup_lpc17xx.o(HEAP)
    Stack_Mem                                0x10003f68   Data         512  startup_lpc17xx.o(STACK)
    __initial_sp                             0x10004168   Data           0  startup_lpc17xx.o(STACK)

    Global Symbols

    Symbol Name                              Value     Ov Type        Size  Object(Section)

    BuildAttributes$$THM_ISAv4$P$D$K$B$S$PE$A:L22UL41UL21$X:L11$S22US41US21$IEEE1$IW$USESV6$~STKCKD$USESV7$~SHL$OSPACE$ROPI$EBA8$UX$STANDARDLIB$REQ8$PRES8$EABIv2 0x00000000   Number         0  anon$$obj.o ABSOLUTE
    __ARM_use_no_argv                        0x00000000   Number         0  main.o ABSOLUTE
    __Vectors                                0x00000000   Data           4  startup_lpc17xx.o(RESET)
    __ARM_exceptions_init                     - Undefined Weak Reference
    __alloca_initialize                       - Undefined Weak Reference
    __arm_preinit_                            - Undefined Weak Reference
    __cpp_initialize__aeabi_                  - Undefined Weak Reference
    __cxa_finalize                            - Undefined Weak Reference
    __rt_locale                               - Undefined Weak Reference
    __sigvec_lookup                           - Undefined Weak Reference
    _atexit_init                              - Undefined Weak Reference
    _call_atexit_fns                          - Undefined Weak Reference
    _clock_init                               - Undefined Weak Reference
    _fp_trap_init                             - Undefined Weak Reference
    _fp_trap_shutdown                         - Undefined Weak Reference
    _get_lc_collate                           - Undefined Weak Reference
    _get_lc_ctype                             - Undefined Weak Reference
    _get_lc_monetary                          - Undefined Weak Reference
    _get_lc_numeric                           - Undefined Weak Reference
    _get_lc_time                              - Undefined Weak Reference
    _getenv_init                              - Undefined Weak Reference
    _handle_redirection                       - Undefined Weak Reference
    _init_alloc                               - Undefined Weak Reference
    _init_user_alloc                          - Undefined Weak Reference
    _initio                                   - Undefined Weak Reference
    _rand_init                                - Undefined Weak Reference
    _signal_finish                            - Undefined Weak Reference
    _signal_init                              - Undefined Weak Reference
    _terminate_alloc                          - Undefined Weak Reference
    _terminate_user_alloc                     - Undefined Weak Reference
    _terminateio                              - Undefined Weak Reference
    __main                                   0x000000cd   Thumb Code     8  __main.o(!!!main)
    __scatterload                            0x000000d5   Thumb Code     0  __scatter.o(!!!scatter)
    __scatterload_rt2                        0x000000d5   Thumb Code    44  __scatter.o(!!!scatter)
    __scatterload_rt2_thumb_only             0x000000d5   Thumb Code     0  __scatter.o(!!!scatter)
    __scatterload_null                       0x000000e3   Thumb Code     0  __scatter.o(!!!scatter)
    __scatterload_copy                       0x00000109   Thumb Code    26  __scatter_copy.o(!!handler_copy)
    __scatterload_zeroinit                   0x00000125   Thumb Code    28  __scatter_zi.o(!!handler_zi)
    __rt_lib_init                            0x00000141   Thumb Code     0  libinit.o(.ARM.Collect$$libinit$$00000000)
    __rt_lib_init_alloca_1                   0x00000143   Thumb Code     0  libinit2.o(.ARM.Collect$$libinit$$0000002E)
    __rt_lib_init_argv_1                     0x00000143   Thumb Code     0  libinit2.o(.ARM.Collect$$libinit$$0000002C)
    __rt_lib_init_atexit_1                   0x00000143   Thumb Code     0  libinit2.o(.ARM.Collect$$libinit$$0000001B)
    __rt_lib_init_clock_1                    0x00000143   Thumb Code     0  libinit2.o(.ARM.Collect$$libinit$$00000021)
    __rt_lib_init_cpp_1                      0x00000143   Thumb Code     0  libinit2.o(.ARM.Collect$$libinit$$00000032)
    __rt_lib_init_exceptions_1               0x00000143   Thumb Code     0  libinit2.o(.ARM.Collect$$libinit$$00000030)
    __rt_lib_init_fp_1                       0x00000143   Thumb Code     0  libinit2.o(.ARM.Collect$$libinit$$00000002)
    __rt_lib_init_fp_trap_1                  0x00000143   Thumb Code     0  libinit2.o(.ARM.Collect$$libinit$$0000001F)
    __rt_lib_init_getenv_1                   0x00000143   Thumb Code     0  libinit2.o(.ARM.Collect$$libinit$$00000023)
    __rt_lib_init_heap_1                     0x00000143   Thumb Code     0  libinit2.o(.ARM.Collect$$libinit$$0000000A)
    __rt_lib_init_lc_collate_1               0x00000143   Thumb Code     0  libinit2.o(.ARM.Collect$$libinit$$00000011)
    __rt_lib_init_lc_ctype_1                 0x00000143   Thumb Code     0  libinit2.o(.ARM.Collect$$libinit$$00000013)
    __rt_lib_init_lc_monetary_1              0x00000143   Thumb Code     0  libinit2.o(.ARM.Collect$$libinit$$00000015)
    __rt_lib_init_lc_numeric_1               0x00000143   Thumb Code     0  libinit2.o(.ARM.Collect$$libinit$$00000017)
    __rt_lib_init_lc_time_1                  0x00000143   Thumb Code     0  libinit2.o(.ARM.Collect$$libinit$$00000019)
    __rt_lib_init_preinit_1                  0x00000143   Thumb Code     0  libinit2.o(.ARM.Collect$$libinit$$00000004)
    __rt_lib_init_rand_1                     0x00000143   Thumb Code     0  libinit2.o(.ARM.Collect$$libinit$$0000000E)
    __rt_lib_init_return                     0x00000143   Thumb Code     0  libinit2.o(.ARM.Collect$$libinit$$00000033)
    __rt_lib_init_signal_1                   0x00000143   Thumb Code     0  libinit2.o(.ARM.Collect$$libinit$$0000001D)
    __rt_lib_init_stdio_1                    0x00000143   Thumb Code     0  libinit2.o(.ARM.Collect$$libinit$$00000025)
    __rt_lib_init_user_alloc_1               0x00000143   Thumb Code     0  libinit2.o(.ARM.Collect$$libinit$$0000000C)
    __rt_lib_shutdown                        0x00000145   Thumb Code     0  libshutdown.o(.ARM.Collect$$libshutdown$$00000000)
    __rt_lib_shutdown_cpp_1                  0x00000147   Thumb Code     0  libshutdown2.o(.ARM.Collect$$libshutdown$$00000002)
    __rt_lib_shutdown_fp_trap_1              0x00000147   Thumb Code     0  libshutdown2.o(.ARM.Collect$$libshutdown$$00000007)
    __rt_lib_shutdown_heap_1                 0x00000147   Thumb Code     0  libshutdown2.o(.ARM.Collect$$libshutdown$$0000000F)
    __rt_lib_shutdown_return                 0x00000147   Thumb Code     0  libshutdown2.o(.ARM.Collect$$libshutdown$$00000010)
    __rt_lib_shutdown_signal_1               0x00000147   Thumb Code     0  libshutdown2.o(.ARM.Collect$$libshutdown$$0000000A)
    __rt_lib_shutdown_stdio_1                0x00000147   Thumb Code     0  libshutdown2.o(.ARM.Collect$$libshutdown$$00000004)
    __rt_lib_shutdown_user_alloc_1           0x00000147   Thumb Code     0  libshutdown2.o(.ARM.Collect$$libshutdown$$0000000C)
    __rt_entry                               0x00000149   Thumb Code     0  __rtentry.o(.ARM.Collect$$rtentry$$00000000)
    __rt_entry_presh_1                       0x00000149   Thumb Code     0  __rtentry2.o(.ARM.Collect$$rtentry$$00000002)
    __rt_entry_sh                            0x00000149   Thumb Code     0  __rtentry4.o(.ARM.Collect$$rtentry$$00000004)
    __rt_entry_li                            0x0000014f   Thumb Code     0  __rtentry2.o(.ARM.Collect$$rtentry$$0000000A)
    __rt_entry_postsh_1                      0x0000014f   Thumb Code     0  __rtentry2.o(.ARM.Collect$$rtentry$$00000009)
    __rt_entry_postli_1                      0x00000153   Thumb Code     0  __rtentry2.o(.ARM.Collect$$rtentry$$0000000B)
    __rt_entry_main                          0x0000015b   Thumb Code     0  __rtentry2.o(.ARM.Collect$$rtentry$$0000000D)
    __rt_exit                                0x00000163   Thumb Code     0  rtexit.o(.ARM.Collect$$rtexit$$00000000)
    __rt_exit_ls                             0x00000165   Thumb Code     0  rtexit2.o(.ARM.Collect$$rtexit$$00000003)
    __rt_exit_prels_1                        0x00000165   Thumb Code     0  rtexit2.o(.ARM.Collect$$rtexit$$00000002)
    __rt_exit_exit                           0x00000169   Thumb Code     0  rtexit2.o(.ARM.Collect$$rtexit$$00000004)
    _platform_post_lib_init                  0x00000171   Thumb Code    24  rtx_conf_cm.o(.emb_text)
    rt_set_PSP                               0x0000018d   Thumb Code     6  hal_cm3.o(.emb_text)
    rt_get_PSP                               0x00000193   Thumb Code     6  hal_cm3.o(.emb_text)
    os_set_env                               0x00000199   Thumb Code    24  hal_cm3.o(.emb_text)
    _alloc_box                               0x000001b5   Thumb Code    28  hal_cm3.o(.emb_text)
    _free_box                                0x000001d5   Thumb Code    28  hal_cm3.o(.emb_text)
    SVC_Handler                              0x000001f5   Thumb Code   108  hal_cm3.o(.emb_text)
    PendSV_Handler                           0x0000026d   Thumb Code    56  hal_cm3.o(.emb_text)
    SysTick_Handler                          0x000002a9   Thumb Code     8  hal_cm3.o(.emb_text)
    OS_Tick_Handler                          0x000002b1   Thumb Code    12  hal_cm3.o(.emb_text)
    Reset_Handler                            0x000002bd   Thumb Code     8  startup_lpc17xx.o(.text)
    NMI_Handler                              0x000002c5   Thumb Code     2  startup_lpc17xx.o(.text)
    HardFault_Handler                        0x000002c7   Thumb Code     2  startup_lpc17xx.o(.text)
    MemManage_Handler                        0x000002c9   Thumb Code     2  startup_lpc17xx.o(.text)
    BusFault_Handler                         0x000002cb   Thumb Code     2  startup_lpc17xx.o(.text)
    UsageFault_Handler                       0x000002cd   Thumb Code     2  startup_lpc17xx.o(.text)
    DebugMon_Handler                         0x000002d1   Thumb Code     2  startup_lpc17xx.o(.text)
    ADC_IRQHandler                           0x000002d7   Thumb Code     0  startup_lpc17xx.o(.text)
    BOD_IRQHandler                           0x000002d7   Thumb Code     0  startup_lpc17xx.o(.text)
    CANActivity_IRQHandler                   0x000002d7   Thumb Code     0  startup_lpc17xx.o(.text)
    EINT0_IRQHandler                         0x000002d7   Thumb Code     0  startup_lpc17xx.o(.text)
    EINT1_IRQHandler                         0x000002d7   Thumb Code     0  startup_lpc17xx.o(.text)
    EINT2_IRQHandler                         0x000002d7   Thumb Code     0  startup_lpc17xx.o(.text)
    EINT3_IRQHandler                         0x000002d7   Thumb Code     0  startup_lpc17xx.o(.text)
    ENET_IRQHandler                          0x000002d7   Thumb Code     0  startup_lpc17xx.o(.text)
    I2C0_IRQHandler                          0x000002d7   Thumb Code     0  startup_lpc17xx.o(.text)
    I2C2_IRQHandler                          0x000002d7   Thumb Code     0  startup_lpc17xx.o(.text)
    I2S_IRQHandler                           0x000002d7   Thumb Code     0  startup_lpc17xx.o(.text)
    MCPWM_IRQHandler                         0x000002d7   Thumb Code     0  startup_lpc17xx.o(.text)
    PLL0_IRQHandler                          0x000002d7   Thumb Code     0  startup_lpc17xx.o(.text)
    PLL1_IRQHandler                          0x000002d7   Thumb Code     0  startup_lpc17xx.o(.text)
    PWM1_IRQHandler                          0x000002d7   Thumb Code     0  startup_lpc17xx.o(.text)
    QEI_IRQHandler                           0x000002d7   Thumb Code     0  startup_lpc17xx.o(.text)
    RIT_IRQHandler                           0x000002d7   Thumb Code     0  startup_lpc17xx.o(.text)
    RTC_IRQHandler                           0x000002d7   Thumb Code     0  startup_lpc17xx.o(.text)
    SPI_IRQHandler                           0x000002d7   Thumb Code     0  startup_lpc17xx.o(.text)
    SSP0_IRQHandler                          0x000002d7   Thumb Code     0  startup_lpc17xx.o(.text)
    TIMER0_IRQHandler                        0x000002d7   Thumb Code     0  startup_lpc17xx.o(.text)
    TIMER1_IRQHandler                        0x000002d7   Thumb Code     0  startup_lpc17xx.o(.text)
    TIMER2_IRQHandler                        0x000002d7   Thumb Code     0  startup_lpc17xx.o(.text)
    TIMER3_IRQHandler                        0x000002d7   Thumb Code     0  startup_lpc17xx.o(.text)
    UART0_IRQHandler                         0x000002d7   Thumb Code     0  startup_lpc17xx.o(.text)
    UART2_IRQHandler                         0x000002d7   Thumb Code     0  startup_lpc17xx.o(.text)
    UART3_IRQHandler                         0x000002d7   Thumb Code     0  startup_lpc17xx.o(.text)
    USBActivity_IRQHandler                   0x000002d7   Thumb Code     0  startup_lpc17xx.o(.text)
    USB_IRQHandler                           0x000002d7   Thumb Code     0  startup_lpc17xx.o(.text)
    WDT_IRQHandler                           0x000002d7   Thumb Code     0  startup_lpc17xx.o(.text)
    __user_initial_stackheap                 0x000002d9   Thumb Code     0  startup_lpc17xx.o(.text)
    __I$use$semihosting                      0x000002f9   Thumb Code     0  use_no_semi.o(.text)
    __use_no_semihosting_swi                 0x000002f9   Thumb Code     2  use_no_semi.o(.text)
    __semihosting_library_function           0x000002fb   Thumb Code     0  indicate_semi.o(.text)
    os_tick_irqack                           0x000002fb   Thumb Code     2  rt_system.o(i.os_tick_irqack)
    __user_libspace                          0x00000301   Thumb Code     8  libspace.o(.text)
    __user_perproc_libspace                  0x00000301   Thumb Code     0  libspace.o(.text)
    __aeabi_uldivmod                         0x00000309   Thumb Code     0  lludivv7m.o(.text)
    _ll_udiv                                 0x00000309   Thumb Code   238  lludivv7m.o(.text)
    exit                                     0x000003f7   Thumb Code    18  exit.o(.text)
    __aeabi_memcpy                           0x00000409   Thumb Code     0  rt_memcpy_v6.o(.text)
    __rt_memcpy                              0x00000409   Thumb Code   138  rt_memcpy_v6.o(.text)
    _memcpy_lastbytes                        0x0000046f   Thumb Code     0  rt_memcpy_v6.o(.text)
    __RL_RTX_VER                             0x00000482   Number         0  rt_system.o ABSOLUTE
    __aeabi_memclr4                          0x00000493   Thumb Code     0  rt_memclr_w.o(.text)
    __aeabi_memclr8                          0x00000493   Thumb Code     0  rt_memclr_w.o(.text)
    __rt_memclr_w                            0x00000493   Thumb Code    78  rt_memclr_w.o(.text)
    _memset_w                                0x00000497   Thumb Code     0  rt_memclr_w.o(.text)
    __use_two_region_memory                  0x000004e1   Thumb Code     2  heapauxi.o(.text)
    __rt_heap_escrow$2region                 0x000004e3   Thumb Code     2  heapauxi.o(.text)
    __rt_heap_expand$2region                 0x000004e5   Thumb Code     2  heapauxi.o(.text)
    __aeabi_memcpy4                          0x000004e7   Thumb Code     0  rt_memcpy_w.o(.text)
    __aeabi_memcpy8                          0x000004e7   Thumb Code     0  rt_memcpy_w.o(.text)
    __rt_memcpy_w                            0x000004e7   Thumb Code   100  rt_memcpy_w.o(.text)
    _memcpy_lastbytes_aligned                0x0000052f   Thumb Code     0  rt_memcpy_w.o(.text)
    _sys_exit                                0x0000054d   Thumb Code     8  sys_exit.o(.text)
    __user_setup_stackheap                   0x00000559   Thumb Code    74  sys_stackheap_outer.o(.text)
    SVC_Count                                0x000005a4   Data           4  svc_table.o(SVC_TABLE)
    SVC_Table                                0x000005a8   Data           0  svc_table.o(SVC_TABLE)
    CAN_IRQHandler                           0x000006b1   Thumb Code   448  can_lpc17xx.o(i.CAN_IRQHandler)
    DMA_IRQHandler                           0x00001bcd   Thumb Code   372  gpdma_lpc17xx.o(i.DMA_IRQHandler)
    GLCD_ClearScreen                         0x00001d4d   Thumb Code    54  glcd_mcb1700.o(i.GLCD_ClearScreen)
    GLCD_DrawChar                            0x00001d89   Thumb Code   194  glcd_mcb1700.o(i.GLCD_DrawChar)
    GLCD_DrawString                          0x00001e59   Thumb Code    38  glcd_mcb1700.o(i.GLCD_DrawString)
    GLCD_Initialize                          0x00001e85   Thumb Code  1534  glcd_mcb1700.o(i.GLCD_Initialize)
    GLCD_SetBackgroundColor                  0x00002485   Thumb Code    10  glcd_mcb1700.o(i.GLCD_SetBackgroundColor)
    GLCD_SetFont                             0x00002495   Thumb Code    10  glcd_mcb1700.o(i.GLCD_SetFont)
    GLCD_SetForegroundColor                  0x000024a5   Thumb Code    10  glcd_mcb1700.o(i.GLCD_SetForegroundColor)
    GPDMA_ChannelConfigure                   0x00002555   Thumb Code   232  gpdma_lpc17xx.o(i.GPDMA_ChannelConfigure)
    GPDMA_ChannelDisable                     0x00002649   Thumb Code    44  gpdma_lpc17xx.o(i.GPDMA_ChannelDisable)
    GPDMA_ChannelGetCount                    0x00002679   Thumb Code    38  gpdma_lpc17xx.o(i.GPDMA_ChannelGetCount)
    GPDMA_Initialize                         0x000026a9   Thumb Code   154  gpdma_lpc17xx.o(i.GPDMA_Initialize)
    GPDMA_PeripheralSelect                   0x00002759   Thumb Code    62  gpdma_lpc17xx.o(i.GPDMA_PeripheralSelect)
    GPDMA_Uninitialize                       0x0000279d   Thumb Code   116  gpdma_lpc17xx.o(i.GPDMA_Uninitialize)
    GPIO_PinRead                             0x0000281d   Thumb Code    28  gpio_lpc17xx.o(i.GPIO_PinRead)
    GPIO_PinWrite                            0x0000283d   Thumb Code    36  gpio_lpc17xx.o(i.GPIO_PinWrite)
    GPIO_PortClock                           0x00002865   Thumb Code    38  gpio_lpc17xx.o(i.GPIO_PortClock)
    GPIO_SetDir                              0x00002891   Thumb Code    52  gpio_lpc17xx.o(i.GPIO_SetDir)
    I2C1_IRQHandler                          0x000029cd   Thumb Code    10  i2c_lpc17xx.o(i.I2C1_IRQHandler)
    Init_UART                                0x00003465   Thumb Code    52  main.o(i.Init_UART)
    PIN_Configure                            0x000034a1   Thumb Code   246  pin_lpc17xx.o(i.PIN_Configure)
    PIN_ConfigureI2C0Pins                    0x0000359d   Thumb Code    28  pin_lpc17xx.o(i.PIN_ConfigureI2C0Pins)
    Receive_UART                             0x000035bd   Thumb Code   102  main.o(i.Receive_UART)
    SSP1_GPDMA_Rx_SignalEvent                0x00003651   Thumb Code    14  ssp_lpc17xx.o(i.SSP1_GPDMA_Rx_SignalEvent)
    SSP1_GPDMA_Tx_SignalEvent                0x00003665   Thumb Code    14  ssp_lpc17xx.o(i.SSP1_GPDMA_Tx_SignalEvent)
    SSP1_IRQHandler                          0x00003699   Thumb Code    10  ssp_lpc17xx.o(i.SSP1_IRQHandler)
    SSPx_GPDMA_Rx_SignalEvent                0x00003c67   Thumb Code    54  ssp_lpc17xx.o(i.SSPx_GPDMA_Rx_SignalEvent)
    SSPx_GPDMA_Tx_SignalEvent                0x00003c9d   Thumb Code    28  ssp_lpc17xx.o(i.SSPx_GPDMA_Tx_SignalEvent)
    SystemInit                               0x00004571   Thumb Code   302  system_lpc17xx.o(i.SystemInit)
    UART1_IRQHandler                         0x000046b1   Thumb Code    10  uart_lpc17xx.o(i.UART1_IRQHandler)
    UART_Callback                            0x000046c1   Thumb Code    22  main.o(i.UART_Callback)
    USART1_GPDMA_Rx_Event                    0x000046f5   Thumb Code    14  uart_lpc17xx.o(i.USART1_GPDMA_Rx_Event)
    USART1_GPDMA_Tx_Event                    0x00004709   Thumb Code    14  uart_lpc17xx.o(i.USART1_GPDMA_Tx_Event)
    USART_SetBaudrate                        0x00005a15   Thumb Code   314  uart_lpc17xx.o(i.USART_SetBaudrate)
    _init_box                                0x00005e2f   Thumb Code    70  rt_membox.o(i._init_box)
    _mutex_acquire                           0x00005e75   Thumb Code    22  rtx_conf_cm.o(i._mutex_acquire)
    _mutex_release                           0x00005e95   Thumb Code    18  rtx_conf_cm.o(i._mutex_release)
    dbg_init                                 0x00005eb1   Thumb Code    34  hal_cm.o(i.dbg_init)
    dbg_task_notify                          0x00005ee1   Thumb Code    32  hal_cm.o(i.dbg_task_notify)
    dbg_task_switch                          0x00005f01   Thumb Code    16  hal_cm.o(i.dbg_task_switch)
    isrMessageGet                            0x00005f41   Thumb Code    42  rt_cmsis.o(i.isrMessageGet)
    isrMessagePut                            0x00005f6b   Thumb Code    44  rt_cmsis.o(i.isrMessagePut)
    isrSignalSet                             0x00005f97   Thumb Code    36  rt_cmsis.o(i.isrSignalSet)
    isr_evt_set                              0x00005fbd   Thumb Code    34  rt_event.o(i.isr_evt_set)
    isr_mbx_receive                          0x00005fe5   Thumb Code    86  rt_mailbox.o(i.isr_mbx_receive)
    isr_mbx_send                             0x0000603b   Thumb Code    14  rt_mailbox.o(i.isr_mbx_send)
    main                                     0x00006049   Thumb Code    74  main.o(i.main)
    osDelay                                  0x000060a5   Thumb Code    18  rt_cmsis.o(i.osDelay)
    osKernelInitialize                       0x000060bd   Thumb Code    30  rt_cmsis.o(i.osKernelInitialize)
    osKernelStart                            0x000060e1   Thumb Code    98  rt_cmsis.o(i.osKernelStart)
    osMessageGet                             0x0000614d   Thumb Code    18  rt_cmsis.o(i.osMessageGet)
    osSignalSet                              0x00006165   Thumb Code    18  rt_cmsis.o(i.osSignalSet)
    osSignalWait                             0x0000617d   Thumb Code    18  rt_cmsis.o(i.osSignalWait)
    osThreadCreate                           0x00006195   Thumb Code    36  rt_cmsis.o(i.osThreadCreate)
    osThreadExit                             0x000061c1   Thumb Code    14  rt_cmsis.o(i.osThreadExit)
    osTimerCall                              0x000061d9   Thumb Code     8  rt_cmsis.o(i.osTimerCall)
    osTimerThread                            0x000061e5   Thumb Code    38  rt_cmsis.o(i.osTimerThread)
    os_error                                 0x00006211   Thumb Code    34  rtx_conf_cm.o(i.os_error)
    os_idle_demon                            0x00006233   Thumb Code     4  rtx_conf_cm.o(i.os_idle_demon)
    os_tick_init                             0x00006239   Thumb Code    32  rt_system.o(i.os_tick_init)
    rt_alloc_box                             0x00006329   Thumb Code    26  rt_membox.o(i.rt_alloc_box)
    rt_alloc_mem                             0x00006343   Thumb Code    62  rt_memory.o(i.rt_alloc_mem)
    rt_block                                 0x00006381   Thumb Code    48  rt_task.o(i.rt_block)
    rt_chk_robin                             0x000063b9   Thumb Code    60  rt_robin.o(i.rt_chk_robin)
    rt_dec_dly                               0x00006401   Thumb Code   102  rt_list.o(i.rt_dec_dly)
    rt_dispatch                              0x00006471   Thumb Code    60  rt_task.o(i.rt_dispatch)
    rt_dly_wait                              0x000064b5   Thumb Code     6  rt_time.o(i.rt_dly_wait)
    rt_evt_psh                               0x000064bd   Thumb Code    76  rt_event.o(i.rt_evt_psh)
    rt_evt_set                               0x0000650d   Thumb Code    88  rt_event.o(i.rt_evt_set)
    rt_evt_wait                              0x00006569   Thumb Code    56  rt_event.o(i.rt_evt_wait)
    rt_free_box                              0x000065a5   Thumb Code    44  rt_membox.o(i.rt_free_box)
    rt_free_mem                              0x000065d1   Thumb Code    40  rt_memory.o(i.rt_free_mem)
    rt_get_first                             0x000065f9   Thumb Code    40  rt_list.o(i.rt_get_first)
    rt_init_mem                              0x00006671   Thumb Code    26  rt_memory.o(i.rt_init_mem)
    rt_init_robin                            0x0000668d   Thumb Code    14  rt_robin.o(i.rt_init_robin)
    rt_init_stack                            0x000066a5   Thumb Code   118  hal_cm.o(i.rt_init_stack)
    rt_mbx_check                             0x00006725   Thumb Code     8  rt_mailbox.o(i.rt_mbx_check)
    rt_mbx_init                              0x0000672d   Thumb Code    26  rt_mailbox.o(i.rt_mbx_init)
    rt_mbx_psh                               0x00006749   Thumb Code   236  rt_mailbox.o(i.rt_mbx_psh)
    rt_mbx_wait                              0x00006839   Thumb Code   174  rt_mailbox.o(i.rt_mbx_wait)
    rt_mut_release                           0x00006931   Thumb Code   208  rt_mutex.o(i.rt_mut_release)
    rt_mut_wait                              0x00006a09   Thumb Code   114  rt_mutex.o(i.rt_mut_wait)
    rt_pop_req                               0x00006a81   Thumb Code   112  rt_system.o(i.rt_pop_req)
    rt_psh_req                               0x00006afd   Thumb Code    22  rt_system.o(i.rt_psh_req)
    rt_psq_enq                               0x00006b1d   Thumb Code    88  rt_list.o(i.rt_psq_enq)
    rt_put_dly                               0x00006b79   Thumb Code    68  rt_list.o(i.rt_put_dly)
    rt_put_prio                              0x00006bc1   Thumb Code    54  rt_list.o(i.rt_put_prio)
    rt_put_rdy_first                         0x00006bf9   Thumb Code    14  rt_list.o(i.rt_put_rdy_first)
    rt_resort_prio                           0x00006c0d   Thumb Code    46  rt_list.o(i.rt_resort_prio)
    rt_ret_val                               0x00006c41   Thumb Code     6  hal_cm.o(i.rt_ret_val)
    rt_ret_val2                              0x00006c47   Thumb Code     8  hal_cm.o(i.rt_ret_val2)
    rt_rmv_dly                               0x00006c4f   Thumb Code    40  rt_list.o(i.rt_rmv_dly)
    rt_rmv_list                              0x00006c79   Thumb Code    44  rt_list.o(i.rt_rmv_list)
    rt_sem_psh                               0x00006ca9   Thumb Code    48  rt_semaphore.o(i.rt_sem_psh)
    rt_stk_check                             0x00006cdd   Thumb Code    28  rt_system.o(i.rt_stk_check)
    rt_switch_req                            0x00006d01   Thumb Code    30  rt_task.o(i.rt_switch_req)
    rt_sys_init                              0x00006d29   Thumb Code   138  rt_task.o(i.rt_sys_init)
    rt_sys_start                             0x00006df5   Thumb Code   110  rt_task.o(i.rt_sys_start)
    rt_systick                               0x00006e6d   Thumb Code    50  rt_system.o(i.rt_systick)
    rt_tsk_create                            0x00006ef5   Thumb Code   118  rt_task.o(i.rt_tsk_create)
    rt_tsk_delete                            0x00006f7d   Thumb Code   352  rt_task.o(i.rt_tsk_delete)
    rt_tsk_prio                              0x000070f9   Thumb Code   108  rt_task.o(i.rt_tsk_prio)
    rt_tsk_self                              0x00007175   Thumb Code    12  rt_task.o(i.rt_tsk_self)
    svcDelay                                 0x00007239   Thumb Code    18  rt_cmsis.o(i.svcDelay)
    svcKernelInitialize                      0x0000724d   Thumb Code    80  rt_cmsis.o(i.svcKernelInitialize)
    svcKernelStart                           0x000072bd   Thumb Code    62  rt_cmsis.o(i.svcKernelStart)
    svcMessageCreate                         0x00007305   Thumb Code    36  rt_cmsis.o(i.svcMessageCreate)
    svcMessageGet                            0x00007329   Thumb Code    58  rt_cmsis.o(i.svcMessageGet)
    svcSignalSet                             0x00007363   Thumb Code    36  rt_cmsis.o(i.svcSignalSet)
    svcSignalWait                            0x00007389   Thumb Code    80  rt_cmsis.o(i.svcSignalWait)
    svcThreadCreate                          0x000073dd   Thumb Code    96  rt_cmsis.o(i.svcThreadCreate)
    svcThreadGetId                           0x00007449   Thumb Code    22  rt_cmsis.o(i.svcThreadGetId)
    svcThreadTerminate                       0x00007465   Thumb Code    50  rt_cmsis.o(i.svcThreadTerminate)
    svcTimerCall                             0x0000749d   Thumb Code    24  rt_cmsis.o(i.svcTimerCall)
    sysTimerTick                             0x000074b5   Thumb Code    84  rt_cmsis.o(i.sysTimerTick)
    os_thread_def_Receive_UART               0x0000764c   Data          16  main.o(.constdata)
    GLCD_Font_6x8                            0x00008edc   Data          16  glcd_fonts.o(.constdata)
    GLCD_Font_16x24                          0x00008eec   Data          16  glcd_fonts.o(.constdata)
    os_maxtaskrun                            0x00008f04   Data           2  rtx_conf_cm.o(.constdata)
    os_stackinfo                             0x00008f08   Data           4  rtx_conf_cm.o(.constdata)
    os_rrobin                                0x00008f0c   Data           4  rtx_conf_cm.o(.constdata)
    os_tickfreq                              0x00008f10   Data           4  rtx_conf_cm.o(.constdata)
    os_tickus_i                              0x00008f14   Data           2  rtx_conf_cm.o(.constdata)
    os_tickus_f                              0x00008f16   Data           2  rtx_conf_cm.o(.constdata)
    os_trv                                   0x00008f18   Data           4  rtx_conf_cm.o(.constdata)
    os_flags                                 0x00008f1c   Data           1  rtx_conf_cm.o(.constdata)
    CMSIS_RTOS_API_Version                   0x00008f20   Data           4  rtx_conf_cm.o(.constdata)
    CMSIS_RTOS_RTX_Version                   0x00008f24   Data           4  rtx_conf_cm.o(.constdata)
    os_clockrate                             0x00008f28   Data           4  rtx_conf_cm.o(.constdata)
    os_timernum                              0x00008f2c   Data           4  rtx_conf_cm.o(.constdata)
    mp_tcb_size                              0x00008f30   Data           2  rtx_conf_cm.o(.constdata)
    mp_stk_size                              0x00008f34   Data           4  rtx_conf_cm.o(.constdata)
    os_stack_sz                              0x00008f38   Data           4  rtx_conf_cm.o(.constdata)
    os_fifo_size                             0x00008f3c   Data           1  rtx_conf_cm.o(.constdata)
    os_thread_def_osTimerThread              0x00008f40   Data          16  rtx_conf_cm.o(.constdata)
    os_messageQ_def_osTimerMessageQ          0x00008f50   Data           8  rtx_conf_cm.o(.constdata)
    mp_tmr_size                              0x00008f58   Data           2  rtx_conf_cm.o(.constdata)
    os_thread_def_main                       0x00008f5c   Data          16  rtx_conf_cm.o(.constdata)
    Driver_CAN1                              0x00008f84   Data          60  can_lpc17xx.o(.constdata)
    Driver_I2C1                              0x00008ff4   Data          48  i2c_lpc17xx.o(.constdata)
    Driver_USART1                            0x000091c0   Data          56  uart_lpc17xx.o(.constdata)
    Driver_SPI1                              0x00009250   Data          44  ssp_lpc17xx.o(.constdata)
    Region$$Table$$Base                      0x0000927c   Number         0  anon$$obj.o(Region$$Table)
    Region$$Table$$Limit                     0x0000929c   Number         0  anon$$obj.o(Region$$Table)
    a                                        0x10000000   Data           1  main.o(.data)
    C                                        0x10000001   Data           1  main.o(.data)
    Z                                        0x10000002   Data           1  main.o(.data)
    X                                        0x10000003   Data           1  main.o(.data)
    Y                                        0x10000004   Data           1  main.o(.data)
    ID_Receive                               0x10000008   Data           4  main.o(.data)
    osThreadId_osTimerThread                 0x10000018   Data           4  rtx_conf_cm.o(.data)
    osMessageQId_osTimerMessageQ             0x1000001c   Data           4  rtx_conf_cm.o(.data)
    os_tmr                                   0x10000020   Data           4  rtx_conf_cm.o(.data)
    m_tmr                                    0x10000024   Data           4  rtx_conf_cm.o(.data)
    SystemCoreClock                          0x10000054   Data           4  system_lpc17xx.o(.data)
    os_initialized                           0x10000058   Data           1  rt_cmsis.o(.data)
    os_running                               0x10000059   Data           1  rt_cmsis.o(.data)
    os_timer_head                            0x1000005c   Data           4  rt_cmsis.o(.data)
    os_tsk                                   0x10000060   Data           8  rt_task.o(.data)
    os_tick_irqn                             0x1000006c   Data           4  rt_system.o(.data)
    os_time                                  0x10000070   Data           4  rt_time.o(.data)
    os_robin                                 0x10000074   Data           8  rt_robin.o(.data)
    dbg_msg                                  0x1000007c   Data           1  hal_cm.o(.data)
    mp_tcb                                   0x10000080   Data         376  rtx_conf_cm.o(.bss)
    mp_stk                                   0x100001f8   Data       12016  rtx_conf_cm.o(.bss)
    os_stack_mem                             0x100030e8   Data        2232  rtx_conf_cm.o(.bss)
    os_fifo                                  0x100039a0   Data         132  rtx_conf_cm.o(.bss)
    os_active_TCB                            0x10003a24   Data          28  rtx_conf_cm.o(.bss)
    os_messageQ_q_osTimerMessageQ            0x10003a40   Data          32  rtx_conf_cm.o(.bss)
    os_idle_TCB                              0x10003ea4   Data          52  rt_task.o(.bss)
    os_rdy                                   0x10003ed8   Data          24  rt_list.o(.bss)
    os_dly                                   0x10003ef0   Data          24  rt_list.o(.bss)
    __libspace_start                         0x10003f08   Data          96  libspace.o(.bss)
    __temporary_stack_top$libspace           0x10003f68   Data           0  libspace.o(.bss)



==============================================================================

Memory Map of the image

  Image Entry point : 0x000000cd

  Load Region LR_IROM1 (Base: 0x00000000, Size: 0x0000931c, Max: 0x00080000, ABSOLUTE)

    Execution Region ER_IROM1 (Base: 0x00000000, Size: 0x0000929c, Max: 0x00080000, ABSOLUTE)

    Base Addr    Size         Type   Attr      Idx    E Section Name        Object

    0x00000000   0x000000cc   Data   RO         1272    RESET               startup_lpc17xx.o
    0x000000cc   0x00000008   Code   RO         2596  * !!!main             c_w.l(__main.o)
    0x000000d4   0x00000034   Code   RO         2759    !!!scatter          c_w.l(__scatter.o)
    0x00000108   0x0000001a   Code   RO         2761    !!handler_copy      c_w.l(__scatter_copy.o)
    0x00000122   0x00000002   PAD
    0x00000124   0x0000001c   Code   RO         2763    !!handler_zi        c_w.l(__scatter_zi.o)
    0x00000140   0x00000002   Code   RO         2645    .ARM.Collect$$libinit$$00000000  c_w.l(libinit.o)
    0x00000142   0x00000000   Code   RO         2657    .ARM.Collect$$libinit$$00000002  c_w.l(libinit2.o)
    0x00000142   0x00000000   Code   RO         2659    .ARM.Collect$$libinit$$00000004  c_w.l(libinit2.o)
    0x00000142   0x00000000   Code   RO         2662    .ARM.Collect$$libinit$$0000000A  c_w.l(libinit2.o)
    0x00000142   0x00000000   Code   RO         2664    .ARM.Collect$$libinit$$0000000C  c_w.l(libinit2.o)
    0x00000142   0x00000000   Code   RO         2666    .ARM.Collect$$libinit$$0000000E  c_w.l(libinit2.o)
    0x00000142   0x00000000   Code   RO         2669    .ARM.Collect$$libinit$$00000011  c_w.l(libinit2.o)
    0x00000142   0x00000000   Code   RO         2671    .ARM.Collect$$libinit$$00000013  c_w.l(libinit2.o)
    0x00000142   0x00000000   Code   RO         2673    .ARM.Collect$$libinit$$00000015  c_w.l(libinit2.o)
    0x00000142   0x00000000   Code   RO         2675    .ARM.Collect$$libinit$$00000017  c_w.l(libinit2.o)
    0x00000142   0x00000000   Code   RO         2677    .ARM.Collect$$libinit$$00000019  c_w.l(libinit2.o)
    0x00000142   0x00000000   Code   RO         2679    .ARM.Collect$$libinit$$0000001B  c_w.l(libinit2.o)
    0x00000142   0x00000000   Code   RO         2681    .ARM.Collect$$libinit$$0000001D  c_w.l(libinit2.o)
    0x00000142   0x00000000   Code   RO         2683    .ARM.Collect$$libinit$$0000001F  c_w.l(libinit2.o)
    0x00000142   0x00000000   Code   RO         2685    .ARM.Collect$$libinit$$00000021  c_w.l(libinit2.o)
    0x00000142   0x00000000   Code   RO         2687    .ARM.Collect$$libinit$$00000023  c_w.l(libinit2.o)
    0x00000142   0x00000000   Code   RO         2689    .ARM.Collect$$libinit$$00000025  c_w.l(libinit2.o)
    0x00000142   0x00000000   Code   RO         2693    .ARM.Collect$$libinit$$0000002C  c_w.l(libinit2.o)
    0x00000142   0x00000000   Code   RO         2695    .ARM.Collect$$libinit$$0000002E  c_w.l(libinit2.o)
    0x00000142   0x00000000   Code   RO         2697    .ARM.Collect$$libinit$$00000030  c_w.l(libinit2.o)
    0x00000142   0x00000000   Code   RO         2699    .ARM.Collect$$libinit$$00000032  c_w.l(libinit2.o)
    0x00000142   0x00000002   Code   RO         2700    .ARM.Collect$$libinit$$00000033  c_w.l(libinit2.o)
    0x00000144   0x00000002   Code   RO         2646    .ARM.Collect$$libshutdown$$00000000  c_w.l(libshutdown.o)
    0x00000146   0x00000000   Code   RO         2702    .ARM.Collect$$libshutdown$$00000002  c_w.l(libshutdown2.o)
    0x00000146   0x00000000   Code   RO         2704    .ARM.Collect$$libshutdown$$00000004  c_w.l(libshutdown2.o)
    0x00000146   0x00000000   Code   RO         2707    .ARM.Collect$$libshutdown$$00000007  c_w.l(libshutdown2.o)
    0x00000146   0x00000000   Code   RO         2710    .ARM.Collect$$libshutdown$$0000000A  c_w.l(libshutdown2.o)
    0x00000146   0x00000000   Code   RO         2712    .ARM.Collect$$libshutdown$$0000000C  c_w.l(libshutdown2.o)
    0x00000146   0x00000000   Code   RO         2715    .ARM.Collect$$libshutdown$$0000000F  c_w.l(libshutdown2.o)
    0x00000146   0x00000002   Code   RO         2716    .ARM.Collect$$libshutdown$$00000010  c_w.l(libshutdown2.o)
    0x00000148   0x00000000   Code   RO         2598    .ARM.Collect$$rtentry$$00000000  c_w.l(__rtentry.o)
    0x00000148   0x00000000   Code   RO         2608    .ARM.Collect$$rtentry$$00000002  c_w.l(__rtentry2.o)
    0x00000148   0x00000006   Code   RO         2620    .ARM.Collect$$rtentry$$00000004  c_w.l(__rtentry4.o)
    0x0000014e   0x00000000   Code   RO         2610    .ARM.Collect$$rtentry$$00000009  c_w.l(__rtentry2.o)
    0x0000014e   0x00000004   Code   RO         2611    .ARM.Collect$$rtentry$$0000000A  c_w.l(__rtentry2.o)
    0x00000152   0x00000008   Code   RO         2612    .ARM.Collect$$rtentry$$0000000B  c_w.l(__rtentry2.o)
    0x0000015a   0x00000008   Code   RO         2614    .ARM.Collect$$rtentry$$0000000D  c_w.l(__rtentry2.o)
    0x00000162   0x00000002   Code   RO         2599    .ARM.Collect$$rtexit$$00000000  c_w.l(rtexit.o)
    0x00000164   0x00000000   Code   RO         2623    .ARM.Collect$$rtexit$$00000002  c_w.l(rtexit2.o)
    0x00000164   0x00000004   Code   RO         2624    .ARM.Collect$$rtexit$$00000003  c_w.l(rtexit2.o)
    0x00000168   0x00000006   Code   RO         2625    .ARM.Collect$$rtexit$$00000004  c_w.l(rtexit2.o)
    0x0000016e   0x00000002   PAD
    0x00000170   0x0000001c   Code   RO          308    .emb_text           rtx_conf_cm.o
    0x0000018c   0x00000130   Code   RO         2568    .emb_text           RTX_CM3.lib(hal_cm3.o)
    0x000002bc   0x0000003c   Code   RO         1274    .text               startup_lpc17xx.o
    0x000002f8   0x00000002   Code   RO         2647    .text               c_w.l(use_no_semi.o)
    0x000002fa   0x00000000   Code   RO         2649    .text               c_w.l(indicate_semi.o)
    0x000002fa   0x00000002   Code   RO         2115    i.os_tick_irqack    RTX_CM3.lib(rt_system.o)
    0x000002fc   0x00000004   Code   RO         1273    .ARM.__at_0x02FC    startup_lpc17xx.o
    0x00000300   0x00000008   Code   RO         2583    .text               c_w.l(libspace.o)
    0x00000308   0x000000ee   Code   RO         2586    .text               c_w.l(lludivv7m.o)
    0x000003f6   0x00000012   Code   RO         2588    .text               c_w.l(exit.o)
    0x00000408   0x0000008a   Code   RO         2590    .text               c_w.l(rt_memcpy_v6.o)
    0x00000492   0x0000004e   Code   RO         2592    .text               c_w.l(rt_memclr_w.o)
    0x000004e0   0x00000006   Code   RO         2594    .text               c_w.l(heapauxi.o)
    0x000004e6   0x00000064   Code   RO         2605    .text               c_w.l(rt_memcpy_w.o)
    0x0000054a   0x00000002   PAD
    0x0000054c   0x0000000c   Code   RO         2631    .text               c_w.l(sys_exit.o)
    0x00000558   0x0000004a   Code   RO         2633    .text               c_w.l(sys_stackheap_outer.o)
    0x000005a2   0x00000002   PAD
    0x000005a4   0x00000004   Code   RO         2578    SVC_TABLE           RTX_CM3.lib(svc_table.o)
    0x000005a8   0x00000012   Code   RO          369    i.CAN1_Control      can_lpc17xx.o
    0x000005ba   0x0000000a   Code   RO          370    i.CAN1_GetClock     can_lpc17xx.o
    0x000005c4   0x0000000c   Code   RO          371    i.CAN1_GetStatus    can_lpc17xx.o
    0x000005d0   0x00000012   Code   RO          372    i.CAN1_Initialize   can_lpc17xx.o
    0x000005e2   0x0000001c   Code   RO          373    i.CAN1_MessageRead  can_lpc17xx.o
    0x000005fe   0x0000001c   Code   RO          374    i.CAN1_MessageSend  can_lpc17xx.o
    0x0000061a   0x00000012   Code   RO          375    i.CAN1_ObjectConfigure  can_lpc17xx.o
    0x0000062c   0x00000010   Code   RO          376    i.CAN1_ObjectGetCapabilities  can_lpc17xx.o
    0x0000063c   0x0000001c   Code   RO          377    i.CAN1_ObjectSetFilter  can_lpc17xx.o
    0x00000658   0x0000000e   Code   RO          378    i.CAN1_PowerControl  can_lpc17xx.o
    0x00000666   0x00000016   Code   RO          379    i.CAN1_SetBitrate   can_lpc17xx.o
    0x0000067c   0x0000000e   Code   RO          380    i.CAN1_SetMode      can_lpc17xx.o
    0x0000068a   0x0000000a   Code   RO          381    i.CAN1_Uninitialize  can_lpc17xx.o
    0x00000694   0x0000000c   Code   RO          382    i.CAN_GetCapabilities  can_lpc17xx.o
    0x000006a0   0x00000010   Code   RO          383    i.CAN_GetVersion    can_lpc17xx.o
    0x000006b0   0x000001d8   Code   RO          384    i.CAN_IRQHandler    can_lpc17xx.o
    0x00000888   0x00000434   Code   RO          385    i.CANx_AddFilter    can_lpc17xx.o
    0x00000cbc   0x00000080   Code   RO          386    i.CANx_Control      can_lpc17xx.o
    0x00000d3c   0x000000a4   Code   RO          387    i.CANx_GetClock     can_lpc17xx.o
    0x00000de0   0x000000d4   Code   RO          388    i.CANx_GetStatus    can_lpc17xx.o
    0x00000eb4   0x0000005c   Code   RO          389    i.CANx_Initialize   can_lpc17xx.o
    0x00000f10   0x000000b4   Code   RO          390    i.CANx_MessageRead  can_lpc17xx.o
    0x00000fc4   0x00000240   Code   RO          391    i.CANx_MessageSend  can_lpc17xx.o
    0x00001204   0x00000088   Code   RO          392    i.CANx_ObjectConfigure  can_lpc17xx.o
    0x0000128c   0x00000028   Code   RO          393    i.CANx_ObjectGetCapabilities  can_lpc17xx.o
    0x000012b4   0x000000a4   Code   RO          394    i.CANx_ObjectSetFilter  can_lpc17xx.o
    0x00001358   0x0000015c   Code   RO          395    i.CANx_PowerControl  can_lpc17xx.o
    0x000014b4   0x000003f4   Code   RO          396    i.CANx_RemoveFilter  can_lpc17xx.o
    0x000018a8   0x0000005c   Code   RO          397    i.CANx_ResetRuntimeInfo  can_lpc17xx.o
    0x00001904   0x00000138   Code   RO          398    i.CANx_SetBitrate   can_lpc17xx.o
    0x00001a3c   0x00000138   Code   RO          399    i.CANx_SetMode      can_lpc17xx.o
    0x00001b74   0x00000038   Code   RO          400    i.CANx_Uninitialize  can_lpc17xx.o
    0x00001bac   0x00000020   Code   RO         1147    i.Clear_Channel_active_flag  gpdma_lpc17xx.o
    0x00001bcc   0x00000180   Code   RO         1148    i.DMA_IRQHandler    gpdma_lpc17xx.o
    0x00001d4c   0x0000003c   Code   RO          131    i.GLCD_ClearScreen  glcd_mcb1700.o
    0x00001d88   0x000000d0   Code   RO          134    i.GLCD_DrawChar     glcd_mcb1700.o
    0x00001e58   0x0000002c   Code   RO          138    i.GLCD_DrawString   glcd_mcb1700.o
    0x00001e84   0x000005fe   Code   RO          142    i.GLCD_Initialize   glcd_mcb1700.o
    0x00002482   0x00000002   PAD
    0x00002484   0x00000010   Code   RO          143    i.GLCD_SetBackgroundColor  glcd_mcb1700.o
    0x00002494   0x00000010   Code   RO          144    i.GLCD_SetFont      glcd_mcb1700.o
    0x000024a4   0x00000010   Code   RO          145    i.GLCD_SetForegroundColor  glcd_mcb1700.o
    0x000024b4   0x000000a0   Code   RO          146    i.GLCD_SetWindow    glcd_mcb1700.o
    0x00002554   0x000000f4   Code   RO         1149    i.GPDMA_ChannelConfigure  gpdma_lpc17xx.o
    0x00002648   0x00000030   Code   RO         1150    i.GPDMA_ChannelDisable  gpdma_lpc17xx.o
    0x00002678   0x00000030   Code   RO         1152    i.GPDMA_ChannelGetCount  gpdma_lpc17xx.o
    0x000026a8   0x000000b0   Code   RO         1154    i.GPDMA_Initialize  gpdma_lpc17xx.o
    0x00002758   0x00000044   Code   RO         1155    i.GPDMA_PeripheralSelect  gpdma_lpc17xx.o
    0x0000279c   0x00000080   Code   RO         1156    i.GPDMA_Uninitialize  gpdma_lpc17xx.o
    0x0000281c   0x00000020   Code   RO         1319    i.GPIO_PinRead      gpio_lpc17xx.o
    0x0000283c   0x00000028   Code   RO         1320    i.GPIO_PinWrite     gpio_lpc17xx.o
    0x00002864   0x0000002c   Code   RO         1321    i.GPIO_PortClock    gpio_lpc17xx.o
    0x00002890   0x00000038   Code   RO         1324    i.GPIO_SetDir       gpio_lpc17xx.o
    0x000028c8   0x00000044   Code   RO          569    i.GetI2CClockFreq   i2c_lpc17xx.o
    0x0000290c   0x00000044   Code   RO          975    i.GetSSPClockFreq   ssp_lpc17xx.o
    0x00002950   0x00000044   Code   RO          753    i.GetUsartClockFreq  uart_lpc17xx.o
    0x00002994   0x00000018   Code   RO          570    i.I2C1_Control      i2c_lpc17xx.o
    0x000029ac   0x00000010   Code   RO          571    i.I2C1_GetDataCount  i2c_lpc17xx.o
    0x000029bc   0x00000010   Code   RO          572    i.I2C1_GetStatus    i2c_lpc17xx.o
    0x000029cc   0x00000010   Code   RO          573    i.I2C1_IRQHandler   i2c_lpc17xx.o
    0x000029dc   0x00000014   Code   RO          574    i.I2C1_Initialize   i2c_lpc17xx.o
    0x000029f0   0x00000020   Code   RO          575    i.I2C1_MasterReceive  i2c_lpc17xx.o
    0x00002a10   0x00000020   Code   RO          576    i.I2C1_MasterTransmit  i2c_lpc17xx.o
    0x00002a30   0x00000014   Code   RO          577    i.I2C1_PowerControl  i2c_lpc17xx.o
    0x00002a44   0x00000018   Code   RO          578    i.I2C1_SlaveReceive  i2c_lpc17xx.o
    0x00002a5c   0x00000018   Code   RO          579    i.I2C1_SlaveTransmit  i2c_lpc17xx.o
    0x00002a74   0x00000010   Code   RO          580    i.I2C1_Uninitialize  i2c_lpc17xx.o
    0x00002a84   0x0000000c   Code   RO          581    i.I2C_GetCapabilities  i2c_lpc17xx.o
    0x00002a90   0x00000010   Code   RO          582    i.I2C_GetVersion    i2c_lpc17xx.o
    0x00002aa0   0x0000018c   Code   RO          583    i.I2Cx_Control      i2c_lpc17xx.o
    0x00002c2c   0x00000008   Code   RO          584    i.I2Cx_GetDataCount  i2c_lpc17xx.o
    0x00002c34   0x00000008   Code   RO          585    i.I2Cx_GetStatus    i2c_lpc17xx.o
    0x00002c3c   0x00000030   Code   RO          586    i.I2Cx_IRQHandler   i2c_lpc17xx.o
    0x00002c6c   0x0000004e   Code   RO          587    i.I2Cx_Initialize   i2c_lpc17xx.o
    0x00002cba   0x000001ce   Code   RO          588    i.I2Cx_MasterHandler  i2c_lpc17xx.o
    0x00002e88   0x000000ce   Code   RO          589    i.I2Cx_MasterReceive  i2c_lpc17xx.o
    0x00002f56   0x000000cc   Code   RO          590    i.I2Cx_MasterTransmit  i2c_lpc17xx.o
    0x00003022   0x00000154   Code   RO          591    i.I2Cx_PowerControl  i2c_lpc17xx.o
    0x00003176   0x000001d4   Code   RO          592    i.I2Cx_SlaveHandler  i2c_lpc17xx.o
    0x0000334a   0x00000074   Code   RO          593    i.I2Cx_SlaveReceive  i2c_lpc17xx.o
    0x000033be   0x00000074   Code   RO          594    i.I2Cx_SlaveTransmit  i2c_lpc17xx.o
    0x00003432   0x00000030   Code   RO          595    i.I2Cx_Uninitialize  i2c_lpc17xx.o
    0x00003462   0x00000002   PAD
    0x00003464   0x0000003c   Code   RO            4    i.Init_UART         main.o
    0x000034a0   0x000000fc   Code   RO         1237    i.PIN_Configure     pin_lpc17xx.o
    0x0000359c   0x00000020   Code   RO         1238    i.PIN_ConfigureI2C0Pins  pin_lpc17xx.o
    0x000035bc   0x0000007c   Code   RO            5    i.Receive_UART      main.o
    0x00003638   0x00000018   Code   RO          976    i.SSP1_Control      ssp_lpc17xx.o
    0x00003650   0x00000014   Code   RO          977    i.SSP1_GPDMA_Rx_SignalEvent  ssp_lpc17xx.o
    0x00003664   0x00000014   Code   RO          978    i.SSP1_GPDMA_Tx_SignalEvent  ssp_lpc17xx.o
    0x00003678   0x00000010   Code   RO          979    i.SSP1_GetDataCount  ssp_lpc17xx.o
    0x00003688   0x00000010   Code   RO          980    i.SSP1_GetStatus    ssp_lpc17xx.o
    0x00003698   0x00000010   Code   RO          981    i.SSP1_IRQHandler   ssp_lpc17xx.o
    0x000036a8   0x00000014   Code   RO          982    i.SSP1_Initialize   ssp_lpc17xx.o
    0x000036bc   0x00000014   Code   RO          983    i.SSP1_PowerControl  ssp_lpc17xx.o
    0x000036d0   0x00000018   Code   RO          984    i.SSP1_Receive      ssp_lpc17xx.o
    0x000036e8   0x00000018   Code   RO          985    i.SSP1_Send         ssp_lpc17xx.o
    0x00003700   0x0000001c   Code   RO          986    i.SSP1_Transfer     ssp_lpc17xx.o
    0x0000371c   0x00000010   Code   RO          987    i.SSP1_Uninitialize  ssp_lpc17xx.o
    0x0000372c   0x0000000c   Code   RO          988    i.SSP_GetCapabilities  ssp_lpc17xx.o
    0x00003738   0x00000010   Code   RO          989    i.SSP_GetVersion    ssp_lpc17xx.o
    0x00003748   0x0000051e   Code   RO          990    i.SSPx_Control      ssp_lpc17xx.o
    0x00003c66   0x00000036   Code   RO          991    i.SSPx_GPDMA_Rx_SignalEvent  ssp_lpc17xx.o
    0x00003c9c   0x0000001c   Code   RO          992    i.SSPx_GPDMA_Tx_SignalEvent  ssp_lpc17xx.o
    0x00003cb8   0x0000002c   Code   RO          993    i.SSPx_GetDataCount  ssp_lpc17xx.o
    0x00003ce4   0x0000005a   Code   RO          994    i.SSPx_GetStatus    ssp_lpc17xx.o
    0x00003d3e   0x00000104   Code   RO          995    i.SSPx_IRQHandler   ssp_lpc17xx.o
    0x00003e42   0x000000a8   Code   RO          996    i.SSPx_Initialize   ssp_lpc17xx.o
    0x00003eea   0x00000002   PAD
    0x00003eec   0x000001d8   Code   RO          997    i.SSPx_PowerControl  ssp_lpc17xx.o
    0x000040c4   0x0000015c   Code   RO          998    i.SSPx_Receive      ssp_lpc17xx.o
    0x00004220   0x00000154   Code   RO          999    i.SSPx_Send         ssp_lpc17xx.o
    0x00004374   0x00000152   Code   RO         1000    i.SSPx_Transfer     ssp_lpc17xx.o
    0x000044c6   0x00000070   Code   RO         1001    i.SSPx_Uninitialize  ssp_lpc17xx.o
    0x00004536   0x00000002   PAD
    0x00004538   0x00000038   Code   RO         1157    i.Set_Channel_active_flag  gpdma_lpc17xx.o
    0x00004570   0x00000140   Code   RO         1284    i.SystemInit        system_lpc17xx.o
    0x000046b0   0x00000010   Code   RO          754    i.UART1_IRQHandler  uart_lpc17xx.o
    0x000046c0   0x0000001c   Code   RO            6    i.UART_Callback     main.o
    0x000046dc   0x00000018   Code   RO          755    i.USART1_Control    uart_lpc17xx.o
    0x000046f4   0x00000014   Code   RO          756    i.USART1_GPDMA_Rx_Event  uart_lpc17xx.o
    0x00004708   0x00000014   Code   RO          757    i.USART1_GPDMA_Tx_Event  uart_lpc17xx.o
    0x0000471c   0x00000010   Code   RO          758    i.USART1_GetCapabilities  uart_lpc17xx.o
    0x0000472c   0x00000010   Code   RO          759    i.USART1_GetModemStatus  uart_lpc17xx.o
    0x0000473c   0x00000010   Code   RO          760    i.USART1_GetRxCount  uart_lpc17xx.o
    0x0000474c   0x00000010   Code   RO          761    i.USART1_GetStatus  uart_lpc17xx.o
    0x0000475c   0x00000010   Code   RO          762    i.USART1_GetTxCount  uart_lpc17xx.o
    0x0000476c   0x00000014   Code   RO          763    i.USART1_Initialize  uart_lpc17xx.o
    0x00004780   0x00000014   Code   RO          764    i.USART1_PowerControl  uart_lpc17xx.o
    0x00004794   0x00000018   Code   RO          765    i.USART1_Receive    uart_lpc17xx.o
    0x000047ac   0x00000018   Code   RO          766    i.USART1_Send       uart_lpc17xx.o
    0x000047c4   0x00000014   Code   RO          767    i.USART1_SetModemControl  uart_lpc17xx.o
    0x000047d8   0x0000001c   Code   RO          768    i.USART1_Transfer   uart_lpc17xx.o
    0x000047f4   0x00000010   Code   RO          769    i.USART1_Uninitialize  uart_lpc17xx.o
    0x00004804   0x00000578   Code   RO          770    i.USART_Control     uart_lpc17xx.o
    0x00004d7c   0x00000086   Code   RO          771    i.USART_GPDMA_Rx_Event  uart_lpc17xx.o
    0x00004e02   0x0000004a   Code   RO          772    i.USART_GPDMA_Tx_Event  uart_lpc17xx.o
    0x00004e4c   0x00000006   Code   RO          773    i.USART_GetCapabilities  uart_lpc17xx.o
    0x00004e52   0x000000ec   Code   RO          774    i.USART_GetModemStatus  uart_lpc17xx.o
    0x00004f3e   0x0000001c   Code   RO          775    i.USART_GetRxCount  uart_lpc17xx.o
    0x00004f5a   0x000000bc   Code   RO          776    i.USART_GetStatus   uart_lpc17xx.o
    0x00005016   0x0000001c   Code   RO          777    i.USART_GetTxCount  uart_lpc17xx.o
    0x00005032   0x00000270   Code   RO          778    i.USART_IRQHandler  uart_lpc17xx.o
    0x000052a2   0x000000fe   Code   RO          779    i.USART_Initialize  uart_lpc17xx.o
    0x000053a0   0x000000f6   Code   RO          780    i.USART_PIN_Configure  uart_lpc17xx.o
    0x00005496   0x00000002   PAD
    0x00005498   0x00000268   Code   RO          781    i.USART_PowerControl  uart_lpc17xx.o
    0x00005700   0x00000110   Code   RO          782    i.USART_Receive     uart_lpc17xx.o
    0x00005810   0x00000068   Code   RO          783    i.USART_RxLineIntHandler  uart_lpc17xx.o
    0x00005878   0x0000019c   Code   RO          784    i.USART_Send        uart_lpc17xx.o
    0x00005a14   0x00000140   Code   RO          785    i.USART_SetBaudrate  uart_lpc17xx.o
    0x00005b54   0x000000a0   Code   RO          786    i.USART_SetModemControl  uart_lpc17xx.o
    0x00005bf4   0x0000007a   Code   RO          787    i.USART_Transfer    uart_lpc17xx.o
    0x00005c6e   0x000000e2   Code   RO          788    i.USART_Uninitialize  uart_lpc17xx.o
    0x00005d50   0x00000010   Code   RO          789    i.USARTx_GetVersion  uart_lpc17xx.o
    0x00005d60   0x0000001c   Code   RO          596    i.__NVIC_ClearPendingIRQ  i2c_lpc17xx.o
    0x00005d7c   0x0000001c   Code   RO          790    i.__NVIC_ClearPendingIRQ  uart_lpc17xx.o
    0x00005d98   0x0000001c   Code   RO         1002    i.__NVIC_ClearPendingIRQ  ssp_lpc17xx.o
    0x00005db4   0x0000001c   Code   RO         1158    i.__NVIC_ClearPendingIRQ  gpdma_lpc17xx.o
    0x00005dd0   0x0000003c   Code   RO          597    i.__NVIC_DisableIRQ  i2c_lpc17xx.o
    0x00005e0c   0x00000022   Code   RO          598    i.__NVIC_EnableIRQ  i2c_lpc17xx.o
    0x00005e2e   0x00000046   Code   RO         2467    i._init_box         RTX_CM3.lib(rt_membox.o)
    0x00005e74   0x00000020   Code   RO          310    i._mutex_acquire    rtx_conf_cm.o
    0x00005e94   0x0000001c   Code   RO          312    i._mutex_release    rtx_conf_cm.o
    0x00005eb0   0x00000030   Code   RO         2520    i.dbg_init          RTX_CM3.lib(hal_cm.o)
    0x00005ee0   0x00000020   Code   RO         2521    i.dbg_task_notify   RTX_CM3.lib(hal_cm.o)
    0x00005f00   0x00000010   Code   RO         2522    i.dbg_task_switch   RTX_CM3.lib(hal_cm.o)
    0x00005f10   0x00000030   Code   RO          149    i.delay_ms          glcd_mcb1700.o
    0x00005f40   0x0000002a   Code   RO         1373    i.isrMessageGet     RTX_CM3.lib(rt_cmsis.o)
    0x00005f6a   0x0000002c   Code   RO         1374    i.isrMessagePut     RTX_CM3.lib(rt_cmsis.o)
    0x00005f96   0x00000024   Code   RO         1376    i.isrSignalSet      RTX_CM3.lib(rt_cmsis.o)
    0x00005fba   0x00000002   PAD
    0x00005fbc   0x00000028   Code   RO         2204    i.isr_evt_set       RTX_CM3.lib(rt_event.o)
    0x00005fe4   0x00000056   Code   RO         2322    i.isr_mbx_receive   RTX_CM3.lib(rt_mailbox.o)
    0x0000603a   0x0000000e   Code   RO         2323    i.isr_mbx_send      RTX_CM3.lib(rt_mailbox.o)
    0x00006048   0x0000005c   Code   RO            7    i.main              main.o
    0x000060a4   0x00000018   Code   RO         1377    i.osDelay           RTX_CM3.lib(rt_cmsis.o)
    0x000060bc   0x00000024   Code   RO         1378    i.osKernelInitialize  RTX_CM3.lib(rt_cmsis.o)
    0x000060e0   0x0000006c   Code   RO         1380    i.osKernelStart     RTX_CM3.lib(rt_cmsis.o)
    0x0000614c   0x00000018   Code   RO         1389    i.osMessageGet      RTX_CM3.lib(rt_cmsis.o)
    0x00006164   0x00000018   Code   RO         1404    i.osSignalSet       RTX_CM3.lib(rt_cmsis.o)
    0x0000617c   0x00000018   Code   RO         1405    i.osSignalWait      RTX_CM3.lib(rt_cmsis.o)
    0x00006194   0x0000002c   Code   RO         1406    i.osThreadCreate    RTX_CM3.lib(rt_cmsis.o)
    0x000061c0   0x00000018   Code   RO         1407    i.osThreadExit      RTX_CM3.lib(rt_cmsis.o)
    0x000061d8   0x0000000c   Code   RO         1413    i.osTimerCall       RTX_CM3.lib(rt_cmsis.o)
    0x000061e4   0x0000002c   Code   RO         1418    i.osTimerThread     RTX_CM3.lib(rt_cmsis.o)
    0x00006210   0x00000022   Code   RO          313    i.os_error          rtx_conf_cm.o
    0x00006232   0x00000004   Code   RO          314    i.os_idle_demon     rtx_conf_cm.o
    0x00006236   0x00000002   PAD
    0x00006238   0x00000028   Code   RO         2114    i.os_tick_init      RTX_CM3.lib(rt_system.o)
    0x00006260   0x000000c8   Code   RO          150    i.rd_id_man         glcd_mcb1700.o
    0x00006328   0x0000001a   Code   RO         2468    i.rt_alloc_box      RTX_CM3.lib(rt_membox.o)
    0x00006342   0x0000003e   Code   RO         2496    i.rt_alloc_mem      RTX_CM3.lib(rt_memory.o)
    0x00006380   0x00000038   Code   RO         1995    i.rt_block          RTX_CM3.lib(rt_task.o)
    0x000063b8   0x00000048   Code   RO         2445    i.rt_chk_robin      RTX_CM3.lib(rt_robin.o)
    0x00006400   0x00000070   Code   RO         2246    i.rt_dec_dly        RTX_CM3.lib(rt_list.o)
    0x00006470   0x00000044   Code   RO         1996    i.rt_dispatch       RTX_CM3.lib(rt_task.o)
    0x000064b4   0x00000006   Code   RO         2412    i.rt_dly_wait       RTX_CM3.lib(rt_time.o)
    0x000064ba   0x00000002   PAD
    0x000064bc   0x00000050   Code   RO         2207    i.rt_evt_psh        RTX_CM3.lib(rt_event.o)
    0x0000650c   0x0000005c   Code   RO         2208    i.rt_evt_set        RTX_CM3.lib(rt_event.o)
    0x00006568   0x0000003c   Code   RO         2209    i.rt_evt_wait       RTX_CM3.lib(rt_event.o)
    0x000065a4   0x0000002c   Code   RO         2469    i.rt_free_box       RTX_CM3.lib(rt_membox.o)
    0x000065d0   0x00000028   Code   RO         2497    i.rt_free_mem       RTX_CM3.lib(rt_memory.o)
    0x000065f8   0x00000028   Code   RO         2247    i.rt_get_first      RTX_CM3.lib(rt_list.o)
    0x00006620   0x00000008   Code   RO         1423    i.rt_id2obj         RTX_CM3.lib(rt_cmsis.o)
    0x00006628   0x00000048   Code   RO         1997    i.rt_init_context   RTX_CM3.lib(rt_task.o)
    0x00006670   0x0000001a   Code   RO         2498    i.rt_init_mem       RTX_CM3.lib(rt_memory.o)
    0x0000668a   0x00000002   PAD
    0x0000668c   0x00000018   Code   RO         2446    i.rt_init_robin     RTX_CM3.lib(rt_robin.o)
    0x000066a4   0x00000080   Code   RO         2523    i.rt_init_stack     RTX_CM3.lib(hal_cm.o)
    0x00006724   0x00000008   Code   RO         2324    i.rt_mbx_check      RTX_CM3.lib(rt_mailbox.o)
    0x0000672c   0x0000001a   Code   RO         2325    i.rt_mbx_init       RTX_CM3.lib(rt_mailbox.o)
    0x00006746   0x00000002   PAD
    0x00006748   0x000000f0   Code   RO         2326    i.rt_mbx_psh        RTX_CM3.lib(rt_mailbox.o)
    0x00006838   0x000000b4   Code   RO         2328    i.rt_mbx_wait       RTX_CM3.lib(rt_mailbox.o)
    0x000068ec   0x00000044   Code   RO         1424    i.rt_ms2tick        RTX_CM3.lib(rt_cmsis.o)
    0x00006930   0x000000d8   Code   RO         2081    i.rt_mut_release    RTX_CM3.lib(rt_mutex.o)
    0x00006a08   0x00000078   Code   RO         2082    i.rt_mut_wait       RTX_CM3.lib(rt_mutex.o)
    0x00006a80   0x0000007c   Code   RO         2118    i.rt_pop_req        RTX_CM3.lib(rt_system.o)
    0x00006afc   0x00000020   Code   RO         2119    i.rt_psh_req        RTX_CM3.lib(rt_system.o)
    0x00006b1c   0x0000005c   Code   RO         2249    i.rt_psq_enq        RTX_CM3.lib(rt_list.o)
    0x00006b78   0x00000048   Code   RO         2250    i.rt_put_dly        RTX_CM3.lib(rt_list.o)
    0x00006bc0   0x00000036   Code   RO         2251    i.rt_put_prio       RTX_CM3.lib(rt_list.o)
    0x00006bf6   0x00000002   PAD
    0x00006bf8   0x00000014   Code   RO         2252    i.rt_put_rdy_first  RTX_CM3.lib(rt_list.o)
    0x00006c0c   0x00000034   Code   RO         2253    i.rt_resort_prio    RTX_CM3.lib(rt_list.o)
    0x00006c40   0x00000006   Code   RO         2524    i.rt_ret_val        RTX_CM3.lib(hal_cm.o)
    0x00006c46   0x00000008   Code   RO         2525    i.rt_ret_val2       RTX_CM3.lib(hal_cm.o)
    0x00006c4e   0x00000028   Code   RO         2254    i.rt_rmv_dly        RTX_CM3.lib(rt_list.o)
    0x00006c76   0x00000002   PAD
    0x00006c78   0x00000030   Code   RO         2255    i.rt_rmv_list       RTX_CM3.lib(rt_list.o)
    0x00006ca8   0x00000034   Code   RO         2373    i.rt_sem_psh        RTX_CM3.lib(rt_semaphore.o)
    0x00006cdc   0x00000024   Code   RO         2121    i.rt_stk_check      RTX_CM3.lib(rt_system.o)
    0x00006d00   0x00000028   Code   RO         1998    i.rt_switch_req     RTX_CM3.lib(rt_task.o)
    0x00006d28   0x000000cc   Code   RO         1999    i.rt_sys_init       RTX_CM3.lib(rt_task.o)
    0x00006df4   0x00000078   Code   RO         2000    i.rt_sys_start      RTX_CM3.lib(rt_task.o)
    0x00006e6c   0x00000040   Code   RO         2123    i.rt_systick        RTX_CM3.lib(rt_system.o)
    0x00006eac   0x00000012   Code   RO         1425    i.rt_tid2ptcb       RTX_CM3.lib(rt_cmsis.o)
    0x00006ebe   0x00000002   PAD
    0x00006ec0   0x00000034   Code   RO         1426    i.rt_timer_insert   RTX_CM3.lib(rt_cmsis.o)
    0x00006ef4   0x00000088   Code   RO         2001    i.rt_tsk_create     RTX_CM3.lib(rt_task.o)
    0x00006f7c   0x0000017c   Code   RO         2002    i.rt_tsk_delete     RTX_CM3.lib(rt_task.o)
    0x000070f8   0x0000007c   Code   RO         2004    i.rt_tsk_prio       RTX_CM3.lib(rt_task.o)
    0x00007174   0x00000010   Code   RO         2005    i.rt_tsk_self       RTX_CM3.lib(rt_task.o)
    0x00007184   0x0000002c   Code   RO          151    i.spi_tran          glcd_mcb1700.o
    0x000071b0   0x00000088   Code   RO          152    i.spi_tran_man      glcd_mcb1700.o
    0x00007238   0x00000012   Code   RO         1428    i.svcDelay          RTX_CM3.lib(rt_cmsis.o)
    0x0000724a   0x00000002   PAD
    0x0000724c   0x00000070   Code   RO         1429    i.svcKernelInitialize  RTX_CM3.lib(rt_cmsis.o)
    0x000072bc   0x00000048   Code   RO         1431    i.svcKernelStart    RTX_CM3.lib(rt_cmsis.o)
    0x00007304   0x00000024   Code   RO         1434    i.svcMessageCreate  RTX_CM3.lib(rt_cmsis.o)
    0x00007328   0x0000003a   Code   RO         1435    i.svcMessageGet     RTX_CM3.lib(rt_cmsis.o)
    0x00007362   0x00000024   Code   RO         1447    i.svcSignalSet      RTX_CM3.lib(rt_cmsis.o)
    0x00007386   0x00000002   PAD
    0x00007388   0x00000054   Code   RO         1448    i.svcSignalWait     RTX_CM3.lib(rt_cmsis.o)
    0x000073dc   0x0000006c   Code   RO         1449    i.svcThreadCreate   RTX_CM3.lib(rt_cmsis.o)
    0x00007448   0x0000001c   Code   RO         1450    i.svcThreadGetId    RTX_CM3.lib(rt_cmsis.o)
    0x00007464   0x00000038   Code   RO         1453    i.svcThreadTerminate  RTX_CM3.lib(rt_cmsis.o)
    0x0000749c   0x00000018   Code   RO         1455    i.svcTimerCall      RTX_CM3.lib(rt_cmsis.o)
    0x000074b4   0x0000005c   Code   RO         1464    i.sysTimerTick      RTX_CM3.lib(rt_cmsis.o)
    0x00007510   0x0000004c   Code   RO          153    i.wr_cmd            glcd_mcb1700.o
    0x0000755c   0x00000034   Code   RO          154    i.wr_dat_only       glcd_mcb1700.o
    0x00007590   0x00000018   Code   RO          155    i.wr_dat_start      glcd_mcb1700.o
    0x000075a8   0x00000014   Code   RO          156    i.wr_dat_stop       glcd_mcb1700.o
    0x000075bc   0x00000090   Code   RO          157    i.wr_reg            glcd_mcb1700.o
    0x0000764c   0x00000010   Data   RO            9    .constdata          main.o
    0x0000765c   0x000018a0   Data   RO          116    .constdata          glcd_fonts.o
    0x00008efc   0x00000008   Data   RO          158    .constdata          glcd_mcb1700.o
    0x00008f04   0x00000068   Data   RO          316    .constdata          rtx_conf_cm.o
    0x00008f6c   0x00000054   Data   RO          401    .constdata          can_lpc17xx.o
    0x00008fc0   0x00000064   Data   RO          600    .constdata          i2c_lpc17xx.o
    0x00009024   0x000001d4   Data   RO          792    .constdata          uart_lpc17xx.o
    0x000091f8   0x00000084   Data   RO         1004    .constdata          ssp_lpc17xx.o
    0x0000927c   0x00000020   Data   RO         2757    Region$$Table       anon$$obj.o


    Execution Region RW_IRAM1 (Base: 0x10000000, Size: 0x00004168, Max: 0x00008000, ABSOLUTE)

    Base Addr    Size         Type   Attr      Idx    E Section Name        Object

    0x10000000   0x0000000c   Data   RW           10    .data               main.o
    0x1000000c   0x00000009   Data   RW          159    .data               glcd_mcb1700.o
    0x10000015   0x00000003   PAD
    0x10000018   0x00000014   Data   RW          317    .data               rtx_conf_cm.o
    0x1000002c   0x00000014   Data   RW          402    .data               can_lpc17xx.o
    0x10000040   0x00000004   Data   RW          601    .data               i2c_lpc17xx.o
    0x10000044   0x00000008   Data   RW         1005    .data               ssp_lpc17xx.o
    0x1000004c   0x00000008   Data   RW         1160    .data               gpdma_lpc17xx.o
    0x10000054   0x00000004   Data   RW         1285    .data               system_lpc17xx.o
    0x10000058   0x00000008   Data   RW         1467    .data               RTX_CM3.lib(rt_cmsis.o)
    0x10000060   0x00000008   Data   RW         2007    .data               RTX_CM3.lib(rt_task.o)
    0x10000068   0x00000008   Data   RW         2126    .data               RTX_CM3.lib(rt_system.o)
    0x10000070   0x00000004   Data   RW         2416    .data               RTX_CM3.lib(rt_time.o)
    0x10000074   0x00000008   Data   RW         2447    .data               RTX_CM3.lib(rt_robin.o)
    0x1000007c   0x00000001   Data   RW         2526    .data               RTX_CM3.lib(hal_cm.o)
    0x1000007d   0x00000003   PAD
    0x10000080   0x00003d00   Zero   RW          315    .bss                rtx_conf_cm.o
    0x10003d80   0x00000024   Zero   RW          599    .bss                i2c_lpc17xx.o
    0x10003da4   0x00000034   Zero   RW          791    .bss                uart_lpc17xx.o
    0x10003dd8   0x0000002c   Zero   RW         1003    .bss                ssp_lpc17xx.o
    0x10003e04   0x000000a0   Zero   RW         1159    .bss                gpdma_lpc17xx.o
    0x10003ea4   0x00000034   Zero   RW         2006    .bss                RTX_CM3.lib(rt_task.o)
    0x10003ed8   0x00000030   Zero   RW         2256    .bss                RTX_CM3.lib(rt_list.o)
    0x10003f08   0x00000060   Zero   RW         2584    .bss                c_w.l(libspace.o)
    0x10003f68   0x00000000   Zero   RW         1271    HEAP                startup_lpc17xx.o
    0x10003f68   0x00000200   Zero   RW         1270    STACK               startup_lpc17xx.o


==============================================================================

Image component sizes


      Code (inc. data)   RO Data    RW Data    ZI Data      Debug   Object Name

      5636        284         84         20          0      56636   can_lpc17xx.o
         0          0       6304          0          0        828   glcd_fonts.o
      2798        110          8          9          0      16488   glcd_mcb1700.o
      1212         94          0          8        160       8086   gpdma_lpc17xx.o
       172         18          0          0          0       2294   gpio_lpc17xx.o
      2956        132        100          4         36      50383   i2c_lpc17xx.o
       304         54         16         12          0      37142   main.o
       284         10          0          0          0       1464   pin_lpc17xx.o
       126         26        104         20      15616       9267   rtx_conf_cm.o
      3932        106        132          8         44      23018   ssp_lpc17xx.o
        64         26        204          0        512       1068   startup_lpc17xx.o
       320         18          0          4          0        875   system_lpc17xx.o
      5874        160        468          0         52      37611   uart_lpc17xx.o

    ----------------------------------------------------------------------
     23690       1038       7452         88      16420     245160   Object Totals
         0          0         32          0          0          0   (incl. Generated)
        12          0          0          3          0          0   (incl. Padding)

    ----------------------------------------------------------------------

      Code (inc. data)   RO Data    RW Data    ZI Data      Debug   Library Member Name

       238         24          0          1          0       3268   hal_cm.o
       304         36          0          0          0        760   hal_cm3.o
      1356        160          0          8          0      36406   rt_cmsis.o
       272         18          0          0          0       2618   rt_event.o
       530         34          0          0         48       8169   rt_list.o
       554         10          0          0          0       3901   rt_mailbox.o
       140          0          0          0          0       1901   rt_membox.o
       128          0          0          0          0       2275   rt_memory.o
       336         14          0          0          0       1631   rt_mutex.o
        96         22          0          8          0       1134   rt_robin.o
        52          4          0          0          0        565   rt_semaphore.o
       298         52          0          8          0       6151   rt_system.o
      1216        174          0          8         52       9565   rt_task.o
         6          0          0          4          0        644   rt_time.o
         4          4          0          0          0        200   svc_table.o
         8          0          0          0          0         68   __main.o
         0          0          0          0          0          0   __rtentry.o
        20          0          0          0          0          0   __rtentry2.o
         6          0          0          0          0          0   __rtentry4.o
        52          8          0          0          0          0   __scatter.o
        26          0          0          0          0          0   __scatter_copy.o
        28          0          0          0          0          0   __scatter_zi.o
        18          0          0          0          0         80   exit.o
         6          0          0          0          0        152   heapauxi.o
         0          0          0          0          0          0   indicate_semi.o
         2          0          0          0          0          0   libinit.o
         2          0          0          0          0          0   libinit2.o
         2          0          0          0          0          0   libshutdown.o
         2          0          0          0          0          0   libshutdown2.o
         8          4          0          0         96         68   libspace.o
       238          0          0          0          0        100   lludivv7m.o
        78          0          0          0          0         80   rt_memclr_w.o
       138          0          0          0          0         68   rt_memcpy_v6.o
       100          0          0          0          0         80   rt_memcpy_w.o
         2          0          0          0          0          0   rtexit.o
        10          0          0          0          0          0   rtexit2.o
        12          4          0          0          0         68   sys_exit.o
        74          0          0          0          0         80   sys_stackheap_outer.o
         2          0          0          0          0         68   use_no_semi.o

    ----------------------------------------------------------------------
      6390        568          0         40        196      80100   Library Totals
        26          0          0          3          0          0   (incl. Padding)

    ----------------------------------------------------------------------

      Code (inc. data)   RO Data    RW Data    ZI Data      Debug   Library Name

      5530        552          0         37        100      79188   RTX_CM3.lib
       834         16          0          0         96        912   c_w.l

    ----------------------------------------------------------------------
      6390        568          0         40        196      80100   Library Totals

    ----------------------------------------------------------------------

==============================================================================


      Code (inc. data)   RO Data    RW Data    ZI Data      Debug   

     30080       1606       7452        128      16616     312152   Grand Totals
     30080       1606       7452        128      16616     312152   ELF Image Totals
     30080       1606       7452        128          0          0   ROM Totals

==============================================================================

    Total RO  Size (Code + RO Data)                37532 (  36.65kB)
    Total RW  Size (RW Data + ZI Data)             16744 (  16.35kB)
    Total ROM Size (Code + RO Data + RW Data)      37660 (  36.78kB)

==============================================================================

