Component: ARM Compiler 5.06 update 1 (build 61) Tool: armlink [4d35a8]

==============================================================================

Section Cross References

    basei2c.o(i.Init_I2C) refers to i2c_lpc17xx.o(.constdata) for Driver_I2C0
    basei2c.o(i.main) refers to _printf_pad.o(.text) for _printf_pre_padding
    basei2c.o(i.main) refers to _printf_percent.o(.ARM.Collect$$_printf_percent$$00000000) for _printf_percent
    basei2c.o(i.main) refers to _printf_d.o(.ARM.Collect$$_printf_percent$$00000009) for _printf_d
    basei2c.o(i.main) refers to _printf_dec.o(.text) for _printf_int_dec
    basei2c.o(i.main) refers to glcd_mcb1700.o(i.GLCD_Initialize) for GLCD_Initialize
    basei2c.o(i.main) refers to glcd_mcb1700.o(i.GLCD_ClearScreen) for GLCD_ClearScreen
    basei2c.o(i.main) refers to glcd_mcb1700.o(i.GLCD_SetFont) for GLCD_SetFont
    basei2c.o(i.main) refers to basei2c.o(i.Init_I2C) for Init_I2C
    basei2c.o(i.main) refers to basei2c.o(i.write1byte) for write1byte
    basei2c.o(i.main) refers to basei2c.o(i.read1byte) for read1byte
    basei2c.o(i.main) refers to noretval__2sprintf.o(.text) for __2sprintf
    basei2c.o(i.main) refers to glcd_mcb1700.o(i.GLCD_DrawString) for GLCD_DrawString
    basei2c.o(i.main) refers to glcd_fonts.o(.constdata) for GLCD_Font_16x24
    basei2c.o(i.main) refers to basei2c.o(.data) for Y1
    basei2c.o(i.read1byte) refers to basei2c.o(.bss) for tab
    basei2c.o(i.read1byte) refers to i2c_lpc17xx.o(.constdata) for Driver_I2C0
    basei2c.o(i.read1byte) refers to basei2c.o(.data) for maValeur
    basei2c.o(i.write1byte) refers to basei2c.o(.bss) for tab
    basei2c.o(i.write1byte) refers to i2c_lpc17xx.o(.constdata) for Driver_I2C0
    glcd_mcb1700.o(i.GLCD_ClearScreen) refers to glcd_mcb1700.o(i.GLCD_SetWindow) for GLCD_SetWindow
    glcd_mcb1700.o(i.GLCD_ClearScreen) refers to glcd_mcb1700.o(i.wr_cmd) for wr_cmd
    glcd_mcb1700.o(i.GLCD_ClearScreen) refers to glcd_mcb1700.o(i.wr_dat_start) for wr_dat_start
    glcd_mcb1700.o(i.GLCD_ClearScreen) refers to glcd_mcb1700.o(i.wr_dat_only) for wr_dat_only
    glcd_mcb1700.o(i.GLCD_ClearScreen) refers to glcd_mcb1700.o(i.wr_dat_stop) for wr_dat_stop
    glcd_mcb1700.o(i.GLCD_ClearScreen) refers to glcd_mcb1700.o(.data) for background_color
    glcd_mcb1700.o(i.GLCD_DrawBargraph) refers to glcd_mcb1700.o(i.GLCD_SetWindow) for GLCD_SetWindow
    glcd_mcb1700.o(i.GLCD_DrawBargraph) refers to glcd_mcb1700.o(i.wr_cmd) for wr_cmd
    glcd_mcb1700.o(i.GLCD_DrawBargraph) refers to glcd_mcb1700.o(i.wr_dat_start) for wr_dat_start
    glcd_mcb1700.o(i.GLCD_DrawBargraph) refers to glcd_mcb1700.o(i.wr_dat_only) for wr_dat_only
    glcd_mcb1700.o(i.GLCD_DrawBargraph) refers to glcd_mcb1700.o(i.wr_dat_stop) for wr_dat_stop
    glcd_mcb1700.o(i.GLCD_DrawBargraph) refers to glcd_mcb1700.o(.data) for background_color
    glcd_mcb1700.o(i.GLCD_DrawBitmap) refers to glcd_mcb1700.o(i.GLCD_SetWindow) for GLCD_SetWindow
    glcd_mcb1700.o(i.GLCD_DrawBitmap) refers to glcd_mcb1700.o(i.wr_cmd) for wr_cmd
    glcd_mcb1700.o(i.GLCD_DrawBitmap) refers to glcd_mcb1700.o(i.wr_dat_start) for wr_dat_start
    glcd_mcb1700.o(i.GLCD_DrawBitmap) refers to glcd_mcb1700.o(i.wr_dat_only) for wr_dat_only
    glcd_mcb1700.o(i.GLCD_DrawBitmap) refers to glcd_mcb1700.o(i.wr_dat_stop) for wr_dat_stop
    glcd_mcb1700.o(i.GLCD_DrawChar) refers to glcd_mcb1700.o(i.GLCD_SetWindow) for GLCD_SetWindow
    glcd_mcb1700.o(i.GLCD_DrawChar) refers to glcd_mcb1700.o(i.wr_cmd) for wr_cmd
    glcd_mcb1700.o(i.GLCD_DrawChar) refers to glcd_mcb1700.o(i.wr_dat_start) for wr_dat_start
    glcd_mcb1700.o(i.GLCD_DrawChar) refers to glcd_mcb1700.o(i.wr_dat_only) for wr_dat_only
    glcd_mcb1700.o(i.GLCD_DrawChar) refers to glcd_mcb1700.o(i.wr_dat_stop) for wr_dat_stop
    glcd_mcb1700.o(i.GLCD_DrawChar) refers to glcd_mcb1700.o(.data) for active_font
    glcd_mcb1700.o(i.GLCD_DrawHLine) refers to glcd_mcb1700.o(i.GLCD_SetWindow) for GLCD_SetWindow
    glcd_mcb1700.o(i.GLCD_DrawHLine) refers to glcd_mcb1700.o(i.wr_cmd) for wr_cmd
    glcd_mcb1700.o(i.GLCD_DrawHLine) refers to glcd_mcb1700.o(i.wr_dat_start) for wr_dat_start
    glcd_mcb1700.o(i.GLCD_DrawHLine) refers to glcd_mcb1700.o(i.wr_dat_only) for wr_dat_only
    glcd_mcb1700.o(i.GLCD_DrawHLine) refers to glcd_mcb1700.o(i.wr_dat_stop) for wr_dat_stop
    glcd_mcb1700.o(i.GLCD_DrawHLine) refers to glcd_mcb1700.o(.data) for foreground_color
    glcd_mcb1700.o(i.GLCD_DrawPixel) refers to glcd_mcb1700.o(i.GLCD_SetWindow) for GLCD_SetWindow
    glcd_mcb1700.o(i.GLCD_DrawPixel) refers to glcd_mcb1700.o(i.wr_reg) for wr_reg
    glcd_mcb1700.o(i.GLCD_DrawPixel) refers to glcd_mcb1700.o(i.wr_cmd) for wr_cmd
    glcd_mcb1700.o(i.GLCD_DrawPixel) refers to glcd_mcb1700.o(.data) for Himax
    glcd_mcb1700.o(i.GLCD_DrawPixel) refers to ssp_lpc17xx.o(.constdata) for Driver_SPI1
    glcd_mcb1700.o(i.GLCD_DrawRectangle) refers to glcd_mcb1700.o(i.GLCD_DrawHLine) for GLCD_DrawHLine
[...]
    libinit.o(.ARM.Collect$$libinit$$00000000) refers (Special) to libinit2.o(.ARM.Collect$$libinit$$00000011) for __rt_lib_init_lc_collate_1
    libinit.o(.ARM.Collect$$libinit$$00000000) refers (Special) to libinit2.o(.ARM.Collect$$libinit$$00000013) for __rt_lib_init_lc_ctype_1
    libinit.o(.ARM.Collect$$libinit$$00000000) refers (Special) to libinit2.o(.ARM.Collect$$libinit$$00000015) for __rt_lib_init_lc_monetary_1
    libinit.o(.ARM.Collect$$libinit$$00000000) refers (Special) to libinit2.o(.ARM.Collect$$libinit$$00000017) for __rt_lib_init_lc_numeric_1
    libinit.o(.ARM.Collect$$libinit$$00000000) refers (Special) to libinit2.o(.ARM.Collect$$libinit$$00000019) for __rt_lib_init_lc_time_1
    libinit.o(.ARM.Collect$$libinit$$00000000) refers (Special) to libinit2.o(.ARM.Collect$$libinit$$00000004) for __rt_lib_init_preinit_1
    libinit.o(.ARM.Collect$$libinit$$00000000) refers (Special) to libinit2.o(.ARM.Collect$$libinit$$0000000E) for __rt_lib_init_rand_1
    libinit.o(.ARM.Collect$$libinit$$00000000) refers (Special) to libinit2.o(.ARM.Collect$$libinit$$00000033) for __rt_lib_init_return
    libinit.o(.ARM.Collect$$libinit$$00000000) refers (Special) to libinit2.o(.ARM.Collect$$libinit$$0000001D) for __rt_lib_init_signal_1
    libinit.o(.ARM.Collect$$libinit$$00000000) refers (Special) to libinit2.o(.ARM.Collect$$libinit$$00000025) for __rt_lib_init_stdio_1
    libinit.o(.ARM.Collect$$libinit$$00000000) refers (Special) to libinit2.o(.ARM.Collect$$libinit$$0000000C) for __rt_lib_init_user_alloc_1
    libspace.o(.text) refers to libspace.o(.bss) for __libspace_start
    rtexit.o(.ARM.Collect$$rtexit$$00000000) refers (Special) to rtexit2.o(.ARM.Collect$$rtexit$$00000004) for __rt_exit_exit
    rtexit.o(.ARM.Collect$$rtexit$$00000000) refers (Special) to rtexit2.o(.ARM.Collect$$rtexit$$00000003) for __rt_exit_ls
    rtexit.o(.ARM.Collect$$rtexit$$00000000) refers (Special) to rtexit2.o(.ARM.Collect$$rtexit$$00000002) for __rt_exit_prels_1
    rtexit.o(.ARM.exidx) refers (Special) to rtexit2.o(.ARM.Collect$$rtexit$$00000004) for __rt_exit_exit
    rtexit.o(.ARM.exidx) refers (Special) to rtexit2.o(.ARM.Collect$$rtexit$$00000003) for __rt_exit_ls
    rtexit.o(.ARM.exidx) refers (Special) to rtexit2.o(.ARM.Collect$$rtexit$$00000002) for __rt_exit_prels_1
    rtexit.o(.ARM.exidx) refers to rtexit.o(.ARM.Collect$$rtexit$$00000000) for .ARM.Collect$$rtexit$$00000000
    rt_raise.o(.text) refers to __raise.o(.text) for __raise
    rt_raise.o(.text) refers to sys_exit.o(.text) for _sys_exit
    defsig_exit.o(.text) refers to sys_exit.o(.text) for _sys_exit
    defsig_fpe_inner.o(.text) refers to defsig_general.o(.text) for __default_signal_display
    libinit2.o(.ARM.Collect$$libinit$$00000010) refers to libinit2.o(.ARM.Collect$$libinit$$0000000F) for .ARM.Collect$$libinit$$0000000F
    libinit2.o(.ARM.Collect$$libinit$$00000012) refers to libinit2.o(.ARM.Collect$$libinit$$0000000F) for .ARM.Collect$$libinit$$0000000F
    libinit2.o(.ARM.Collect$$libinit$$00000014) refers to libinit2.o(.ARM.Collect$$libinit$$0000000F) for .ARM.Collect$$libinit$$0000000F
    libinit2.o(.ARM.Collect$$libinit$$00000016) refers to libinit2.o(.ARM.Collect$$libinit$$0000000F) for .ARM.Collect$$libinit$$0000000F
    libinit2.o(.ARM.Collect$$libinit$$00000018) refers to libinit2.o(.ARM.Collect$$libinit$$0000000F) for .ARM.Collect$$libinit$$0000000F
    libinit2.o(.ARM.Collect$$libinit$$00000026) refers to argv_veneer.o(.emb_text) for __ARM_argv_veneer
    libinit2.o(.ARM.Collect$$libinit$$00000027) refers to argv_veneer.o(.emb_text) for __ARM_argv_veneer
    sys_exit.o(.text) refers (Special) to use_no_semi.o(.text) for __I$use$semihosting
    sys_exit.o(.text) refers (Special) to indicate_semi.o(.text) for __semihosting_library_function
    rtexit2.o(.ARM.Collect$$rtexit$$00000003) refers to libshutdown.o(.ARM.Collect$$libshutdown$$00000000) for __rt_lib_shutdown
    rtexit2.o(.ARM.Collect$$rtexit$$00000004) refers to sys_exit.o(.text) for _sys_exit
    rtexit2.o(.ARM.exidx) refers to rtexit2.o(.ARM.Collect$$rtexit$$00000001) for .ARM.Collect$$rtexit$$00000001
    rtexit2.o(.ARM.exidx) refers to rtexit2.o(.ARM.Collect$$rtexit$$00000003) for .ARM.Collect$$rtexit$$00000003
    rtexit2.o(.ARM.exidx) refers to rtexit2.o(.ARM.Collect$$rtexit$$00000004) for .ARM.Collect$$rtexit$$00000004
    __raise.o(.text) refers to defsig.o(CL$$defsig) for __default_signal_handler
    defsig_general.o(.text) refers to sys_wrch.o(.text) for _ttywrch
    argv_veneer.o(.emb_text) refers to no_argv.o(.text) for __ARM_get_argv
    sys_wrch.o(.text) refers (Special) to use_no_semi.o(.text) for __I$use$semihosting
    sys_wrch.o(.text) refers (Special) to indicate_semi.o(.text) for __semihosting_library_function
    defsig.o(CL$$defsig) refers to defsig_fpe_inner.o(.text) for __rt_SIGFPE_inner
    defsig.o(CL$$defsig) refers to defsig_rtmem_inner.o(.text) for __rt_SIGRTMEM_inner
    _get_argv_nomalloc.o(.text) refers (Special) to hrguard.o(.text) for __heap_region$guard
    _get_argv_nomalloc.o(.text) refers to defsig_rtmem_outer.o(.text) for __rt_SIGRTMEM
    _get_argv_nomalloc.o(.text) refers to sys_command.o(.text) for _sys_command_string
    libshutdown.o(.ARM.Collect$$libshutdown$$00000000) refers (Special) to libshutdown2.o(.ARM.Collect$$libshutdown$$00000002) for __rt_lib_shutdown_cpp_1
    libshutdown.o(.ARM.Collect$$libshutdown$$00000000) refers (Special) to libshutdown2.o(.ARM.Collect$$libshutdown$$00000007) for __rt_lib_shutdown_fp_trap_1
    libshutdown.o(.ARM.Collect$$libshutdown$$00000000) refers (Special) to libshutdown2.o(.ARM.Collect$$libshutdown$$0000000F) for __rt_lib_shutdown_heap_1
    libshutdown.o(.ARM.Collect$$libshutdown$$00000000) refers (Special) to libshutdown2.o(.ARM.Collect$$libshutdown$$00000010) for __rt_lib_shutdown_return
    libshutdown.o(.ARM.Collect$$libshutdown$$00000000) refers (Special) to libshutdown2.o(.ARM.Collect$$libshutdown$$0000000A) for __rt_lib_shutdown_signal_1
    libshutdown.o(.ARM.Collect$$libshutdown$$00000000) refers (Special) to libshutdown2.o(.ARM.Collect$$libshutdown$$00000004) for __rt_lib_shutdown_stdio_1
    libshutdown.o(.ARM.Collect$$libshutdown$$00000000) refers (Special) to libshutdown2.o(.ARM.Collect$$libshutdown$$0000000C) for __rt_lib_shutdown_user_alloc_1
    sys_command.o(.text) refers (Special) to use_no_semi.o(.text) for __I$use$semihosting
    sys_command.o(.text) refers (Special) to indicate_semi.o(.text) for __semihosting_library_function
    defsig_abrt_inner.o(.text) refers to defsig_general.o(.text) for __default_signal_display
    defsig_rtred_inner.o(.text) refers to defsig_general.o(.text) for __default_signal_display
    defsig_rtmem_inner.o(.text) refers to defsig_general.o(.text) for __default_signal_display
    defsig_rtmem_outer.o(.text) refers to defsig_rtmem_inner.o(.text) for __rt_SIGRTMEM_inner
    defsig_rtmem_outer.o(.text) refers to defsig_exit.o(.text) for __sig_exit
    defsig_rtmem_formal.o(.text) refers to rt_raise.o(.text) for __rt_raise
    defsig_stak_inner.o(.text) refers to defsig_general.o(.text) for __default_signal_display
    defsig_pvfn_inner.o(.text) refers to defsig_general.o(.text) for __default_signal_display
    defsig_cppl_inner.o(.text) refers to defsig_general.o(.text) for __default_signal_display
    defsig_segv_inner.o(.text) refers to defsig_general.o(.text) for __default_signal_display
    defsig_other.o(.text) refers to defsig_general.o(.text) for __default_signal_display


==============================================================================

Removing Unused input sections from the image.

    Removing glcd_mcb1700.o(.rev16_text), (4 bytes).
    Removing glcd_mcb1700.o(.revsh_text), (4 bytes).
    Removing glcd_mcb1700.o(.rrx_text), (6 bytes).
    Removing glcd_mcb1700.o(i.GLCD_DrawBargraph), (108 bytes).
    Removing glcd_mcb1700.o(i.GLCD_DrawBitmap), (92 bytes).
    Removing glcd_mcb1700.o(i.GLCD_DrawHLine), (60 bytes).
    Removing glcd_mcb1700.o(i.GLCD_DrawPixel), (212 bytes).
    Removing glcd_mcb1700.o(i.GLCD_DrawRectangle), (58 bytes).
    Removing glcd_mcb1700.o(i.GLCD_DrawVLine), (60 bytes).
    Removing glcd_mcb1700.o(i.GLCD_FrameBufferAccess), (44 bytes).
    Removing glcd_mcb1700.o(i.GLCD_FrameBufferAddress), (4 bytes).
    Removing glcd_mcb1700.o(i.GLCD_SetBackgroundColor), (16 bytes).
    Removing glcd_mcb1700.o(i.GLCD_SetForegroundColor), (16 bytes).
    Removing glcd_mcb1700.o(i.GLCD_Uninitialize), (36 bytes).
    Removing glcd_mcb1700.o(i.GLCD_VScroll), (8 bytes).
    Removing i2c_lpc17xx.o(.rev16_text), (4 bytes).
    Removing i2c_lpc17xx.o(.revsh_text), (4 bytes).
    Removing i2c_lpc17xx.o(.rrx_text), (6 bytes).
    Removing ssp_lpc17xx.o(.rev16_text), (4 bytes).
    Removing ssp_lpc17xx.o(.revsh_text), (4 bytes).
    Removing ssp_lpc17xx.o(.rrx_text), (6 bytes).
    Removing gpdma_lpc17xx.o(.rev16_text), (4 bytes).
    Removing gpdma_lpc17xx.o(.revsh_text), (4 bytes).
    Removing gpdma_lpc17xx.o(.rrx_text), (6 bytes).
    Removing gpdma_lpc17xx.o(i.GPDMA_ChannelEnable), (60 bytes).
    Removing gpdma_lpc17xx.o(i.GPDMA_ChannelGetStatus), (36 bytes).
    Removing gpio_lpc17xx.o(.rev16_text), (4 bytes).
    Removing gpio_lpc17xx.o(.revsh_text), (4 bytes).
    Removing gpio_lpc17xx.o(.rrx_text), (6 bytes).
    Removing gpio_lpc17xx.o(i.GPIO_PortRead), (20 bytes).
    Removing gpio_lpc17xx.o(i.GPIO_PortWrite), (32 bytes).
    Removing pin_lpc17xx.o(.rev16_text), (4 bytes).
    Removing pin_lpc17xx.o(.revsh_text), (4 bytes).
    Removing pin_lpc17xx.o(.rrx_text), (6 bytes).
    Removing pin_lpc17xx.o(i.PIN_ConfigureTPIU), (40 bytes).
    Removing system_lpc17xx.o(.rev16_text), (4 bytes).
    Removing system_lpc17xx.o(.revsh_text), (4 bytes).
    Removing system_lpc17xx.o(.rrx_text), (6 bytes).
    Removing system_lpc17xx.o(i.SystemCoreClockUpdate), (424 bytes).

39 unused section(s) (total 1424 bytes) removed from the image.

==============================================================================

Image Symbol Table

    Local Symbols

    Symbol Name                              Value     Ov Type        Size  Object(Section)

    RESET                                    0x00000000   Section      204  startup_lpc17xx.o(RESET)
    ../clib/angel/boardlib.s                 0x00000000   Number         0  boardinit2.o ABSOLUTE
    ../clib/angel/boardlib.s                 0x00000000   Number         0  boardinit3.o ABSOLUTE
    ../clib/angel/boardlib.s                 0x00000000   Number         0  boardshut.o ABSOLUTE
    ../clib/angel/boardlib.s                 0x00000000   Number         0  boardinit1.o ABSOLUTE
    ../clib/angel/handlers.s                 0x00000000   Number         0  __scatter_zi.o ABSOLUTE
    ../clib/angel/handlers.s                 0x00000000   Number         0  __scatter_copy.o ABSOLUTE
    ../clib/angel/kernel.s                   0x00000000   Number         0  rtexit2.o ABSOLUTE
    ../clib/angel/kernel.s                   0x00000000   Number         0  rtexit.o ABSOLUTE
    ../clib/angel/kernel.s                   0x00000000   Number         0  __rtentry4.o ABSOLUTE
    ../clib/angel/kernel.s                   0x00000000   Number         0  __rtentry.o ABSOLUTE
    ../clib/angel/kernel.s                   0x00000000   Number         0  __rtentry2.o ABSOLUTE
    ../clib/angel/rt.s                       0x00000000   Number         0  aeabi_ldiv0_sigfpe.o ABSOLUTE
    ../clib/angel/rt.s                       0x00000000   Number         0  aeabi_ldiv0.o ABSOLUTE
    ../clib/angel/rt.s                       0x00000000   Number         0  rt_div0.o ABSOLUTE
    ../clib/angel/rt.s                       0x00000000   Number         0  rt_raise.o ABSOLUTE
    ../clib/angel/scatter.s                  0x00000000   Number         0  __scatter.o ABSOLUTE
    ../clib/angel/startup.s                  0x00000000   Number         0  __main.o ABSOLUTE
    ../clib/angel/sys.s                      0x00000000   Number         0  libspace.o ABSOLUTE
    ../clib/angel/sys.s                      0x00000000   Number         0  sys_stackheap_outer.o ABSOLUTE
    ../clib/angel/sys.s                      0x00000000   Number         0  indicate_semi.o ABSOLUTE
    ../clib/angel/sys.s                      0x00000000   Number         0  use_no_semi.o ABSOLUTE
    ../clib/angel/sysapp.c                   0x00000000   Number         0  sys_exit.o ABSOLUTE
    ../clib/angel/sysapp.c                   0x00000000   Number         0  sys_command.o ABSOLUTE
    ../clib/angel/sysapp.c                   0x00000000   Number         0  sys_wrch.o ABSOLUTE
    ../clib/armsys.c                         0x00000000   Number         0  argv_veneer.o ABSOLUTE
    ../clib/armsys.c                         0x00000000   Number         0  argv_veneer.o ABSOLUTE
    ../clib/armsys.c                         0x00000000   Number         0  no_argv.o ABSOLUTE
    ../clib/armsys.c                         0x00000000   Number         0  _get_argv_nomalloc.o ABSOLUTE
    ../clib/heapalloc.c                      0x00000000   Number         0  hrguard.o ABSOLUTE
    ../clib/heapaux.c                        0x00000000   Number         0  heapauxi.o ABSOLUTE
    ../clib/libinit.s                        0x00000000   Number         0  libshutdown.o ABSOLUTE
    ../clib/libinit.s                        0x00000000   Number         0  libshutdown2.o ABSOLUTE
    ../clib/libinit.s                        0x00000000   Number         0  libinit2.o ABSOLUTE
    ../clib/libinit.s                        0x00000000   Number         0  libinit.o ABSOLUTE
    ../clib/longlong.s                       0x00000000   Number         0  lludivv7m.o ABSOLUTE
    ../clib/memcpset.s                       0x00000000   Number         0  rt_memclr_w.o ABSOLUTE
    ../clib/misc.s                           0x00000000   Number         0  printf_stubs.o ABSOLUTE
    ../clib/printf.c                         0x00000000   Number         0  noretval__2sprintf.o ABSOLUTE
    ../clib/printf.c                         0x00000000   Number         0  __printf_flags_ss_wp.o ABSOLUTE
    ../clib/printf.c                         0x00000000   Number         0  __printf_ss_wp.o ABSOLUTE
    ../clib/printf.c                         0x00000000   Number         0  __printf_flags_wp.o ABSOLUTE
    ../clib/printf.c                         0x00000000   Number         0  __printf_wp.o ABSOLUTE
    ../clib/printf.c                         0x00000000   Number         0  __printf_flags_ss.o ABSOLUTE
    ../clib/printf.c                         0x00000000   Number         0  __printf_flags.o ABSOLUTE
    ../clib/printf.c                         0x00000000   Number         0  _printf_dec.o ABSOLUTE
    ../clib/printf.c                         0x00000000   Number         0  __printf.o ABSOLUTE
    ../clib/printf.c                         0x00000000   Number         0  __2sprintf.o ABSOLUTE
    ../clib/printf.c                         0x00000000   Number         0  __printf_ss.o ABSOLUTE
    ../clib/printf.c                         0x00000000   Number         0  _printf_pad.o ABSOLUTE
    ../clib/printf.c                         0x00000000   Number         0  __printf_nopercent.o ABSOLUTE
    ../clib/printf.c                         0x00000000   Number         0  _sputc.o ABSOLUTE
    ../clib/printf.c                         0x00000000   Number         0  _printf_char_common.o ABSOLUTE
    ../clib/printf.c                         0x00000000   Number         0  _printf_intcommon.o ABSOLUTE
    ../clib/printf_percent.s                 0x00000000   Number         0  _printf_percent.o ABSOLUTE
    ../clib/printf_percent.s                 0x00000000   Number         0  _printf_d.o ABSOLUTE
    ../clib/printf_percent.s                 0x00000000   Number         0  _printf_percent_end.o ABSOLUTE
    ../clib/signal.c                         0x00000000   Number         0  defsig_other.o ABSOLUTE
    ../clib/signal.c                         0x00000000   Number         0  defsig_segv_inner.o ABSOLUTE
    ../clib/signal.c                         0x00000000   Number         0  defsig_cppl_inner.o ABSOLUTE
    ../clib/signal.c                         0x00000000   Number         0  defsig_stak_inner.o ABSOLUTE
    ../clib/signal.c                         0x00000000   Number         0  defsig_exit.o ABSOLUTE
    ../clib/signal.c                         0x00000000   Number         0  defsig_pvfn_inner.o ABSOLUTE
    ../clib/signal.c                         0x00000000   Number         0  __raise.o ABSOLUTE
    ../clib/signal.c                         0x00000000   Number         0  defsig_general.o ABSOLUTE
    ../clib/signal.c                         0x00000000   Number         0  defsig_rtmem_inner.o ABSOLUTE
    ../clib/signal.c                         0x00000000   Number         0  defsig_rtmem_formal.o ABSOLUTE
    ../clib/signal.c                         0x00000000   Number         0  defsig_abrt_inner.o ABSOLUTE
    ../clib/signal.c                         0x00000000   Number         0  defsig_fpe_formal.o ABSOLUTE
    ../clib/signal.c                         0x00000000   Number         0  defsig_fpe_outer.o ABSOLUTE
    ../clib/signal.c                         0x00000000   Number         0  defsig_fpe_inner.o ABSOLUTE
    ../clib/signal.c                         0x00000000   Number         0  defsig_rtmem_outer.o ABSOLUTE
    ../clib/signal.c                         0x00000000   Number         0  defsig_rtred_inner.o ABSOLUTE
    ../clib/signal.s                         0x00000000   Number         0  defsig.o ABSOLUTE
    ../clib/stdlib.c                         0x00000000   Number         0  exit.o ABSOLUTE
    ../fplib/fpinit.s                        0x00000000   Number         0  fpinit.o ABSOLUTE
    C:\Keil_v5\ARM\PACK\Keil\LPC1700_DFP\3.0.0\Boards\Keil\MCB1700\Common\GLCD_Fonts.c 0x00000000   Number         0  glcd_fonts.o ABSOLUTE
    C:\Keil_v5\ARM\PACK\Keil\LPC1700_DFP\3.0.0\Boards\Keil\MCB1700\Common\GLCD_MCB1700.c 0x00000000   Number         0  glcd_mcb1700.o ABSOLUTE
    C:\Keil_v5\ARM\PACK\Keil\LPC1700_DFP\3.0.0\RTE_Driver\GPDMA_LPC17xx.c 0x00000000   Number         0  gpdma_lpc17xx.o ABSOLUTE
    C:\Keil_v5\ARM\PACK\Keil\LPC1700_DFP\3.0.0\RTE_Driver\GPIO_LPC17xx.c 0x00000000   Number         0  gpio_lpc17xx.o ABSOLUTE
    C:\Keil_v5\ARM\PACK\Keil\LPC1700_DFP\3.0.0\RTE_Driver\I2C_LPC17xx.c 0x00000000   Number         0  i2c_lpc17xx.o ABSOLUTE
    C:\Keil_v5\ARM\PACK\Keil\LPC1700_DFP\3.0.0\RTE_Driver\PIN_LPC17xx.c 0x00000000   Number         0  pin_lpc17xx.o ABSOLUTE
    C:\Keil_v5\ARM\PACK\Keil\LPC1700_DFP\3.0.0\RTE_Driver\SSP_LPC17xx.c 0x00000000   Number         0  ssp_lpc17xx.o ABSOLUTE
    C:\\Keil_v5\\ARM\\PACK\\Keil\\LPC1700_DFP\\3.0.0\\Boards\\Keil\\MCB1700\\Common\\GLCD_MCB1700.c 0x00000000   Number         0  glcd_mcb1700.o ABSOLUTE
    C:\\Keil_v5\\ARM\\PACK\\Keil\\LPC1700_DFP\\3.0.0\\RTE_Driver\\GPDMA_LPC17xx.c 0x00000000   Number         0  gpdma_lpc17xx.o ABSOLUTE
    C:\\Keil_v5\\ARM\\PACK\\Keil\\LPC1700_DFP\\3.0.0\\RTE_Driver\\GPIO_LPC17xx.c 0x00000000   Number         0  gpio_lpc17xx.o ABSOLUTE
    C:\\Keil_v5\\ARM\\PACK\\Keil\\LPC1700_DFP\\3.0.0\\RTE_Driver\\I2C_LPC17xx.c 0x00000000   Number         0  i2c_lpc17xx.o ABSOLUTE
    C:\\Keil_v5\\ARM\\PACK\\Keil\\LPC1700_DFP\\3.0.0\\RTE_Driver\\PIN_LPC17xx.c 0x00000000   Number         0  pin_lpc17xx.o ABSOLUTE
    C:\\Keil_v5\\ARM\\PACK\\Keil\\LPC1700_DFP\\3.0.0\\RTE_Driver\\SSP_LPC17xx.c 0x00000000   Number         0  ssp_lpc17xx.o ABSOLUTE
    RTE\Device\LPC1768\startup_LPC17xx.s     0x00000000   Number         0  startup_lpc17xx.o ABSOLUTE
    RTE\Device\LPC1768\system_LPC17xx.c      0x00000000   Number         0  system_lpc17xx.o ABSOLUTE
    RTE\\Device\\LPC1768\\system_LPC17xx.c   0x00000000   Number         0  system_lpc17xx.o ABSOLUTE
    baseI2C.c                                0x00000000   Number         0  basei2c.o ABSOLUTE
    dc.s                                     0x00000000   Number         0  dc.o ABSOLUTE
    !!!main                                  0x000000cc   Section        8  __main.o(!!!main)
    !!!scatter                               0x000000d4   Section       52  __scatter.o(!!!scatter)
    !!handler_copy                           0x00000108   Section       26  __scatter_copy.o(!!handler_copy)
    !!handler_zi                             0x00000124   Section       28  __scatter_zi.o(!!handler_zi)
    .ARM.Collect$$_printf_percent$$00000000  0x00000140   Section        0  _printf_percent.o(.ARM.Collect$$_printf_percent$$00000000)
    .ARM.Collect$$_printf_percent$$00000009  0x00000140   Section        6  _printf_d.o(.ARM.Collect$$_printf_percent$$00000009)
    .ARM.Collect$$_printf_percent$$00000017  0x00000146   Section        4  _printf_percent_end.o(.ARM.Collect$$_printf_percent$$00000017)
    .ARM.Collect$$libinit$$00000000          0x0000014a   Section        2  libinit.o(.ARM.Collect$$libinit$$00000000)
    .ARM.Collect$$libinit$$00000002          0x0000014c   Section        0  libinit2.o(.ARM.Collect$$libinit$$00000002)
    .ARM.Collect$$libinit$$00000004          0x0000014c   Section        0  libinit2.o(.ARM.Collect$$libinit$$00000004)
    .ARM.Collect$$libinit$$0000000A          0x0000014c   Section        0  libinit2.o(.ARM.Collect$$libinit$$0000000A)
    .ARM.Collect$$libinit$$0000000C          0x0000014c   Section        0  libinit2.o(.ARM.Collect$$libinit$$0000000C)
    .ARM.Collect$$libinit$$0000000E          0x0000014c   Section        0  libinit2.o(.ARM.Collect$$libinit$$0000000E)
    .ARM.Collect$$libinit$$00000011          0x0000014c   Section        0  libinit2.o(.ARM.Collect$$libinit$$00000011)
    .ARM.Collect$$libinit$$00000013          0x0000014c   Section        0  libinit2.o(.ARM.Collect$$libinit$$00000013)
    .ARM.Collect$$libinit$$00000015          0x0000014c   Section        0  libinit2.o(.ARM.Collect$$libinit$$00000015)
    .ARM.Collect$$libinit$$00000017          0x0000014c   Section        0  libinit2.o(.ARM.Collect$$libinit$$00000017)
    .ARM.Collect$$libinit$$00000019          0x0000014c   Section        0  libinit2.o(.ARM.Collect$$libinit$$00000019)
    .ARM.Collect$$libinit$$0000001B          0x0000014c   Section        0  libinit2.o(.ARM.Collect$$libinit$$0000001B)
    .ARM.Collect$$libinit$$0000001D          0x0000014c   Section        0  libinit2.o(.ARM.Collect$$libinit$$0000001D)
    .ARM.Collect$$libinit$$0000001F          0x0000014c   Section        0  libinit2.o(.ARM.Collect$$libinit$$0000001F)
    .ARM.Collect$$libinit$$00000021          0x0000014c   Section        0  libinit2.o(.ARM.Collect$$libinit$$00000021)
    .ARM.Collect$$libinit$$00000023          0x0000014c   Section        0  libinit2.o(.ARM.Collect$$libinit$$00000023)
    .ARM.Collect$$libinit$$00000025          0x0000014c   Section        0  libinit2.o(.ARM.Collect$$libinit$$00000025)
    .ARM.Collect$$libinit$$0000002C          0x0000014c   Section        0  libinit2.o(.ARM.Collect$$libinit$$0000002C)
    .ARM.Collect$$libinit$$0000002E          0x0000014c   Section        0  libinit2.o(.ARM.Collect$$libinit$$0000002E)
    .ARM.Collect$$libinit$$00000030          0x0000014c   Section        0  libinit2.o(.ARM.Collect$$libinit$$00000030)
    .ARM.Collect$$libinit$$00000032          0x0000014c   Section        0  libinit2.o(.ARM.Collect$$libinit$$00000032)
    .ARM.Collect$$libinit$$00000033          0x0000014c   Section        2  libinit2.o(.ARM.Collect$$libinit$$00000033)
    .ARM.Collect$$libshutdown$$00000000      0x0000014e   Section        2  libshutdown.o(.ARM.Collect$$libshutdown$$00000000)
    .ARM.Collect$$libshutdown$$00000002      0x00000150   Section        0  libshutdown2.o(.ARM.Collect$$libshutdown$$00000002)
    .ARM.Collect$$libshutdown$$00000004      0x00000150   Section        0  libshutdown2.o(.ARM.Collect$$libshutdown$$00000004)
    .ARM.Collect$$libshutdown$$00000007      0x00000150   Section        0  libshutdown2.o(.ARM.Collect$$libshutdown$$00000007)
    .ARM.Collect$$libshutdown$$0000000A      0x00000150   Section        0  libshutdown2.o(.ARM.Collect$$libshutdown$$0000000A)
    .ARM.Collect$$libshutdown$$0000000C      0x00000150   Section        0  libshutdown2.o(.ARM.Collect$$libshutdown$$0000000C)
    .ARM.Collect$$libshutdown$$0000000F      0x00000150   Section        0  libshutdown2.o(.ARM.Collect$$libshutdown$$0000000F)
    .ARM.Collect$$libshutdown$$00000010      0x00000150   Section        2  libshutdown2.o(.ARM.Collect$$libshutdown$$00000010)
    .ARM.Collect$$rtentry$$00000000          0x00000152   Section        0  __rtentry.o(.ARM.Collect$$rtentry$$00000000)
    .ARM.Collect$$rtentry$$00000002          0x00000152   Section        0  __rtentry2.o(.ARM.Collect$$rtentry$$00000002)
    .ARM.Collect$$rtentry$$00000004          0x00000152   Section        6  __rtentry4.o(.ARM.Collect$$rtentry$$00000004)
    .ARM.Collect$$rtentry$$00000009          0x00000158   Section        0  __rtentry2.o(.ARM.Collect$$rtentry$$00000009)
    .ARM.Collect$$rtentry$$0000000A          0x00000158   Section        4  __rtentry2.o(.ARM.Collect$$rtentry$$0000000A)
    .ARM.Collect$$rtentry$$0000000C          0x0000015c   Section        0  __rtentry2.o(.ARM.Collect$$rtentry$$0000000C)
    .ARM.Collect$$rtentry$$0000000D          0x0000015c   Section        8  __rtentry2.o(.ARM.Collect$$rtentry$$0000000D)
    .ARM.Collect$$rtexit$$00000000           0x00000164   Section        2  rtexit.o(.ARM.Collect$$rtexit$$00000000)
    .ARM.Collect$$rtexit$$00000002           0x00000166   Section        0  rtexit2.o(.ARM.Collect$$rtexit$$00000002)
    .ARM.Collect$$rtexit$$00000003           0x00000166   Section        4  rtexit2.o(.ARM.Collect$$rtexit$$00000003)
    .ARM.Collect$$rtexit$$00000004           0x0000016a   Section        6  rtexit2.o(.ARM.Collect$$rtexit$$00000004)
    .text                                    0x00000170   Section       60  startup_lpc17xx.o(.text)
    .text                                    0x000001ac   Section        0  noretval__2sprintf.o(.text)
    .text                                    0x000001d4   Section        0  _printf_pad.o(.text)
    .text                                    0x00000224   Section        0  _printf_dec.o(.text)
    .text                                    0x0000029c   Section       78  rt_memclr_w.o(.text)
    .text                                    0x000002ea   Section        0  heapauxi.o(.text)
    .text                                    0x000002f0   Section        0  _sputc.o(.text)
    .text                                    0x000002fa   Section        2  use_no_semi.o(.text)
    .ARM.__at_0x02FC                         0x000002fc   Section        4  startup_lpc17xx.o(.ARM.__at_0x02FC)
    .text                                    0x00000300   Section        0  __printf_flags_wp.o(.text)
    .text                                    0x00000438   Section        0  _printf_intcommon.o(.text)
    .text                                    0x000004ec   Section        0  _printf_char_common.o(.text)
    _printf_input_char                       0x000004ed   Thumb Code    10  _printf_char_common.o(.text)
    .text                                    0x0000051c   Section       74  sys_stackheap_outer.o(.text)
    .text                                    0x00000566   Section        0  exit.o(.text)
    .text                                    0x00000578   Section        8  libspace.o(.text)
    .text                                    0x00000580   Section        0  sys_exit.o(.text)
    .text                                    0x0000058c   Section        0  indicate_semi.o(.text)
    i.Clear_Channel_active_flag              0x0000058c   Section        0  gpdma_lpc17xx.o(i.Clear_Channel_active_flag)
    Clear_Channel_active_flag                0x0000058d   Thumb Code    28  gpdma_lpc17xx.o(i.Clear_Channel_active_flag)
    i.DMA_IRQHandler                         0x000005ac   Section        0  gpdma_lpc17xx.o(i.DMA_IRQHandler)
    i.GLCD_ClearScreen                       0x0000072c   Section        0  glcd_mcb1700.o(i.GLCD_ClearScreen)
    i.GLCD_DrawChar                          0x00000768   Section        0  glcd_mcb1700.o(i.GLCD_DrawChar)
    i.GLCD_DrawString                        0x00000838   Section        0  glcd_mcb1700.o(i.GLCD_DrawString)
    i.GLCD_Initialize                        0x00000864   Section        0  glcd_mcb1700.o(i.GLCD_Initialize)
    i.GLCD_SetFont                           0x00000e64   Section        0  glcd_mcb1700.o(i.GLCD_SetFont)
    i.GLCD_SetWindow                         0x00000e74   Section        0  glcd_mcb1700.o(i.GLCD_SetWindow)
    GLCD_SetWindow                           0x00000e75   Thumb Code   156  glcd_mcb1700.o(i.GLCD_SetWindow)
    i.GPDMA_ChannelConfigure                 0x00000f14   Section        0  gpdma_lpc17xx.o(i.GPDMA_ChannelConfigure)
    i.GPDMA_ChannelDisable                   0x00001008   Section        0  gpdma_lpc17xx.o(i.GPDMA_ChannelDisable)
    i.GPDMA_ChannelGetCount                  0x00001038   Section        0  gpdma_lpc17xx.o(i.GPDMA_ChannelGetCount)
    i.GPDMA_Initialize                       0x00001068   Section        0  gpdma_lpc17xx.o(i.GPDMA_Initialize)
    i.GPDMA_PeripheralSelect                 0x00001118   Section        0  gpdma_lpc17xx.o(i.GPDMA_PeripheralSelect)
    i.GPDMA_Uninitialize                     0x0000115c   Section        0  gpdma_lpc17xx.o(i.GPDMA_Uninitialize)
    i.GPIO_PinRead                           0x000011dc   Section        0  gpio_lpc17xx.o(i.GPIO_PinRead)
    i.GPIO_PinWrite                          0x000011fc   Section        0  gpio_lpc17xx.o(i.GPIO_PinWrite)
    i.GPIO_PortClock                         0x00001224   Section        0  gpio_lpc17xx.o(i.GPIO_PortClock)
    i.GPIO_SetDir                            0x00001250   Section        0  gpio_lpc17xx.o(i.GPIO_SetDir)
    i.GetI2CClockFreq                        0x00001288   Section        0  i2c_lpc17xx.o(i.GetI2CClockFreq)
    GetI2CClockFreq                          0x00001289   Thumb Code    62  i2c_lpc17xx.o(i.GetI2CClockFreq)
    i.GetSSPClockFreq                        0x000012cc   Section        0  ssp_lpc17xx.o(i.GetSSPClockFreq)
    GetSSPClockFreq                          0x000012cd   Thumb Code    64  ssp_lpc17xx.o(i.GetSSPClockFreq)
    i.I2C0_Control                           0x00001310   Section        0  i2c_lpc17xx.o(i.I2C0_Control)
    I2C0_Control                             0x00001311   Thumb Code    18  i2c_lpc17xx.o(i.I2C0_Control)
    i.I2C0_GetDataCount                      0x00001328   Section        0  i2c_lpc17xx.o(i.I2C0_GetDataCount)
    I2C0_GetDataCount                        0x00001329   Thumb Code    10  i2c_lpc17xx.o(i.I2C0_GetDataCount)
    i.I2C0_GetStatus                         0x00001338   Section        0  i2c_lpc17xx.o(i.I2C0_GetStatus)
    I2C0_GetStatus                           0x00001339   Thumb Code    12  i2c_lpc17xx.o(i.I2C0_GetStatus)
    i.I2C0_IRQHandler                        0x00001348   Section        0  i2c_lpc17xx.o(i.I2C0_IRQHandler)
    i.I2C0_Initialize                        0x00001358   Section        0  i2c_lpc17xx.o(i.I2C0_Initialize)
    I2C0_Initialize                          0x00001359   Thumb Code    14  i2c_lpc17xx.o(i.I2C0_Initialize)
    i.I2C0_MasterReceive                     0x0000136c   Section        0  i2c_lpc17xx.o(i.I2C0_MasterReceive)
    I2C0_MasterReceive                       0x0000136d   Thumb Code    28  i2c_lpc17xx.o(i.I2C0_MasterReceive)
    i.I2C0_MasterTransmit                    0x0000138c   Section        0  i2c_lpc17xx.o(i.I2C0_MasterTransmit)
    I2C0_MasterTransmit                      0x0000138d   Thumb Code    28  i2c_lpc17xx.o(i.I2C0_MasterTransmit)
    i.I2C0_PowerControl                      0x000013ac   Section        0  i2c_lpc17xx.o(i.I2C0_PowerControl)
    I2C0_PowerControl                        0x000013ad   Thumb Code    14  i2c_lpc17xx.o(i.I2C0_PowerControl)
    i.I2C0_SlaveReceive                      0x000013c0   Section        0  i2c_lpc17xx.o(i.I2C0_SlaveReceive)
    I2C0_SlaveReceive                        0x000013c1   Thumb Code    18  i2c_lpc17xx.o(i.I2C0_SlaveReceive)
    i.I2C0_SlaveTransmit                     0x000013d8   Section        0  i2c_lpc17xx.o(i.I2C0_SlaveTransmit)
    I2C0_SlaveTransmit                       0x000013d9   Thumb Code    18  i2c_lpc17xx.o(i.I2C0_SlaveTransmit)
    i.I2C0_Uninitialize                      0x000013f0   Section        0  i2c_lpc17xx.o(i.I2C0_Uninitialize)
    I2C0_Uninitialize                        0x000013f1   Thumb Code    10  i2c_lpc17xx.o(i.I2C0_Uninitialize)
    i.I2C_GetCapabilities                    0x00001400   Section        0  i2c_lpc17xx.o(i.I2C_GetCapabilities)
    I2C_GetCapabilities                      0x00001401   Thumb Code     6  i2c_lpc17xx.o(i.I2C_GetCapabilities)
    i.I2C_GetVersion                         0x0000140c   Section        0  i2c_lpc17xx.o(i.I2C_GetVersion)
    I2C_GetVersion                           0x0000140d   Thumb Code    10  i2c_lpc17xx.o(i.I2C_GetVersion)
    i.I2Cx_Control                           0x0000141c   Section        0  i2c_lpc17xx.o(i.I2Cx_Control)
    I2Cx_Control                             0x0000141d   Thumb Code   380  i2c_lpc17xx.o(i.I2Cx_Control)
    i.I2Cx_GetDataCount                      0x000015a8   Section        0  i2c_lpc17xx.o(i.I2Cx_GetDataCount)
    I2Cx_GetDataCount                        0x000015a9   Thumb Code     8  i2c_lpc17xx.o(i.I2Cx_GetDataCount)
    i.I2Cx_GetStatus                         0x000015b0   Section        0  i2c_lpc17xx.o(i.I2Cx_GetStatus)
    I2Cx_GetStatus                           0x000015b1   Thumb Code     8  i2c_lpc17xx.o(i.I2Cx_GetStatus)
    i.I2Cx_IRQHandler                        0x000015b8   Section        0  i2c_lpc17xx.o(i.I2Cx_IRQHandler)
    I2Cx_IRQHandler                          0x000015b9   Thumb Code    48  i2c_lpc17xx.o(i.I2Cx_IRQHandler)
    i.I2Cx_Initialize                        0x000015e8   Section        0  i2c_lpc17xx.o(i.I2Cx_Initialize)
    I2Cx_Initialize                          0x000015e9   Thumb Code    78  i2c_lpc17xx.o(i.I2Cx_Initialize)
    i.I2Cx_MasterHandler                     0x00001636   Section        0  i2c_lpc17xx.o(i.I2Cx_MasterHandler)
    I2Cx_MasterHandler                       0x00001637   Thumb Code   462  i2c_lpc17xx.o(i.I2Cx_MasterHandler)
    i.I2Cx_MasterReceive                     0x00001804   Section        0  i2c_lpc17xx.o(i.I2Cx_MasterReceive)
    I2Cx_MasterReceive                       0x00001805   Thumb Code   206  i2c_lpc17xx.o(i.I2Cx_MasterReceive)
    i.I2Cx_MasterTransmit                    0x000018d2   Section        0  i2c_lpc17xx.o(i.I2Cx_MasterTransmit)
    I2Cx_MasterTransmit                      0x000018d3   Thumb Code   204  i2c_lpc17xx.o(i.I2Cx_MasterTransmit)
    i.I2Cx_PowerControl                      0x0000199e   Section        0  i2c_lpc17xx.o(i.I2Cx_PowerControl)
    I2Cx_PowerControl                        0x0000199f   Thumb Code   340  i2c_lpc17xx.o(i.I2Cx_PowerControl)
    i.I2Cx_SlaveHandler                      0x00001af2   Section        0  i2c_lpc17xx.o(i.I2Cx_SlaveHandler)
    I2Cx_SlaveHandler                        0x00001af3   Thumb Code   468  i2c_lpc17xx.o(i.I2Cx_SlaveHandler)
    i.I2Cx_SlaveReceive                      0x00001cc6   Section        0  i2c_lpc17xx.o(i.I2Cx_SlaveReceive)
    I2Cx_SlaveReceive                        0x00001cc7   Thumb Code   116  i2c_lpc17xx.o(i.I2Cx_SlaveReceive)
    i.I2Cx_SlaveTransmit                     0x00001d3a   Section        0  i2c_lpc17xx.o(i.I2Cx_SlaveTransmit)
    I2Cx_SlaveTransmit                       0x00001d3b   Thumb Code   116  i2c_lpc17xx.o(i.I2Cx_SlaveTransmit)
    i.I2Cx_Uninitialize                      0x00001dae   Section        0  i2c_lpc17xx.o(i.I2Cx_Uninitialize)
    I2Cx_Uninitialize                        0x00001daf   Thumb Code    48  i2c_lpc17xx.o(i.I2Cx_Uninitialize)
    i.Init_I2C                               0x00001de0   Section        0  basei2c.o(i.Init_I2C)
    i.PIN_Configure                          0x00001e0c   Section        0  pin_lpc17xx.o(i.PIN_Configure)
    i.PIN_ConfigureI2C0Pins                  0x00001f08   Section        0  pin_lpc17xx.o(i.PIN_ConfigureI2C0Pins)
    i.SSP1_Control                           0x00001f28   Section        0  ssp_lpc17xx.o(i.SSP1_Control)
    SSP1_Control                             0x00001f29   Thumb Code    18  ssp_lpc17xx.o(i.SSP1_Control)
    i.SSP1_GPDMA_Rx_SignalEvent              0x00001f40   Section        0  ssp_lpc17xx.o(i.SSP1_GPDMA_Rx_SignalEvent)
    i.SSP1_GPDMA_Tx_SignalEvent              0x00001f54   Section        0  ssp_lpc17xx.o(i.SSP1_GPDMA_Tx_SignalEvent)
    i.SSP1_GetDataCount                      0x00001f68   Section        0  ssp_lpc17xx.o(i.SSP1_GetDataCount)
    SSP1_GetDataCount                        0x00001f69   Thumb Code    10  ssp_lpc17xx.o(i.SSP1_GetDataCount)
    i.SSP1_GetStatus                         0x00001f78   Section        0  ssp_lpc17xx.o(i.SSP1_GetStatus)
    SSP1_GetStatus                           0x00001f79   Thumb Code    12  ssp_lpc17xx.o(i.SSP1_GetStatus)
    i.SSP1_IRQHandler                        0x00001f88   Section        0  ssp_lpc17xx.o(i.SSP1_IRQHandler)
    i.SSP1_Initialize                        0x00001f98   Section        0  ssp_lpc17xx.o(i.SSP1_Initialize)
    SSP1_Initialize                          0x00001f99   Thumb Code    14  ssp_lpc17xx.o(i.SSP1_Initialize)
    i.SSP1_PowerControl                      0x00001fac   Section        0  ssp_lpc17xx.o(i.SSP1_PowerControl)
    SSP1_PowerControl                        0x00001fad   Thumb Code    14  ssp_lpc17xx.o(i.SSP1_PowerControl)
    i.SSP1_Receive                           0x00001fc0   Section        0  ssp_lpc17xx.o(i.SSP1_Receive)
    SSP1_Receive                             0x00001fc1   Thumb Code    18  ssp_lpc17xx.o(i.SSP1_Receive)
    i.SSP1_Send                              0x00001fd8   Section        0  ssp_lpc17xx.o(i.SSP1_Send)
    SSP1_Send                                0x00001fd9   Thumb Code    18  ssp_lpc17xx.o(i.SSP1_Send)
    i.SSP1_Transfer                          0x00001ff0   Section        0  ssp_lpc17xx.o(i.SSP1_Transfer)
    SSP1_Transfer                            0x00001ff1   Thumb Code    22  ssp_lpc17xx.o(i.SSP1_Transfer)
    i.SSP1_Uninitialize                      0x0000200c   Section        0  ssp_lpc17xx.o(i.SSP1_Uninitialize)
    SSP1_Uninitialize                        0x0000200d   Thumb Code    10  ssp_lpc17xx.o(i.SSP1_Uninitialize)
    i.SSP_GetCapabilities                    0x0000201c   Section        0  ssp_lpc17xx.o(i.SSP_GetCapabilities)
    SSP_GetCapabilities                      0x0000201d   Thumb Code     6  ssp_lpc17xx.o(i.SSP_GetCapabilities)
    i.SSP_GetVersion                         0x00002028   Section        0  ssp_lpc17xx.o(i.SSP_GetVersion)
    SSP_GetVersion                           0x00002029   Thumb Code    10  ssp_lpc17xx.o(i.SSP_GetVersion)
    i.SSPx_Control                           0x00002038   Section        0  ssp_lpc17xx.o(i.SSPx_Control)
    SSPx_Control                             0x00002039   Thumb Code  1310  ssp_lpc17xx.o(i.SSPx_Control)
    i.SSPx_GPDMA_Rx_SignalEvent              0x00002556   Section        0  ssp_lpc17xx.o(i.SSPx_GPDMA_Rx_SignalEvent)
    i.SSPx_GPDMA_Tx_SignalEvent              0x0000258c   Section        0  ssp_lpc17xx.o(i.SSPx_GPDMA_Tx_SignalEvent)
    i.SSPx_GetDataCount                      0x000025a8   Section        0  ssp_lpc17xx.o(i.SSPx_GetDataCount)
    SSPx_GetDataCount                        0x000025a9   Thumb Code    44  ssp_lpc17xx.o(i.SSPx_GetDataCount)
    i.SSPx_GetStatus                         0x000025d4   Section        0  ssp_lpc17xx.o(i.SSPx_GetStatus)
    SSPx_GetStatus                           0x000025d5   Thumb Code    90  ssp_lpc17xx.o(i.SSPx_GetStatus)
    i.SSPx_IRQHandler                        0x0000262e   Section        0  ssp_lpc17xx.o(i.SSPx_IRQHandler)
    SSPx_IRQHandler                          0x0000262f   Thumb Code   260  ssp_lpc17xx.o(i.SSPx_IRQHandler)
    i.SSPx_Initialize                        0x00002732   Section        0  ssp_lpc17xx.o(i.SSPx_Initialize)
    SSPx_Initialize                          0x00002733   Thumb Code   168  ssp_lpc17xx.o(i.SSPx_Initialize)
    i.SSPx_PowerControl                      0x000027dc   Section        0  ssp_lpc17xx.o(i.SSPx_PowerControl)
    SSPx_PowerControl                        0x000027dd   Thumb Code   466  ssp_lpc17xx.o(i.SSPx_PowerControl)
    i.SSPx_Receive                           0x000029b4   Section        0  ssp_lpc17xx.o(i.SSPx_Receive)
    SSPx_Receive                             0x000029b5   Thumb Code   344  ssp_lpc17xx.o(i.SSPx_Receive)
    i.SSPx_Send                              0x00002b10   Section        0  ssp_lpc17xx.o(i.SSPx_Send)
    SSPx_Send                                0x00002b11   Thumb Code   336  ssp_lpc17xx.o(i.SSPx_Send)
    i.SSPx_Transfer                          0x00002c64   Section        0  ssp_lpc17xx.o(i.SSPx_Transfer)
    SSPx_Transfer                            0x00002c65   Thumb Code   338  ssp_lpc17xx.o(i.SSPx_Transfer)
    i.SSPx_Uninitialize                      0x00002db6   Section        0  ssp_lpc17xx.o(i.SSPx_Uninitialize)
    SSPx_Uninitialize                        0x00002db7   Thumb Code   112  ssp_lpc17xx.o(i.SSPx_Uninitialize)
    i.Set_Channel_active_flag                0x00002e28   Section        0  gpdma_lpc17xx.o(i.Set_Channel_active_flag)
    Set_Channel_active_flag                  0x00002e29   Thumb Code    50  gpdma_lpc17xx.o(i.Set_Channel_active_flag)
    i.SystemInit                             0x00002e60   Section        0  system_lpc17xx.o(i.SystemInit)
    i.__NVIC_ClearPendingIRQ                 0x00002fa0   Section        0  i2c_lpc17xx.o(i.__NVIC_ClearPendingIRQ)
    __NVIC_ClearPendingIRQ                   0x00002fa1   Thumb Code    22  i2c_lpc17xx.o(i.__NVIC_ClearPendingIRQ)
    i.__NVIC_ClearPendingIRQ                 0x00002fbc   Section        0  ssp_lpc17xx.o(i.__NVIC_ClearPendingIRQ)
    __NVIC_ClearPendingIRQ                   0x00002fbd   Thumb Code    22  ssp_lpc17xx.o(i.__NVIC_ClearPendingIRQ)
    i.__NVIC_ClearPendingIRQ                 0x00002fd8   Section        0  gpdma_lpc17xx.o(i.__NVIC_ClearPendingIRQ)
    __NVIC_ClearPendingIRQ                   0x00002fd9   Thumb Code    22  gpdma_lpc17xx.o(i.__NVIC_ClearPendingIRQ)
    i.__NVIC_DisableIRQ                      0x00002ff4   Section        0  i2c_lpc17xx.o(i.__NVIC_DisableIRQ)
    __NVIC_DisableIRQ                        0x00002ff5   Thumb Code    54  i2c_lpc17xx.o(i.__NVIC_DisableIRQ)
    i.__NVIC_EnableIRQ                       0x00003030   Section        0  i2c_lpc17xx.o(i.__NVIC_EnableIRQ)
    __NVIC_EnableIRQ                         0x00003031   Thumb Code    34  i2c_lpc17xx.o(i.__NVIC_EnableIRQ)
    i._is_digit                              0x00003052   Section        0  __printf_wp.o(i._is_digit)
    i.delay_ms                               0x00003060   Section        0  glcd_mcb1700.o(i.delay_ms)
    delay_ms                                 0x00003061   Thumb Code    42  glcd_mcb1700.o(i.delay_ms)
    i.main                                   0x00003090   Section        0  basei2c.o(i.main)
    i.rd_id_man                              0x000031b0   Section        0  glcd_mcb1700.o(i.rd_id_man)
    rd_id_man                                0x000031b1   Thumb Code   196  glcd_mcb1700.o(i.rd_id_man)
    i.read1byte                              0x00003278   Section        0  basei2c.o(i.read1byte)
    i.spi_tran                               0x000032d4   Section        0  glcd_mcb1700.o(i.spi_tran)
    spi_tran                                 0x000032d5   Thumb Code    40  glcd_mcb1700.o(i.spi_tran)
    i.spi_tran_man                           0x00003300   Section        0  glcd_mcb1700.o(i.spi_tran_man)
    spi_tran_man                             0x00003301   Thumb Code   132  glcd_mcb1700.o(i.spi_tran_man)
    i.wr_cmd                                 0x00003388   Section        0  glcd_mcb1700.o(i.wr_cmd)
    wr_cmd                                   0x00003389   Thumb Code    70  glcd_mcb1700.o(i.wr_cmd)
    i.wr_dat_only                            0x000033d4   Section        0  glcd_mcb1700.o(i.wr_dat_only)
    wr_dat_only                              0x000033d5   Thumb Code    46  glcd_mcb1700.o(i.wr_dat_only)
    i.wr_dat_start                           0x00003408   Section        0  glcd_mcb1700.o(i.wr_dat_start)
    wr_dat_start                             0x00003409   Thumb Code    20  glcd_mcb1700.o(i.wr_dat_start)
    i.wr_dat_stop                            0x00003420   Section        0  glcd_mcb1700.o(i.wr_dat_stop)
    wr_dat_stop                              0x00003421   Thumb Code    14  glcd_mcb1700.o(i.wr_dat_stop)
    i.wr_reg                                 0x00003434   Section        0  glcd_mcb1700.o(i.wr_reg)
    wr_reg                                   0x00003435   Thumb Code   140  glcd_mcb1700.o(i.wr_reg)
    i.write1byte                             0x000034c4   Section        0  basei2c.o(i.write1byte)
    .constdata                               0x000034fc   Section     6304  glcd_fonts.o(.constdata)
    Font_6x8_h                               0x000034fc   Data         896  glcd_fonts.o(.constdata)
    Font_16x24_h                             0x0000387c   Data        5376  glcd_fonts.o(.constdata)
    .constdata                               0x00004d9c   Section        8  glcd_mcb1700.o(.constdata)
    spi1_pins                                0x00004d9c   Data           8  glcd_mcb1700.o(.constdata)
    .constdata                               0x00004da4   Section      100  i2c_lpc17xx.o(.constdata)
    DriverVersion                            0x00004da4   Data           4  i2c_lpc17xx.o(.constdata)
    DriverCapabilities                       0x00004da8   Data           4  i2c_lpc17xx.o(.constdata)
    I2C0_Resources                           0x00004dac   Data          44  i2c_lpc17xx.o(.constdata)
    .constdata                               0x00004e08   Section      132  ssp_lpc17xx.o(.constdata)
    DriverVersion                            0x00004e08   Data           4  ssp_lpc17xx.o(.constdata)
    DriverCapabilities                       0x00004e0c   Data           4  ssp_lpc17xx.o(.constdata)
    SSP1_pin_sck                             0x00004e10   Data           2  ssp_lpc17xx.o(.constdata)
    SSP1_pin_miso                            0x00004e12   Data           2  ssp_lpc17xx.o(.constdata)
    SSP1_pin_mosi                            0x00004e14   Data           2  ssp_lpc17xx.o(.constdata)
    SSP1_pin_ssel                            0x00004e16   Data           2  ssp_lpc17xx.o(.constdata)
    SSP1_Resources                           0x00004e18   Data          72  ssp_lpc17xx.o(.constdata)
    .constdata                               0x00004e8c   Section       17  __printf_flags_wp.o(.constdata)
    maptable                                 0x00004e8c   Data          17  __printf_flags_wp.o(.constdata)
    .data                                    0x10000000   Section        8  basei2c.o(.data)
    .data                                    0x10000008   Section        9  glcd_mcb1700.o(.data)
    foreground_color                         0x10000008   Data           2  glcd_mcb1700.o(.data)
    background_color                         0x1000000a   Data           2  glcd_mcb1700.o(.data)
    active_font                              0x1000000c   Data           4  glcd_mcb1700.o(.data)
    Himax                                    0x10000010   Data           1  glcd_mcb1700.o(.data)
    .data                                    0x10000011   Section        4  i2c_lpc17xx.o(.data)
    I2C0_PIN                                 0x10000011   Data           4  i2c_lpc17xx.o(.data)
    .data                                    0x10000018   Section        8  ssp_lpc17xx.o(.data)
    dummy_data                               0x10000018   Data           4  ssp_lpc17xx.o(.data)
    dummy_data                               0x1000001c   Data           4  ssp_lpc17xx.o(.data)
    .data                                    0x10000020   Section        8  gpdma_lpc17xx.o(.data)
    Channel_active                           0x10000020   Data           4  gpdma_lpc17xx.o(.data)
    Init_cnt                                 0x10000024   Data           4  gpdma_lpc17xx.o(.data)
    .data                                    0x10000028   Section        4  system_lpc17xx.o(.data)
    .bss                                     0x1000002c   Section       10  basei2c.o(.bss)
    .bss                                     0x10000038   Section       36  i2c_lpc17xx.o(.bss)
    I2C0_Ctrl                                0x10000038   Data          36  i2c_lpc17xx.o(.bss)
    .bss                                     0x1000005c   Section       44  ssp_lpc17xx.o(.bss)
    SSP1_Info                                0x1000005c   Data          16  ssp_lpc17xx.o(.bss)
    SSP1_Xfer                                0x1000006c   Data          28  ssp_lpc17xx.o(.bss)
    .bss                                     0x10000088   Section      160  gpdma_lpc17xx.o(.bss)
    Channel_info                             0x10000088   Data         160  gpdma_lpc17xx.o(.bss)
    .bss                                     0x10000128   Section       96  libspace.o(.bss)
    HEAP                                     0x10000188   Section        0  startup_lpc17xx.o(HEAP)
    STACK                                    0x10000188   Section      512  startup_lpc17xx.o(STACK)
    Heap_Mem                                 0x10000188   Data           0  startup_lpc17xx.o(HEAP)
    Stack_Mem                                0x10000188   Data         512  startup_lpc17xx.o(STACK)
    __initial_sp                             0x10000388   Data           0  startup_lpc17xx.o(STACK)

    Global Symbols

    Symbol Name                              Value     Ov Type        Size  Object(Section)

    BuildAttributes$$THM_ISAv4$P$D$K$B$S$PE$A:L22UL41UL21$X:L11$S22US41US21$IEEE1$IW$USESV6$~STKCKD$USESV7$~SHL$OSPACE$ROPI$EBA8$UX$STANDARDLIB$REQ8$PRES8$EABIv2 0x00000000   Number         0  anon$$obj.o ABSOLUTE
    __ARM_use_no_argv                        0x00000000   Number         0  basei2c.o ABSOLUTE
    __Vectors                                0x00000000   Data           4  startup_lpc17xx.o(RESET)
    _printf_flags                            0x00000000   Number         0  printf_stubs.o ABSOLUTE
    _printf_return_value                     0x00000000   Number         0  printf_stubs.o ABSOLUTE
    _printf_sizespec                         0x00000000   Number         0  printf_stubs.o ABSOLUTE
    _printf_widthprec                        0x00000000   Number         0  printf_stubs.o ABSOLUTE
    __ARM_exceptions_init                     - Undefined Weak Reference
    __alloca_initialize                       - Undefined Weak Reference
    __arm_preinit_                            - Undefined Weak Reference
    __cpp_initialize__aeabi_                  - Undefined Weak Reference
    __cxa_finalize                            - Undefined Weak Reference
    __rt_locale                               - Undefined Weak Reference
    __sigvec_lookup                           - Undefined Weak Reference
    _atexit_init                              - Undefined Weak Reference
    _call_atexit_fns                          - Undefined Weak Reference
    _clock_init                               - Undefined Weak Reference
    _fp_trap_init                             - Undefined Weak Reference
    _fp_trap_shutdown                         - Undefined Weak Reference
    _get_lc_collate                           - Undefined Weak Reference
    _get_lc_ctype                             - Undefined Weak Reference
    _get_lc_monetary                          - Undefined Weak Reference
    _get_lc_numeric                           - Undefined Weak Reference
    _get_lc_time                              - Undefined Weak Reference
    _getenv_init                              - Undefined Weak Reference
    _handle_redirection                       - Undefined Weak Reference
    _init_alloc                               - Undefined Weak Reference
    _init_user_alloc                          - Undefined Weak Reference
    _initio                                   - Undefined Weak Reference
    _printf_truncate_signed                   - Undefined Weak Reference
    _printf_truncate_unsigned                 - Undefined Weak Reference
    _rand_init                                - Undefined Weak Reference
    _signal_finish                            - Undefined Weak Reference
    _signal_init                              - Undefined Weak Reference
    _terminate_alloc                          - Undefined Weak Reference
    _terminate_user_alloc                     - Undefined Weak Reference
    _terminateio                              - Undefined Weak Reference
    __main                                   0x000000cd   Thumb Code     8  __main.o(!!!main)
    __scatterload                            0x000000d5   Thumb Code     0  __scatter.o(!!!scatter)
    __scatterload_rt2                        0x000000d5   Thumb Code    44  __scatter.o(!!!scatter)
    __scatterload_rt2_thumb_only             0x000000d5   Thumb Code     0  __scatter.o(!!!scatter)
    __scatterload_null                       0x000000e3   Thumb Code     0  __scatter.o(!!!scatter)
    __scatterload_copy                       0x00000109   Thumb Code    26  __scatter_copy.o(!!handler_copy)
    __scatterload_zeroinit                   0x00000125   Thumb Code    28  __scatter_zi.o(!!handler_zi)
    _printf_d                                0x00000141   Thumb Code     0  _printf_d.o(.ARM.Collect$$_printf_percent$$00000009)
    _printf_percent                          0x00000141   Thumb Code     0  _printf_percent.o(.ARM.Collect$$_printf_percent$$00000000)
    _printf_percent_end                      0x00000147   Thumb Code     0  _printf_percent_end.o(.ARM.Collect$$_printf_percent$$00000017)
    __rt_lib_init                            0x0000014b   Thumb Code     0  libinit.o(.ARM.Collect$$libinit$$00000000)
    __rt_lib_init_alloca_1                   0x0000014d   Thumb Code     0  libinit2.o(.ARM.Collect$$libinit$$0000002E)
    __rt_lib_init_argv_1                     0x0000014d   Thumb Code     0  libinit2.o(.ARM.Collect$$libinit$$0000002C)
    __rt_lib_init_atexit_1                   0x0000014d   Thumb Code     0  libinit2.o(.ARM.Collect$$libinit$$0000001B)
    __rt_lib_init_clock_1                    0x0000014d   Thumb Code     0  libinit2.o(.ARM.Collect$$libinit$$00000021)
    __rt_lib_init_cpp_1                      0x0000014d   Thumb Code     0  libinit2.o(.ARM.Collect$$libinit$$00000032)
    __rt_lib_init_exceptions_1               0x0000014d   Thumb Code     0  libinit2.o(.ARM.Collect$$libinit$$00000030)
    __rt_lib_init_fp_1                       0x0000014d   Thumb Code     0  libinit2.o(.ARM.Collect$$libinit$$00000002)
    __rt_lib_init_fp_trap_1                  0x0000014d   Thumb Code     0  libinit2.o(.ARM.Collect$$libinit$$0000001F)
    __rt_lib_init_getenv_1                   0x0000014d   Thumb Code     0  libinit2.o(.ARM.Collect$$libinit$$00000023)
    __rt_lib_init_heap_1                     0x0000014d   Thumb Code     0  libinit2.o(.ARM.Collect$$libinit$$0000000A)
    __rt_lib_init_lc_collate_1               0x0000014d   Thumb Code     0  libinit2.o(.ARM.Collect$$libinit$$00000011)
    __rt_lib_init_lc_ctype_1                 0x0000014d   Thumb Code     0  libinit2.o(.ARM.Collect$$libinit$$00000013)
    __rt_lib_init_lc_monetary_1              0x0000014d   Thumb Code     0  libinit2.o(.ARM.Collect$$libinit$$00000015)
    __rt_lib_init_lc_numeric_1               0x0000014d   Thumb Code     0  libinit2.o(.ARM.Collect$$libinit$$00000017)
    __rt_lib_init_lc_time_1                  0x0000014d   Thumb Code     0  libinit2.o(.ARM.Collect$$libinit$$00000019)
    __rt_lib_init_preinit_1                  0x0000014d   Thumb Code     0  libinit2.o(.ARM.Collect$$libinit$$00000004)
    __rt_lib_init_rand_1                     0x0000014d   Thumb Code     0  libinit2.o(.ARM.Collect$$libinit$$0000000E)
    __rt_lib_init_return                     0x0000014d   Thumb Code     0  libinit2.o(.ARM.Collect$$libinit$$00000033)
    __rt_lib_init_signal_1                   0x0000014d   Thumb Code     0  libinit2.o(.ARM.Collect$$libinit$$0000001D)
    __rt_lib_init_stdio_1                    0x0000014d   Thumb Code     0  libinit2.o(.ARM.Collect$$libinit$$00000025)
    __rt_lib_init_user_alloc_1               0x0000014d   Thumb Code     0  libinit2.o(.ARM.Collect$$libinit$$0000000C)
    __rt_lib_shutdown                        0x0000014f   Thumb Code     0  libshutdown.o(.ARM.Collect$$libshutdown$$00000000)
    __rt_lib_shutdown_cpp_1                  0x00000151   Thumb Code     0  libshutdown2.o(.ARM.Collect$$libshutdown$$00000002)
    __rt_lib_shutdown_fp_trap_1              0x00000151   Thumb Code     0  libshutdown2.o(.ARM.Collect$$libshutdown$$00000007)
    __rt_lib_shutdown_heap_1                 0x00000151   Thumb Code     0  libshutdown2.o(.ARM.Collect$$libshutdown$$0000000F)
    __rt_lib_shutdown_return                 0x00000151   Thumb Code     0  libshutdown2.o(.ARM.Collect$$libshutdown$$00000010)
    __rt_lib_shutdown_signal_1               0x00000151   Thumb Code     0  libshutdown2.o(.ARM.Collect$$libshutdown$$0000000A)
    __rt_lib_shutdown_stdio_1                0x00000151   Thumb Code     0  libshutdown2.o(.ARM.Collect$$libshutdown$$00000004)
    __rt_lib_shutdown_user_alloc_1           0x00000151   Thumb Code     0  libshutdown2.o(.ARM.Collect$$libshutdown$$0000000C)
    __rt_entry                               0x00000153   Thumb Code     0  __rtentry.o(.ARM.Collect$$rtentry$$00000000)
    __rt_entry_presh_1                       0x00000153   Thumb Code     0  __rtentry2.o(.ARM.Collect$$rtentry$$00000002)
    __rt_entry_sh                            0x00000153   Thumb Code     0  __rtentry4.o(.ARM.Collect$$rtentry$$00000004)
    __rt_entry_li                            0x00000159   Thumb Code     0  __rtentry2.o(.ARM.Collect$$rtentry$$0000000A)
    __rt_entry_postsh_1                      0x00000159   Thumb Code     0  __rtentry2.o(.ARM.Collect$$rtentry$$00000009)
    __rt_entry_main                          0x0000015d   Thumb Code     0  __rtentry2.o(.ARM.Collect$$rtentry$$0000000D)
    __rt_entry_postli_1                      0x0000015d   Thumb Code     0  __rtentry2.o(.ARM.Collect$$rtentry$$0000000C)
    __rt_exit                                0x00000165   Thumb Code     0  rtexit.o(.ARM.Collect$$rtexit$$00000000)
    __rt_exit_ls                             0x00000167   Thumb Code     0  rtexit2.o(.ARM.Collect$$rtexit$$00000003)
    __rt_exit_prels_1                        0x00000167   Thumb Code     0  rtexit2.o(.ARM.Collect$$rtexit$$00000002)
    __rt_exit_exit                           0x0000016b   Thumb Code     0  rtexit2.o(.ARM.Collect$$rtexit$$00000004)
    Reset_Handler                            0x00000171   Thumb Code     8  startup_lpc17xx.o(.text)
    NMI_Handler                              0x00000179   Thumb Code     2  startup_lpc17xx.o(.text)
    HardFault_Handler                        0x0000017b   Thumb Code     2  startup_lpc17xx.o(.text)
    MemManage_Handler                        0x0000017d   Thumb Code     2  startup_lpc17xx.o(.text)
    BusFault_Handler                         0x0000017f   Thumb Code     2  startup_lpc17xx.o(.text)
    UsageFault_Handler                       0x00000181   Thumb Code     2  startup_lpc17xx.o(.text)
    SVC_Handler                              0x00000183   Thumb Code     2  startup_lpc17xx.o(.text)
    DebugMon_Handler                         0x00000185   Thumb Code     2  startup_lpc17xx.o(.text)
    PendSV_Handler                           0x00000187   Thumb Code     2  startup_lpc17xx.o(.text)
    SysTick_Handler                          0x00000189   Thumb Code     2  startup_lpc17xx.o(.text)
    ADC_IRQHandler                           0x0000018b   Thumb Code     0  startup_lpc17xx.o(.text)
    BOD_IRQHandler                           0x0000018b   Thumb Code     0  startup_lpc17xx.o(.text)
    CANActivity_IRQHandler                   0x0000018b   Thumb Code     0  startup_lpc17xx.o(.text)
    CAN_IRQHandler                           0x0000018b   Thumb Code     0  startup_lpc17xx.o(.text)
    EINT0_IRQHandler                         0x0000018b   Thumb Code     0  startup_lpc17xx.o(.text)
    EINT1_IRQHandler                         0x0000018b   Thumb Code     0  startup_lpc17xx.o(.text)
    EINT2_IRQHandler                         0x0000018b   Thumb Code     0  startup_lpc17xx.o(.text)
    EINT3_IRQHandler                         0x0000018b   Thumb Code     0  startup_lpc17xx.o(.text)
    ENET_IRQHandler                          0x0000018b   Thumb Code     0  startup_lpc17xx.o(.text)
    I2C1_IRQHandler                          0x0000018b   Thumb Code     0  startup_lpc17xx.o(.text)
    I2C2_IRQHandler                          0x0000018b   Thumb Code     0  startup_lpc17xx.o(.text)
    I2S_IRQHandler                           0x0000018b   Thumb Code     0  startup_lpc17xx.o(.text)
    MCPWM_IRQHandler                         0x0000018b   Thumb Code     0  startup_lpc17xx.o(.text)
    PLL0_IRQHandler                          0x0000018b   Thumb Code     0  startup_lpc17xx.o(.text)
    PLL1_IRQHandler                          0x0000018b   Thumb Code     0  startup_lpc17xx.o(.text)
    PWM1_IRQHandler                          0x0000018b   Thumb Code     0  startup_lpc17xx.o(.text)
    QEI_IRQHandler                           0x0000018b   Thumb Code     0  startup_lpc17xx.o(.text)
    RIT_IRQHandler                           0x0000018b   Thumb Code     0  startup_lpc17xx.o(.text)
    RTC_IRQHandler                           0x0000018b   Thumb Code     0  startup_lpc17xx.o(.text)
    SPI_IRQHandler                           0x0000018b   Thumb Code     0  startup_lpc17xx.o(.text)
    SSP0_IRQHandler                          0x0000018b   Thumb Code     0  startup_lpc17xx.o(.text)
    TIMER0_IRQHandler                        0x0000018b   Thumb Code     0  startup_lpc17xx.o(.text)
    TIMER1_IRQHandler                        0x0000018b   Thumb Code     0  startup_lpc17xx.o(.text)
    TIMER2_IRQHandler                        0x0000018b   Thumb Code     0  startup_lpc17xx.o(.text)
    TIMER3_IRQHandler                        0x0000018b   Thumb Code     0  startup_lpc17xx.o(.text)
    UART0_IRQHandler                         0x0000018b   Thumb Code     0  startup_lpc17xx.o(.text)
    UART1_IRQHandler                         0x0000018b   Thumb Code     0  startup_lpc17xx.o(.text)
    UART2_IRQHandler                         0x0000018b   Thumb Code     0  startup_lpc17xx.o(.text)
    UART3_IRQHandler                         0x0000018b   Thumb Code     0  startup_lpc17xx.o(.text)
    USBActivity_IRQHandler                   0x0000018b   Thumb Code     0  startup_lpc17xx.o(.text)
    USB_IRQHandler                           0x0000018b   Thumb Code     0  startup_lpc17xx.o(.text)
    WDT_IRQHandler                           0x0000018b   Thumb Code     0  startup_lpc17xx.o(.text)
    __user_initial_stackheap                 0x0000018d   Thumb Code     0  startup_lpc17xx.o(.text)
    __2sprintf                               0x000001ad   Thumb Code    34  noretval__2sprintf.o(.text)
    _printf_pre_padding                      0x000001d5   Thumb Code    44  _printf_pad.o(.text)
    _printf_post_padding                     0x00000201   Thumb Code    34  _printf_pad.o(.text)
    _printf_int_dec                          0x00000225   Thumb Code   104  _printf_dec.o(.text)
    __aeabi_memclr4                          0x0000029d   Thumb Code     0  rt_memclr_w.o(.text)
    __aeabi_memclr8                          0x0000029d   Thumb Code     0  rt_memclr_w.o(.text)
    __rt_memclr_w                            0x0000029d   Thumb Code    78  rt_memclr_w.o(.text)
    _memset_w                                0x000002a1   Thumb Code     0  rt_memclr_w.o(.text)
    __use_two_region_memory                  0x000002eb   Thumb Code     2  heapauxi.o(.text)
    __rt_heap_escrow$2region                 0x000002ed   Thumb Code     2  heapauxi.o(.text)
    __rt_heap_expand$2region                 0x000002ef   Thumb Code     2  heapauxi.o(.text)
    _sputc                                   0x000002f1   Thumb Code    10  _sputc.o(.text)
    __I$use$semihosting                      0x000002fb   Thumb Code     0  use_no_semi.o(.text)
    __use_no_semihosting_swi                 0x000002fb   Thumb Code     2  use_no_semi.o(.text)
    __printf                                 0x00000301   Thumb Code   308  __printf_flags_wp.o(.text)
    _printf_int_common                       0x00000439   Thumb Code   178  _printf_intcommon.o(.text)
    _printf_char_common                      0x000004f7   Thumb Code    32  _printf_char_common.o(.text)
    __user_setup_stackheap                   0x0000051d   Thumb Code    74  sys_stackheap_outer.o(.text)
    exit                                     0x00000567   Thumb Code    18  exit.o(.text)
    __user_libspace                          0x00000579   Thumb Code     8  libspace.o(.text)
    __user_perproc_libspace                  0x00000579   Thumb Code     0  libspace.o(.text)
    __user_perthread_libspace                0x00000579   Thumb Code     0  libspace.o(.text)
    _sys_exit                                0x00000581   Thumb Code     8  sys_exit.o(.text)
    __semihosting_library_function           0x0000058d   Thumb Code     0  indicate_semi.o(.text)
    DMA_IRQHandler                           0x000005ad   Thumb Code   372  gpdma_lpc17xx.o(i.DMA_IRQHandler)
    GLCD_ClearScreen                         0x0000072d   Thumb Code    54  glcd_mcb1700.o(i.GLCD_ClearScreen)
    GLCD_DrawChar                            0x00000769   Thumb Code   194  glcd_mcb1700.o(i.GLCD_DrawChar)
    GLCD_DrawString                          0x00000839   Thumb Code    38  glcd_mcb1700.o(i.GLCD_DrawString)
    GLCD_Initialize                          0x00000865   Thumb Code  1534  glcd_mcb1700.o(i.GLCD_Initialize)
    GLCD_SetFont                             0x00000e65   Thumb Code    10  glcd_mcb1700.o(i.GLCD_SetFont)
    GPDMA_ChannelConfigure                   0x00000f15   Thumb Code   232  gpdma_lpc17xx.o(i.GPDMA_ChannelConfigure)
    GPDMA_ChannelDisable                     0x00001009   Thumb Code    44  gpdma_lpc17xx.o(i.GPDMA_ChannelDisable)
    GPDMA_ChannelGetCount                    0x00001039   Thumb Code    38  gpdma_lpc17xx.o(i.GPDMA_ChannelGetCount)
    GPDMA_Initialize                         0x00001069   Thumb Code   154  gpdma_lpc17xx.o(i.GPDMA_Initialize)
    GPDMA_PeripheralSelect                   0x00001119   Thumb Code    62  gpdma_lpc17xx.o(i.GPDMA_PeripheralSelect)
    GPDMA_Uninitialize                       0x0000115d   Thumb Code   116  gpdma_lpc17xx.o(i.GPDMA_Uninitialize)
    GPIO_PinRead                             0x000011dd   Thumb Code    28  gpio_lpc17xx.o(i.GPIO_PinRead)
    GPIO_PinWrite                            0x000011fd   Thumb Code    36  gpio_lpc17xx.o(i.GPIO_PinWrite)
    GPIO_PortClock                           0x00001225   Thumb Code    38  gpio_lpc17xx.o(i.GPIO_PortClock)
    GPIO_SetDir                              0x00001251   Thumb Code    52  gpio_lpc17xx.o(i.GPIO_SetDir)
    I2C0_IRQHandler                          0x00001349   Thumb Code    10  i2c_lpc17xx.o(i.I2C0_IRQHandler)
    Init_I2C                                 0x00001de1   Thumb Code    40  basei2c.o(i.Init_I2C)
    PIN_Configure                            0x00001e0d   Thumb Code   246  pin_lpc17xx.o(i.PIN_Configure)
    PIN_ConfigureI2C0Pins                    0x00001f09   Thumb Code    28  pin_lpc17xx.o(i.PIN_ConfigureI2C0Pins)
    SSP1_GPDMA_Rx_SignalEvent                0x00001f41   Thumb Code    14  ssp_lpc17xx.o(i.SSP1_GPDMA_Rx_SignalEvent)
    SSP1_GPDMA_Tx_SignalEvent                0x00001f55   Thumb Code    14  ssp_lpc17xx.o(i.SSP1_GPDMA_Tx_SignalEvent)
    SSP1_IRQHandler                          0x00001f89   Thumb Code    10  ssp_lpc17xx.o(i.SSP1_IRQHandler)
    SSPx_GPDMA_Rx_SignalEvent                0x00002557   Thumb Code    54  ssp_lpc17xx.o(i.SSPx_GPDMA_Rx_SignalEvent)
    SSPx_GPDMA_Tx_SignalEvent                0x0000258d   Thumb Code    28  ssp_lpc17xx.o(i.SSPx_GPDMA_Tx_SignalEvent)
    SystemInit                               0x00002e61   Thumb Code   302  system_lpc17xx.o(i.SystemInit)
    _is_digit                                0x00003053   Thumb Code    14  __printf_wp.o(i._is_digit)
    main                                     0x00003091   Thumb Code   212  basei2c.o(i.main)
    read1byte                                0x00003279   Thumb Code    80  basei2c.o(i.read1byte)
    write1byte                               0x000034c5   Thumb Code    48  basei2c.o(i.write1byte)
    GLCD_Font_6x8                            0x00004d7c   Data          16  glcd_fonts.o(.constdata)
    GLCD_Font_16x24                          0x00004d8c   Data          16  glcd_fonts.o(.constdata)
    Driver_I2C0                              0x00004dd8   Data          48  i2c_lpc17xx.o(.constdata)
    Driver_SPI1                              0x00004e60   Data          44  ssp_lpc17xx.o(.constdata)
    Region$$Table$$Base                      0x00004ea0   Number         0  anon$$obj.o(Region$$Table)
    Region$$Table$$Limit                     0x00004ec0   Number         0  anon$$obj.o(Region$$Table)
    DeviceAddr                               0x10000000   Data           1  basei2c.o(.data)
    maValeur                                 0x10000001   Data           1  basei2c.o(.data)
    X1                                       0x10000002   Data           1  basei2c.o(.data)
    X2                                       0x10000003   Data           1  basei2c.o(.data)
    Y1                                       0x10000004   Data           1  basei2c.o(.data)
    Y2                                       0x10000005   Data           1  basei2c.o(.data)
    Z1                                       0x10000006   Data           1  basei2c.o(.data)
    Z2                                       0x10000007   Data           1  basei2c.o(.data)
    SystemCoreClock                          0x10000028   Data           4  system_lpc17xx.o(.data)
    tab                                      0x1000002c   Data          10  basei2c.o(.bss)
    __libspace_start                         0x10000128   Data          96  libspace.o(.bss)
    __temporary_stack_top$libspace           0x10000188   Data           0  libspace.o(.bss)



==============================================================================

Memory Map of the image

  Image Entry point : 0x00000171

  Load Region LR_1 (Base: 0x00000000, Size: 0x00004eec, Max: 0xffffffff, ABSOLUTE)

    Execution Region ER_RO (Base: 0x00000000, Size: 0x00004ec0, Max: 0xffffffff, ABSOLUTE)

    Base Addr    Size         Type   Attr      Idx    E Section Name        Object

    0x00000000   0x000000cc   Data   RO          836    RESET               startup_lpc17xx.o
    0x000000cc   0x00000008   Code   RO          920  * !!!main             c_w.l(__main.o)
    0x000000d4   0x00000034   Code   RO         1096    !!!scatter          c_w.l(__scatter.o)
    0x00000108   0x0000001a   Code   RO         1098    !!handler_copy      c_w.l(__scatter_copy.o)
    0x00000122   0x00000002   PAD
    0x00000124   0x0000001c   Code   RO         1100    !!handler_zi        c_w.l(__scatter_zi.o)
    0x00000140   0x00000000   Code   RO          915    .ARM.Collect$$_printf_percent$$00000000  c_w.l(_printf_percent.o)
    0x00000140   0x00000006   Code   RO          914    .ARM.Collect$$_printf_percent$$00000009  c_w.l(_printf_d.o)
    0x00000146   0x00000004   Code   RO          933    .ARM.Collect$$_printf_percent$$00000017  c_w.l(_printf_percent_end.o)
    0x0000014a   0x00000002   Code   RO          966    .ARM.Collect$$libinit$$00000000  c_w.l(libinit.o)
    0x0000014c   0x00000000   Code   RO          979    .ARM.Collect$$libinit$$00000002  c_w.l(libinit2.o)
    0x0000014c   0x00000000   Code   RO          981    .ARM.Collect$$libinit$$00000004  c_w.l(libinit2.o)
    0x0000014c   0x00000000   Code   RO          984    .ARM.Collect$$libinit$$0000000A  c_w.l(libinit2.o)
    0x0000014c   0x00000000   Code   RO          986    .ARM.Collect$$libinit$$0000000C  c_w.l(libinit2.o)
    0x0000014c   0x00000000   Code   RO          988    .ARM.Collect$$libinit$$0000000E  c_w.l(libinit2.o)
    0x0000014c   0x00000000   Code   RO          991    .ARM.Collect$$libinit$$00000011  c_w.l(libinit2.o)
    0x0000014c   0x00000000   Code   RO          993    .ARM.Collect$$libinit$$00000013  c_w.l(libinit2.o)
    0x0000014c   0x00000000   Code   RO          995    .ARM.Collect$$libinit$$00000015  c_w.l(libinit2.o)
    0x0000014c   0x00000000   Code   RO          997    .ARM.Collect$$libinit$$00000017  c_w.l(libinit2.o)
    0x0000014c   0x00000000   Code   RO          999    .ARM.Collect$$libinit$$00000019  c_w.l(libinit2.o)
    0x0000014c   0x00000000   Code   RO         1001    .ARM.Collect$$libinit$$0000001B  c_w.l(libinit2.o)
    0x0000014c   0x00000000   Code   RO         1003    .ARM.Collect$$libinit$$0000001D  c_w.l(libinit2.o)
    0x0000014c   0x00000000   Code   RO         1005    .ARM.Collect$$libinit$$0000001F  c_w.l(libinit2.o)
    0x0000014c   0x00000000   Code   RO         1007    .ARM.Collect$$libinit$$00000021  c_w.l(libinit2.o)
    0x0000014c   0x00000000   Code   RO         1009    .ARM.Collect$$libinit$$00000023  c_w.l(libinit2.o)
    0x0000014c   0x00000000   Code   RO         1011    .ARM.Collect$$libinit$$00000025  c_w.l(libinit2.o)
    0x0000014c   0x00000000   Code   RO         1015    .ARM.Collect$$libinit$$0000002C  c_w.l(libinit2.o)
    0x0000014c   0x00000000   Code   RO         1017    .ARM.Collect$$libinit$$0000002E  c_w.l(libinit2.o)
    0x0000014c   0x00000000   Code   RO         1019    .ARM.Collect$$libinit$$00000030  c_w.l(libinit2.o)
    0x0000014c   0x00000000   Code   RO         1021    .ARM.Collect$$libinit$$00000032  c_w.l(libinit2.o)
    0x0000014c   0x00000002   Code   RO         1022    .ARM.Collect$$libinit$$00000033  c_w.l(libinit2.o)
    0x0000014e   0x00000002   Code   RO         1053    .ARM.Collect$$libshutdown$$00000000  c_w.l(libshutdown.o)
    0x00000150   0x00000000   Code   RO         1079    .ARM.Collect$$libshutdown$$00000002  c_w.l(libshutdown2.o)
    0x00000150   0x00000000   Code   RO         1081    .ARM.Collect$$libshutdown$$00000004  c_w.l(libshutdown2.o)
    0x00000150   0x00000000   Code   RO         1084    .ARM.Collect$$libshutdown$$00000007  c_w.l(libshutdown2.o)
    0x00000150   0x00000000   Code   RO         1087    .ARM.Collect$$libshutdown$$0000000A  c_w.l(libshutdown2.o)
    0x00000150   0x00000000   Code   RO         1089    .ARM.Collect$$libshutdown$$0000000C  c_w.l(libshutdown2.o)
    0x00000150   0x00000000   Code   RO         1092    .ARM.Collect$$libshutdown$$0000000F  c_w.l(libshutdown2.o)
    0x00000150   0x00000002   Code   RO         1093    .ARM.Collect$$libshutdown$$00000010  c_w.l(libshutdown2.o)
    0x00000152   0x00000000   Code   RO          922    .ARM.Collect$$rtentry$$00000000  c_w.l(__rtentry.o)
    0x00000152   0x00000000   Code   RO          935    .ARM.Collect$$rtentry$$00000002  c_w.l(__rtentry2.o)
    0x00000152   0x00000006   Code   RO          947    .ARM.Collect$$rtentry$$00000004  c_w.l(__rtentry4.o)
    0x00000158   0x00000000   Code   RO          937    .ARM.Collect$$rtentry$$00000009  c_w.l(__rtentry2.o)
    0x00000158   0x00000004   Code   RO          938    .ARM.Collect$$rtentry$$0000000A  c_w.l(__rtentry2.o)
    0x0000015c   0x00000000   Code   RO          940    .ARM.Collect$$rtentry$$0000000C  c_w.l(__rtentry2.o)
    0x0000015c   0x00000008   Code   RO          941    .ARM.Collect$$rtentry$$0000000D  c_w.l(__rtentry2.o)
    0x00000164   0x00000002   Code   RO          970    .ARM.Collect$$rtexit$$00000000  c_w.l(rtexit.o)
    0x00000166   0x00000000   Code   RO         1026    .ARM.Collect$$rtexit$$00000002  c_w.l(rtexit2.o)
    0x00000166   0x00000004   Code   RO         1027    .ARM.Collect$$rtexit$$00000003  c_w.l(rtexit2.o)
    0x0000016a   0x00000006   Code   RO         1028    .ARM.Collect$$rtexit$$00000004  c_w.l(rtexit2.o)
    0x00000170   0x0000003c   Code   RO          838  * .text               startup_lpc17xx.o
    0x000001ac   0x00000028   Code   RO          886    .text               c_w.l(noretval__2sprintf.o)
    0x000001d4   0x0000004e   Code   RO          890    .text               c_w.l(_printf_pad.o)
    0x00000222   0x00000002   PAD
    0x00000224   0x00000078   Code   RO          892    .text               c_w.l(_printf_dec.o)
    0x0000029c   0x0000004e   Code   RO          916    .text               c_w.l(rt_memclr_w.o)
    0x000002ea   0x00000006   Code   RO          918    .text               c_w.l(heapauxi.o)
    0x000002f0   0x0000000a   Code   RO          931    .text               c_w.l(_sputc.o)
    0x000002fa   0x00000002   Code   RO         1042    .text               c_w.l(use_no_semi.o)
    0x000002fc   0x00000004   Code   RO          837    .ARM.__at_0x02FC    startup_lpc17xx.o
    0x00000300   0x00000138   Code   RO          906    .text               c_w.l(__printf_flags_wp.o)
    0x00000438   0x000000b2   Code   RO          927    .text               c_w.l(_printf_intcommon.o)
    0x000004ea   0x00000002   PAD
    0x000004ec   0x00000030   Code   RO          929    .text               c_w.l(_printf_char_common.o)
    0x0000051c   0x0000004a   Code   RO          953    .text               c_w.l(sys_stackheap_outer.o)
    0x00000566   0x00000012   Code   RO          955    .text               c_w.l(exit.o)
    0x00000578   0x00000008   Code   RO          967    .text               c_w.l(libspace.o)
    0x00000580   0x0000000c   Code   RO         1023    .text               c_w.l(sys_exit.o)
    0x0000058c   0x00000000   Code   RO         1044    .text               c_w.l(indicate_semi.o)
    0x0000058c   0x00000020   Code   RO          657    i.Clear_Channel_active_flag  gpdma_lpc17xx.o
    0x000005ac   0x00000180   Code   RO          658    i.DMA_IRQHandler    gpdma_lpc17xx.o
    0x0000072c   0x0000003c   Code   RO           78    i.GLCD_ClearScreen  glcd_mcb1700.o
    0x00000768   0x000000d0   Code   RO           81    i.GLCD_DrawChar     glcd_mcb1700.o
    0x00000838   0x0000002c   Code   RO           85    i.GLCD_DrawString   glcd_mcb1700.o
    0x00000864   0x000005fe   Code   RO           89    i.GLCD_Initialize   glcd_mcb1700.o
    0x00000e62   0x00000002   PAD
    0x00000e64   0x00000010   Code   RO           91    i.GLCD_SetFont      glcd_mcb1700.o
    0x00000e74   0x000000a0   Code   RO           93    i.GLCD_SetWindow    glcd_mcb1700.o
    0x00000f14   0x000000f4   Code   RO          659    i.GPDMA_ChannelConfigure  gpdma_lpc17xx.o
    0x00001008   0x00000030   Code   RO          660    i.GPDMA_ChannelDisable  gpdma_lpc17xx.o
    0x00001038   0x00000030   Code   RO          662    i.GPDMA_ChannelGetCount  gpdma_lpc17xx.o
    0x00001068   0x000000b0   Code   RO          664    i.GPDMA_Initialize  gpdma_lpc17xx.o
    0x00001118   0x00000044   Code   RO          665    i.GPDMA_PeripheralSelect  gpdma_lpc17xx.o
    0x0000115c   0x00000080   Code   RO          666    i.GPDMA_Uninitialize  gpdma_lpc17xx.o
    0x000011dc   0x00000020   Code   RO          747    i.GPIO_PinRead      gpio_lpc17xx.o
    0x000011fc   0x00000028   Code   RO          748    i.GPIO_PinWrite     gpio_lpc17xx.o
    0x00001224   0x0000002c   Code   RO          749    i.GPIO_PortClock    gpio_lpc17xx.o
    0x00001250   0x00000038   Code   RO          752    i.GPIO_SetDir       gpio_lpc17xx.o
    0x00001288   0x00000044   Code   RO          285    i.GetI2CClockFreq   i2c_lpc17xx.o
    0x000012cc   0x00000044   Code   RO          478    i.GetSSPClockFreq   ssp_lpc17xx.o
    0x00001310   0x00000018   Code   RO          286    i.I2C0_Control      i2c_lpc17xx.o
    0x00001328   0x00000010   Code   RO          287    i.I2C0_GetDataCount  i2c_lpc17xx.o
    0x00001338   0x00000010   Code   RO          288    i.I2C0_GetStatus    i2c_lpc17xx.o
    0x00001348   0x00000010   Code   RO          289    i.I2C0_IRQHandler   i2c_lpc17xx.o
    0x00001358   0x00000014   Code   RO          290    i.I2C0_Initialize   i2c_lpc17xx.o
    0x0000136c   0x00000020   Code   RO          291    i.I2C0_MasterReceive  i2c_lpc17xx.o
    0x0000138c   0x00000020   Code   RO          292    i.I2C0_MasterTransmit  i2c_lpc17xx.o
    0x000013ac   0x00000014   Code   RO          293    i.I2C0_PowerControl  i2c_lpc17xx.o
    0x000013c0   0x00000018   Code   RO          294    i.I2C0_SlaveReceive  i2c_lpc17xx.o
    0x000013d8   0x00000018   Code   RO          295    i.I2C0_SlaveTransmit  i2c_lpc17xx.o
    0x000013f0   0x00000010   Code   RO          296    i.I2C0_Uninitialize  i2c_lpc17xx.o
    0x00001400   0x0000000c   Code   RO          297    i.I2C_GetCapabilities  i2c_lpc17xx.o
    0x0000140c   0x00000010   Code   RO          298    i.I2C_GetVersion    i2c_lpc17xx.o
    0x0000141c   0x0000018c   Code   RO          299    i.I2Cx_Control      i2c_lpc17xx.o
    0x000015a8   0x00000008   Code   RO          300    i.I2Cx_GetDataCount  i2c_lpc17xx.o
    0x000015b0   0x00000008   Code   RO          301    i.I2Cx_GetStatus    i2c_lpc17xx.o
    0x000015b8   0x00000030   Code   RO          302    i.I2Cx_IRQHandler   i2c_lpc17xx.o
    0x000015e8   0x0000004e   Code   RO          303    i.I2Cx_Initialize   i2c_lpc17xx.o
    0x00001636   0x000001ce   Code   RO          304    i.I2Cx_MasterHandler  i2c_lpc17xx.o
    0x00001804   0x000000ce   Code   RO          305    i.I2Cx_MasterReceive  i2c_lpc17xx.o
    0x000018d2   0x000000cc   Code   RO          306    i.I2Cx_MasterTransmit  i2c_lpc17xx.o
    0x0000199e   0x00000154   Code   RO          307    i.I2Cx_PowerControl  i2c_lpc17xx.o
    0x00001af2   0x000001d4   Code   RO          308    i.I2Cx_SlaveHandler  i2c_lpc17xx.o
    0x00001cc6   0x00000074   Code   RO          309    i.I2Cx_SlaveReceive  i2c_lpc17xx.o
    0x00001d3a   0x00000074   Code   RO          310    i.I2Cx_SlaveTransmit  i2c_lpc17xx.o
    0x00001dae   0x00000030   Code   RO          311    i.I2Cx_Uninitialize  i2c_lpc17xx.o
    0x00001dde   0x00000002   PAD
    0x00001de0   0x0000002c   Code   RO            1    i.Init_I2C          basei2c.o
    0x00001e0c   0x000000fc   Code   RO          801    i.PIN_Configure     pin_lpc17xx.o
    0x00001f08   0x00000020   Code   RO          802    i.PIN_ConfigureI2C0Pins  pin_lpc17xx.o
    0x00001f28   0x00000018   Code   RO          479    i.SSP1_Control      ssp_lpc17xx.o
    0x00001f40   0x00000014   Code   RO          480    i.SSP1_GPDMA_Rx_SignalEvent  ssp_lpc17xx.o
    0x00001f54   0x00000014   Code   RO          481    i.SSP1_GPDMA_Tx_SignalEvent  ssp_lpc17xx.o
    0x00001f68   0x00000010   Code   RO          482    i.SSP1_GetDataCount  ssp_lpc17xx.o
    0x00001f78   0x00000010   Code   RO          483    i.SSP1_GetStatus    ssp_lpc17xx.o
    0x00001f88   0x00000010   Code   RO          484    i.SSP1_IRQHandler   ssp_lpc17xx.o
    0x00001f98   0x00000014   Code   RO          485    i.SSP1_Initialize   ssp_lpc17xx.o
    0x00001fac   0x00000014   Code   RO          486    i.SSP1_PowerControl  ssp_lpc17xx.o
    0x00001fc0   0x00000018   Code   RO          487    i.SSP1_Receive      ssp_lpc17xx.o
    0x00001fd8   0x00000018   Code   RO          488    i.SSP1_Send         ssp_lpc17xx.o
    0x00001ff0   0x0000001c   Code   RO          489    i.SSP1_Transfer     ssp_lpc17xx.o
    0x0000200c   0x00000010   Code   RO          490    i.SSP1_Uninitialize  ssp_lpc17xx.o
    0x0000201c   0x0000000c   Code   RO          491    i.SSP_GetCapabilities  ssp_lpc17xx.o
    0x00002028   0x00000010   Code   RO          492    i.SSP_GetVersion    ssp_lpc17xx.o
    0x00002038   0x0000051e   Code   RO          493    i.SSPx_Control      ssp_lpc17xx.o
    0x00002556   0x00000036   Code   RO          494    i.SSPx_GPDMA_Rx_SignalEvent  ssp_lpc17xx.o
    0x0000258c   0x0000001c   Code   RO          495    i.SSPx_GPDMA_Tx_SignalEvent  ssp_lpc17xx.o
    0x000025a8   0x0000002c   Code   RO          496    i.SSPx_GetDataCount  ssp_lpc17xx.o
    0x000025d4   0x0000005a   Code   RO          497    i.SSPx_GetStatus    ssp_lpc17xx.o
    0x0000262e   0x00000104   Code   RO          498    i.SSPx_IRQHandler   ssp_lpc17xx.o
    0x00002732   0x000000a8   Code   RO          499    i.SSPx_Initialize   ssp_lpc17xx.o
    0x000027da   0x00000002   PAD
    0x000027dc   0x000001d8   Code   RO          500    i.SSPx_PowerControl  ssp_lpc17xx.o
    0x000029b4   0x0000015c   Code   RO          501    i.SSPx_Receive      ssp_lpc17xx.o
    0x00002b10   0x00000154   Code   RO          502    i.SSPx_Send         ssp_lpc17xx.o
    0x00002c64   0x00000152   Code   RO          503    i.SSPx_Transfer     ssp_lpc17xx.o
    0x00002db6   0x00000070   Code   RO          504    i.SSPx_Uninitialize  ssp_lpc17xx.o
    0x00002e26   0x00000002   PAD
    0x00002e28   0x00000038   Code   RO          667    i.Set_Channel_active_flag  gpdma_lpc17xx.o
    0x00002e60   0x00000140   Code   RO          848    i.SystemInit        system_lpc17xx.o
    0x00002fa0   0x0000001c   Code   RO          312    i.__NVIC_ClearPendingIRQ  i2c_lpc17xx.o
    0x00002fbc   0x0000001c   Code   RO          505    i.__NVIC_ClearPendingIRQ  ssp_lpc17xx.o
    0x00002fd8   0x0000001c   Code   RO          668    i.__NVIC_ClearPendingIRQ  gpdma_lpc17xx.o
    0x00002ff4   0x0000003c   Code   RO          313    i.__NVIC_DisableIRQ  i2c_lpc17xx.o
    0x00003030   0x00000022   Code   RO          314    i.__NVIC_EnableIRQ  i2c_lpc17xx.o
    0x00003052   0x0000000e   Code   RO          904    i._is_digit         c_w.l(__printf_wp.o)
    0x00003060   0x00000030   Code   RO           96    i.delay_ms          glcd_mcb1700.o
    0x00003090   0x00000120   Code   RO            2    i.main              basei2c.o
    0x000031b0   0x000000c8   Code   RO           97    i.rd_id_man         glcd_mcb1700.o
    0x00003278   0x0000005c   Code   RO            3    i.read1byte         basei2c.o
    0x000032d4   0x0000002c   Code   RO           98    i.spi_tran          glcd_mcb1700.o
    0x00003300   0x00000088   Code   RO           99    i.spi_tran_man      glcd_mcb1700.o
    0x00003388   0x0000004c   Code   RO          100    i.wr_cmd            glcd_mcb1700.o
    0x000033d4   0x00000034   Code   RO          101    i.wr_dat_only       glcd_mcb1700.o
    0x00003408   0x00000018   Code   RO          102    i.wr_dat_start      glcd_mcb1700.o
    0x00003420   0x00000014   Code   RO          103    i.wr_dat_stop       glcd_mcb1700.o
    0x00003434   0x00000090   Code   RO          104    i.wr_reg            glcd_mcb1700.o
    0x000034c4   0x00000038   Code   RO            4    i.write1byte        basei2c.o
    0x000034fc   0x000018a0   Data   RO           63    .constdata          glcd_fonts.o
    0x00004d9c   0x00000008   Data   RO          105    .constdata          glcd_mcb1700.o
    0x00004da4   0x00000064   Data   RO          316    .constdata          i2c_lpc17xx.o
    0x00004e08   0x00000084   Data   RO          507    .constdata          ssp_lpc17xx.o
    0x00004e8c   0x00000011   Data   RO          907    .constdata          c_w.l(__printf_flags_wp.o)
    0x00004e9d   0x00000003   PAD
    0x00004ea0   0x00000020   Data   RO         1094    Region$$Table       anon$$obj.o


    Execution Region ER_RW (Base: 0x10000000, Size: 0x0000002c, Max: 0xffffffff, ABSOLUTE)

    Base Addr    Size         Type   Attr      Idx    E Section Name        Object

    0x10000000   0x00000008   Data   RW            6    .data               basei2c.o
    0x10000008   0x00000009   Data   RW          106    .data               glcd_mcb1700.o
    0x10000011   0x00000004   Data   RW          317    .data               i2c_lpc17xx.o
    0x10000015   0x00000003   PAD
    0x10000018   0x00000008   Data   RW          508    .data               ssp_lpc17xx.o
    0x10000020   0x00000008   Data   RW          670    .data               gpdma_lpc17xx.o
    0x10000028   0x00000004   Data   RW          849    .data               system_lpc17xx.o


    Execution Region ER_ZI (Base: 0x1000002c, Size: 0x0000035c, Max: 0xffffffff, ABSOLUTE)

    Base Addr    Size         Type   Attr      Idx    E Section Name        Object

    0x1000002c   0x0000000a   Zero   RW            5    .bss                basei2c.o
    0x10000036   0x00000002   PAD
    0x10000038   0x00000024   Zero   RW          315    .bss                i2c_lpc17xx.o
    0x1000005c   0x0000002c   Zero   RW          506    .bss                ssp_lpc17xx.o
    0x10000088   0x000000a0   Zero   RW          669    .bss                gpdma_lpc17xx.o
    0x10000128   0x00000060   Zero   RW          968    .bss                c_w.l(libspace.o)
    0x10000188   0x00000000   Zero   RW          835    HEAP                startup_lpc17xx.o
    0x10000188   0x00000200   Zero   RW          834    STACK               startup_lpc17xx.o


==============================================================================

Image component sizes


      Code (inc. data)   RO Data    RW Data    ZI Data      Debug   Object Name

       480        100          0          8         10      10735   basei2c.o
         0          0       6304          0          0        828   glcd_fonts.o
      2766         98          8          9          0      33076   glcd_mcb1700.o
      1212         94          0          8        160       8086   gpdma_lpc17xx.o
       172         18          0          0          0       2294   gpio_lpc17xx.o
      2956        132        100          4         36      48163   i2c_lpc17xx.o
       284         10          0          0          0       1464   pin_lpc17xx.o
      3932        106        132          8         44      53305   ssp_lpc17xx.o
        64         26        204          0        512        936   startup_lpc17xx.o
       320         18          0          4          0        743   system_lpc17xx.o

    ----------------------------------------------------------------------
     12194        602       6780         44        764     159630   Object Totals
         0          0         32          0          0          0   (incl. Generated)
         8          0          0          3          2          0   (incl. Padding)

    ----------------------------------------------------------------------

      Code (inc. data)   RO Data    RW Data    ZI Data      Debug   Library Member Name

         8          0          0          0          0         68   __main.o
       312          4         17          0          0         92   __printf_flags_wp.o
        14          0          0          0          0         68   __printf_wp.o
         0          0          0          0          0          0   __rtentry.o
        12          0          0          0          0          0   __rtentry2.o
         6          0          0          0          0          0   __rtentry4.o
        52          8          0          0          0          0   __scatter.o
        26          0          0          0          0          0   __scatter_copy.o
        28          0          0          0          0          0   __scatter_zi.o
        48          6          0          0          0         96   _printf_char_common.o
         6          0          0          0          0          0   _printf_d.o
       120         16          0          0          0         92   _printf_dec.o
       178          0          0          0          0         88   _printf_intcommon.o
        78          0          0          0          0        108   _printf_pad.o
         0          0          0          0          0          0   _printf_percent.o
         4          0          0          0          0          0   _printf_percent_end.o
        10          0          0          0          0         68   _sputc.o
        18          0          0          0          0         80   exit.o
         6          0          0          0          0        152   heapauxi.o
         0          0          0          0          0          0   indicate_semi.o
         2          0          0          0          0          0   libinit.o
         2          0          0          0          0          0   libinit2.o
         2          0          0          0          0          0   libshutdown.o
         2          0          0          0          0          0   libshutdown2.o
         8          4          0          0         96         68   libspace.o
        40          6          0          0          0         84   noretval__2sprintf.o
        78          0          0          0          0         80   rt_memclr_w.o
         2          0          0          0          0          0   rtexit.o
        10          0          0          0          0          0   rtexit2.o
        12          4          0          0          0         68   sys_exit.o
        74          0          0          0          0         80   sys_stackheap_outer.o
         2          0          0          0          0         68   use_no_semi.o

    ----------------------------------------------------------------------
      1166         48         20          0         96       1360   Library Totals
         6          0          3          0          0          0   (incl. Padding)

    ----------------------------------------------------------------------

      Code (inc. data)   RO Data    RW Data    ZI Data      Debug   Library Name

      1160         48         17          0         96       1360   c_w.l

    ----------------------------------------------------------------------
      1166         48         20          0         96       1360   Library Totals

    ----------------------------------------------------------------------

==============================================================================


      Code (inc. data)   RO Data    RW Data    ZI Data      Debug   

     13360        650       6800         44        860     155630   Grand Totals
     13360        650       6800         44        860     155630   ELF Image Totals
     13360        650       6800         44          0          0   ROM Totals

==============================================================================

    Total RO  Size (Code + RO Data)                20160 (  19.69kB)
    Total RW  Size (RW Data + ZI Data)               904 (   0.88kB)
    Total ROM Size (Code + RO Data + RW Data)      20204 (  19.73kB)

==============================================================================

