Component: ARM Compiler 5.06 update 1 (build 61) Tool: armlink [4d35a8]

==============================================================================

Section Cross References

    main.o(i.Init_UART) refers to usart_stm32f4xx.o(.constdata) for Driver_USART3
    main.o(i.main) refers to _scanf_str.o(.text) for _scanf_string
    main.o(i.main) refers to scanf1.o(x$fpl$scanf1) for _scanf_real
    main.o(i.main) refers to _printf_percent.o(.ARM.Collect$$_printf_percent$$00000000) for _printf_percent
    main.o(i.main) refers to _printf_d.o(.ARM.Collect$$_printf_percent$$00000009) for _printf_d
    main.o(i.main) refers to _printf_dec.o(.text) for _printf_int_dec
    main.o(i.main) refers to main.o(i.Init_UART) for Init_UART
    main.o(i.main) refers to __0sscanf.o(.text) for __0sscanf
    main.o(i.main) refers to noretval__2sprintf.o(.text) for __2sprintf
    main.o(i.main) refers to strlen.o(.text) for strlen
    main.o(i.main) refers to usart_stm32f4xx.o(.constdata) for Driver_USART3
    buttons_f4discovery.o(i.Buttons_GetState) refers to stm32f4xx_hal_gpio.o(i.HAL_GPIO_ReadPin) for HAL_GPIO_ReadPin
    buttons_f4discovery.o(i.Buttons_Initialize) refers to stm32f4xx_hal_gpio.o(i.HAL_GPIO_Init) for HAL_GPIO_Init
    buttons_f4discovery.o(i.Buttons_Uninitialize) refers to stm32f4xx_hal_gpio.o(i.HAL_GPIO_DeInit) for HAL_GPIO_DeInit
    led_f4discovery.o(i.LED_Initialize) refers to stm32f4xx_hal_gpio.o(i.HAL_GPIO_Init) for HAL_GPIO_Init
    led_f4discovery.o(i.LED_Off) refers to stm32f4xx_hal_gpio.o(i.HAL_GPIO_WritePin) for HAL_GPIO_WritePin
    led_f4discovery.o(i.LED_Off) refers to led_f4discovery.o(.constdata) for LED_PIN
    led_f4discovery.o(i.LED_On) refers to stm32f4xx_hal_gpio.o(i.HAL_GPIO_WritePin) for HAL_GPIO_WritePin
    led_f4discovery.o(i.LED_On) refers to led_f4discovery.o(.constdata) for LED_PIN
    led_f4discovery.o(i.LED_SetOut) refers to led_f4discovery.o(i.LED_On) for LED_On
    led_f4discovery.o(i.LED_SetOut) refers to led_f4discovery.o(i.LED_Off) for LED_Off
    led_f4discovery.o(i.LED_Uninitialize) refers to stm32f4xx_hal_gpio.o(i.HAL_GPIO_DeInit) for HAL_GPIO_DeInit
    rtx_conf_cm.o(.emb_text) refers to rt_cmsis.o(i.osKernelInitialize) for osKernelInitialize
    rtx_conf_cm.o(.emb_text) refers to rt_cmsis.o(i.osThreadCreate) for osThreadCreate
    rtx_conf_cm.o(.emb_text) refers to rt_cmsis.o(i.osKernelStart) for osKernelStart
    rtx_conf_cm.o(.emb_text) refers to exit.o(.text) for exit
    rtx_conf_cm.o(.emb_text) refers to rtx_conf_cm.o(.constdata) for os_thread_def_main
    rtx_conf_cm.o(i.__user_perthread_libspace) refers to rt_task.o(i.rt_tsk_self) for rt_tsk_self
    rtx_conf_cm.o(i.__user_perthread_libspace) refers to rt_cmsis.o(.data) for os_running
    rtx_conf_cm.o(i.__user_perthread_libspace) refers to rtx_conf_cm.o(.bss) for .bss
    rtx_conf_cm.o(i.__user_perthread_libspace) refers to libspace.o(.bss) for __libspace_start
    rtx_conf_cm.o(i._mutex_acquire) refers to rt_cmsis.o(.data) for os_running
    rtx_conf_cm.o(i._mutex_acquire) refers to rt_mutex.o(i.rt_mut_wait) for rt_mut_wait
    rtx_conf_cm.o(i._mutex_initialize) refers to rt_mutex.o(i.rt_mut_init) for rt_mut_init
    rtx_conf_cm.o(i._mutex_initialize) refers to rtx_conf_cm.o(.data) for .data
    rtx_conf_cm.o(i._mutex_initialize) refers to rtx_conf_cm.o(.bss) for .bss
    rtx_conf_cm.o(i._mutex_release) refers to rt_cmsis.o(.data) for os_running
    rtx_conf_cm.o(i._mutex_release) refers to rt_mutex.o(i.rt_mut_release) for rt_mut_release
    rtx_conf_cm.o(.constdata) refers to rt_cmsis.o(i.osTimerThread) for osTimerThread
    rtx_conf_cm.o(.constdata) refers to rtx_conf_cm.o(.bss) for os_messageQ_q_osTimerMessageQ
    rtx_conf_cm.o(.constdata) refers to main.o(i.main) for main
    usart_stm32f4xx.o(i.USART2_Control) refers to usart_stm32f4xx.o(i.USART_Control) for USART_Control
    usart_stm32f4xx.o(i.USART2_Control) refers to usart_stm32f4xx.o(.constdata) for USART2_Resources
    usart_stm32f4xx.o(i.USART2_GetCapabilities) refers to usart_stm32f4xx.o(i.USART_GetCapabilities) for USART_GetCapabilities
    usart_stm32f4xx.o(i.USART2_GetCapabilities) refers to usart_stm32f4xx.o(.constdata) for USART2_Resources
    usart_stm32f4xx.o(i.USART2_GetModemStatus) refers to usart_stm32f4xx.o(i.USART_GetModemStatus) for USART_GetModemStatus
    usart_stm32f4xx.o(i.USART2_GetModemStatus) refers to usart_stm32f4xx.o(.constdata) for USART2_Resources
    usart_stm32f4xx.o(i.USART2_GetRxCount) refers to usart_stm32f4xx.o(i.USART_GetRxCount) for USART_GetRxCount
    usart_stm32f4xx.o(i.USART2_GetRxCount) refers to usart_stm32f4xx.o(.constdata) for USART2_Resources
    usart_stm32f4xx.o(i.USART2_GetStatus) refers to usart_stm32f4xx.o(i.USART_GetStatus) for USART_GetStatus
    usart_stm32f4xx.o(i.USART2_GetStatus) refers to usart_stm32f4xx.o(.constdata) for USART2_Resources
    usart_stm32f4xx.o(i.USART2_GetTxCount) refers to usart_stm32f4xx.o(i.USART_GetTxCount) for USART_GetTxCount
[...]
    i.rt_ret_val2                            0x08004a6c   Section        0  hal_cm.o(i.rt_ret_val2)
    i.rt_rmv_dly                             0x08004a7c   Section        0  rt_list.o(i.rt_rmv_dly)
    i.rt_rmv_list                            0x08004aa4   Section        0  rt_list.o(i.rt_rmv_list)
    i.rt_sem_psh                             0x08004ad4   Section        0  rt_semaphore.o(i.rt_sem_psh)
    i.rt_stk_check                           0x08004b08   Section        0  rt_system.o(i.rt_stk_check)
    i.rt_switch_req                          0x08004b2c   Section        0  rt_task.o(i.rt_switch_req)
    i.rt_sys_init                            0x08004b54   Section        0  rt_task.o(i.rt_sys_init)
    i.rt_sys_start                           0x08004c20   Section        0  rt_task.o(i.rt_sys_start)
    i.rt_systick                             0x08004c98   Section        0  rt_system.o(i.rt_systick)
    i.rt_tid2ptcb                            0x08004cd8   Section        0  rt_cmsis.o(i.rt_tid2ptcb)
    rt_tid2ptcb                              0x08004cd9   Thumb Code    18  rt_cmsis.o(i.rt_tid2ptcb)
    i.rt_timer_insert                        0x08004cec   Section        0  rt_cmsis.o(i.rt_timer_insert)
    rt_timer_insert                          0x08004ced   Thumb Code    48  rt_cmsis.o(i.rt_timer_insert)
    i.rt_tsk_create                          0x08004d20   Section        0  rt_task.o(i.rt_tsk_create)
    i.rt_tsk_delete                          0x08004da8   Section        0  rt_task.o(i.rt_tsk_delete)
    i.rt_tsk_prio                            0x08004f24   Section        0  rt_task.o(i.rt_tsk_prio)
    i.rt_tsk_self                            0x08004fa0   Section        0  rt_task.o(i.rt_tsk_self)
    i.svcKernelInitialize                    0x08004fb0   Section        0  rt_cmsis.o(i.svcKernelInitialize)
    i.svcKernelStart                         0x08005020   Section        0  rt_cmsis.o(i.svcKernelStart)
    i.svcMessageCreate                       0x08005068   Section        0  rt_cmsis.o(i.svcMessageCreate)
    i.svcMessageGet                          0x0800508c   Section        0  rt_cmsis.o(i.svcMessageGet)
    i.svcThreadCreate                        0x080050c8   Section        0  rt_cmsis.o(i.svcThreadCreate)
    i.svcThreadGetId                         0x08005134   Section        0  rt_cmsis.o(i.svcThreadGetId)
    i.svcThreadTerminate                     0x08005150   Section        0  rt_cmsis.o(i.svcThreadTerminate)
    i.svcTimerCall                           0x08005188   Section        0  rt_cmsis.o(i.svcTimerCall)
    i.sysTimerTick                           0x080051a0   Section        0  rt_cmsis.o(i.sysTimerTick)
    locale$$code                             0x080051fc   Section       44  lc_numeric_c.o(locale$$code)
    locale$$code                             0x08005228   Section       44  lc_ctype_c.o(locale$$code)
    x$fpl$d2f                                0x08005254   Section       98  d2f.o(x$fpl$d2f)
    $v0                                      0x08005254   Number         0  d2f.o(x$fpl$d2f)
    x$fpl$dcheck1                            0x080052b8   Section       16  dcheck1.o(x$fpl$dcheck1)
    $v0                                      0x080052b8   Number         0  dcheck1.o(x$fpl$dcheck1)
    x$fpl$dcmpinf                            0x080052c8   Section       24  dcmpi.o(x$fpl$dcmpinf)
    $v0                                      0x080052c8   Number         0  dcmpi.o(x$fpl$dcmpinf)
    x$fpl$deqf                               0x080052e0   Section      120  deqf.o(x$fpl$deqf)
    $v0                                      0x080052e0   Number         0  deqf.o(x$fpl$deqf)
    x$fpl$dleqf                              0x08005358   Section      120  dleqf.o(x$fpl$dleqf)
    $v0                                      0x08005358   Number         0  dleqf.o(x$fpl$dleqf)
    x$fpl$dmul                               0x080053d0   Section      340  dmul.o(x$fpl$dmul)
    $v0                                      0x080053d0   Number         0  dmul.o(x$fpl$dmul)
    x$fpl$dnaninf                            0x08005524   Section      156  dnaninf.o(x$fpl$dnaninf)
    $v0                                      0x08005524   Number         0  dnaninf.o(x$fpl$dnaninf)
    x$fpl$dretinf                            0x080055c0   Section       12  dretinf.o(x$fpl$dretinf)
    $v0                                      0x080055c0   Number         0  dretinf.o(x$fpl$dretinf)
    x$fpl$drleqf                             0x080055cc   Section      108  drleqf.o(x$fpl$drleqf)
    $v0                                      0x080055cc   Number         0  drleqf.o(x$fpl$drleqf)
    x$fpl$fpinit                             0x08005638   Section       10  fpinit.o(x$fpl$fpinit)
    $v0                                      0x08005638   Number         0  fpinit.o(x$fpl$fpinit)
    x$fpl$fretinf                            0x08005642   Section       10  fretinf.o(x$fpl$fretinf)
    $v0                                      0x08005642   Number         0  fretinf.o(x$fpl$fretinf)
    x$fpl$retnan                             0x0800564c   Section      100  retnan.o(x$fpl$retnan)
    $v0                                      0x0800564c   Number         0  retnan.o(x$fpl$retnan)
    x$fpl$scalbn                             0x080056b0   Section       92  scalbn.o(x$fpl$scalbn)
    $v0                                      0x080056b0   Number         0  scalbn.o(x$fpl$scalbn)
    x$fpl$scanf1                             0x0800570c   Section        4  scanf1.o(x$fpl$scanf1)
    $v0                                      0x0800570c   Number         0  scanf1.o(x$fpl$scanf1)
    x$fpl$scanf2                             0x08005710   Section        8  scanf2.o(x$fpl$scanf2)
    $v0                                      0x08005710   Number         0  scanf2.o(x$fpl$scanf2)
    x$fpl$trapveneer                         0x08005718   Section       48  trapv.o(x$fpl$trapveneer)
    $v0                                      0x08005718   Number         0  trapv.o(x$fpl$trapveneer)
    .constdata                               0x08005748   Section      104  rtx_conf_cm.o(.constdata)
    x$fpl$usenofp                            0x08005748   Section        0  usenofp.o(x$fpl$usenofp)
    __tagsym$$used                           0x08005764   Number         0  rtx_conf_cm.o(.constdata)
    __tagsym$$used                           0x08005768   Number         0  rtx_conf_cm.o(.constdata)
    __tagsym$$used                           0x0800576c   Number         0  rtx_conf_cm.o(.constdata)
    __tagsym$$used                           0x08005770   Number         0  rtx_conf_cm.o(.constdata)
    .constdata                               0x080057b0   Section      268  usart_stm32f4xx.o(.constdata)
    usart_driver_version                     0x080057b0   Data           4  usart_stm32f4xx.o(.constdata)
    USART2_tx                                0x080057b4   Data          12  usart_stm32f4xx.o(.constdata)
    USART2_rx                                0x080057c0   Data          12  usart_stm32f4xx.o(.constdata)
    USART2_Resources                         0x080057cc   Data          52  usart_stm32f4xx.o(.constdata)
    USART3_tx                                0x08005800   Data          12  usart_stm32f4xx.o(.constdata)
    USART3_rx                                0x0800580c   Data          12  usart_stm32f4xx.o(.constdata)
    USART3_Resources                         0x08005818   Data          52  usart_stm32f4xx.o(.constdata)
    .constdata                               0x080058bc   Section       24  system_stm32f4xx.o(.constdata)
    .constdata                               0x080058d4   Section      148  bigflt0.o(.constdata)
    tenpwrs_x                                0x080058d4   Data          60  bigflt0.o(.constdata)
    tenpwrs_i                                0x08005910   Data          64  bigflt0.o(.constdata)
    c$$dinf                                  0x08005988   Section        8  fpconst.o(c$$dinf)
    locale$$data                             0x08005990   Section       28  lc_numeric_c.o(locale$$data)
    __lcnum_c_name                           0x08005994   Data           2  lc_numeric_c.o(locale$$data)
    __lcnum_c_start                          0x0800599c   Data           0  lc_numeric_c.o(locale$$data)
    __lcnum_c_point                          0x080059a8   Data           0  lc_numeric_c.o(locale$$data)
    __lcnum_c_thousands                      0x080059aa   Data           0  lc_numeric_c.o(locale$$data)
    __lcnum_c_grouping                       0x080059ab   Data           0  lc_numeric_c.o(locale$$data)
    locale$$data                             0x080059ac   Section      272  lc_ctype_c.o(locale$$data)
    __lcnum_c_end                            0x080059ac   Data           0  lc_numeric_c.o(locale$$data)
    __lcctype_c_name                         0x080059b0   Data           2  lc_ctype_c.o(locale$$data)
    __lcctype_c_start                        0x080059b8   Data           0  lc_ctype_c.o(locale$$data)
    __lcctype_c_end                          0x08005abc   Data           0  lc_ctype_c.o(locale$$data)
    .data                                    0x20000000   Section       20  rtx_conf_cm.o(.data)
    nr_mutex                                 0x20000010   Data           4  rtx_conf_cm.o(.data)
    .data                                    0x20000014   Section        9  stm32f4xx_hal.o(.data)
    .data                                    0x20000020   Section        4  system_stm32f4xx.o(.data)
    .data                                    0x20000024   Section        8  rt_cmsis.o(.data)
    .data                                    0x2000002c   Section        8  rt_task.o(.data)
    .data                                    0x20000034   Section        8  rt_system.o(.data)
    os_lock                                  0x20000034   Data           1  rt_system.o(.data)
    os_psh_flag                              0x20000035   Data           1  rt_system.o(.data)
    pend_flags                               0x20000036   Data           1  rt_system.o(.data)
    .data                                    0x2000003c   Section        4  rt_time.o(.data)
    .data                                    0x20000040   Section        8  rt_robin.o(.data)
    .data                                    0x20000048   Section        1  hal_cm.o(.data)
    .bss                                     0x20000050   Section    15616  rtx_conf_cm.o(.bss)
    std_libspace                             0x20003a30   Data         672  rtx_conf_cm.o(.bss)
    std_libmutex                             0x20003cd0   Data         128  rtx_conf_cm.o(.bss)
    .bss                                     0x20003d50   Section      112  usart_stm32f4xx.o(.bss)
    USART2_Info                              0x20003d50   Data          20  usart_stm32f4xx.o(.bss)
    USART2_TransferInfo                      0x20003d64   Data          36  usart_stm32f4xx.o(.bss)
    USART3_Info                              0x20003d88   Data          20  usart_stm32f4xx.o(.bss)
    USART3_TransferInfo                      0x20003d9c   Data          36  usart_stm32f4xx.o(.bss)
    .bss                                     0x20003dc0   Section       52  rt_task.o(.bss)
    .bss                                     0x20003df4   Section       48  rt_list.o(.bss)
    .bss                                     0x20003e24   Section       96  libspace.o(.bss)
    HEAP                                     0x20003e88   Section      512  startup_stm32f407xx.o(HEAP)
    Heap_Mem                                 0x20003e88   Data         512  startup_stm32f407xx.o(HEAP)
    STACK                                    0x20004088   Section     1024  startup_stm32f407xx.o(STACK)
    Stack_Mem                                0x20004088   Data        1024  startup_stm32f407xx.o(STACK)
    __initial_sp                             0x20004488   Data           0  startup_stm32f407xx.o(STACK)

    Global Symbols

    Symbol Name                              Value     Ov Type        Size  Object(Section)

    BuildAttributes$$THM_ISAv4$E$P$D$K$B$S$7EM$VFPi3$EXTD16$VFPS$VFMA$PE$A:L22UL41UL21$X:L11$S22US41US21$IEEE1$IW$USESV6$~STKCKD$USESV7$~SHL$OTIME$ROPI$IEEEX$EBA8$UX$STANDARDLIB$REQ8$PRES8$EABIv2 0x00000000   Number         0  anon$$obj.o ABSOLUTE
    __ARM_use_no_argv                        0x00000000   Number         0  main.o ABSOLUTE
    __ARM_exceptions_init                     - Undefined Weak Reference
    __alloca_initialize                       - Undefined Weak Reference
    __arm_preinit_                            - Undefined Weak Reference
    __cpp_initialize__aeabi_                  - Undefined Weak Reference
    __cxa_finalize                            - Undefined Weak Reference
    __sigvec_lookup                           - Undefined Weak Reference
    _atexit_init                              - Undefined Weak Reference
    _call_atexit_fns                          - Undefined Weak Reference
    _clock_init                               - Undefined Weak Reference
    _fp_trap_init                             - Undefined Weak Reference
    _fp_trap_shutdown                         - Undefined Weak Reference
    _get_lc_collate                           - Undefined Weak Reference
    _get_lc_monetary                          - Undefined Weak Reference
    _get_lc_time                              - Undefined Weak Reference
    _getenv_init                              - Undefined Weak Reference
    _handle_redirection                       - Undefined Weak Reference
    _init_alloc                               - Undefined Weak Reference
    _init_user_alloc                          - Undefined Weak Reference
    _initio                                   - Undefined Weak Reference
    _printf_post_padding                      - Undefined Weak Reference
    _printf_pre_padding                       - Undefined Weak Reference
    _printf_truncate_signed                   - Undefined Weak Reference
    _printf_truncate_unsigned                 - Undefined Weak Reference
    _rand_init                                - Undefined Weak Reference
    _scanf_int                                - Undefined Weak Reference
    _scanf_longlong                           - Undefined Weak Reference
    _scanf_mbtowc                             - Undefined Weak Reference
    _scanf_wctomb                             - Undefined Weak Reference
    _scanf_wstring                            - Undefined Weak Reference
    _signal_finish                            - Undefined Weak Reference
    _signal_init                              - Undefined Weak Reference
    _terminate_alloc                          - Undefined Weak Reference
    _terminate_user_alloc                     - Undefined Weak Reference
    _terminateio                              - Undefined Weak Reference
    __Vectors_Size                           0x00000188   Number         0  startup_stm32f407xx.o ABSOLUTE
    __RL_RTX_VER                             0x00000482   Number         0  rt_system.o ABSOLUTE
    __Vectors                                0x08000000   Data           4  startup_stm32f407xx.o(RESET)
    __Vectors_End                            0x08000188   Data           0  startup_stm32f407xx.o(RESET)
    __main                                   0x08000189   Thumb Code     8  __main.o(!!!main)
    __scatterload                            0x08000191   Thumb Code     0  __scatter.o(!!!scatter)
    __scatterload_rt2                        0x08000191   Thumb Code    44  __scatter.o(!!!scatter)
    __scatterload_rt2_thumb_only             0x08000191   Thumb Code     0  __scatter.o(!!!scatter)
    __scatterload_null                       0x0800019f   Thumb Code     0  __scatter.o(!!!scatter)
    __scatterload_copy                       0x080001c5   Thumb Code    26  __scatter_copy.o(!!handler_copy)
    __scatterload_zeroinit                   0x080001e1   Thumb Code    28  __scatter_zi.o(!!handler_zi)
    _printf_d                                0x080001fd   Thumb Code     0  _printf_d.o(.ARM.Collect$$_printf_percent$$00000009)
    _printf_percent                          0x080001fd   Thumb Code     0  _printf_percent.o(.ARM.Collect$$_printf_percent$$00000000)
    _printf_percent_end                      0x08000203   Thumb Code     0  _printf_percent_end.o(.ARM.Collect$$_printf_percent$$00000017)
    __rt_lib_init                            0x08000207   Thumb Code     0  libinit.o(.ARM.Collect$$libinit$$00000000)
    __rt_lib_init_fp_1                       0x08000209   Thumb Code     0  libinit2.o(.ARM.Collect$$libinit$$00000001)
    __rt_lib_init_heap_1                     0x0800020d   Thumb Code     0  libinit2.o(.ARM.Collect$$libinit$$0000000A)
    __rt_lib_init_lc_common                  0x0800020d   Thumb Code     0  libinit2.o(.ARM.Collect$$libinit$$0000000F)
    __rt_lib_init_preinit_1                  0x0800020d   Thumb Code     0  libinit2.o(.ARM.Collect$$libinit$$00000004)
    __rt_lib_init_rand_1                     0x0800020d   Thumb Code     0  libinit2.o(.ARM.Collect$$libinit$$0000000E)
    __rt_lib_init_user_alloc_1               0x0800020d   Thumb Code     0  libinit2.o(.ARM.Collect$$libinit$$0000000C)
    __rt_lib_init_lc_collate_1               0x08000213   Thumb Code     0  libinit2.o(.ARM.Collect$$libinit$$00000011)
    __rt_lib_init_lc_ctype_2                 0x08000213   Thumb Code     0  libinit2.o(.ARM.Collect$$libinit$$00000012)
    __rt_lib_init_lc_ctype_1                 0x0800021f   Thumb Code     0  libinit2.o(.ARM.Collect$$libinit$$00000013)
    __rt_lib_init_lc_monetary_1              0x0800021f   Thumb Code     0  libinit2.o(.ARM.Collect$$libinit$$00000015)
    __rt_lib_init_lc_numeric_2               0x0800021f   Thumb Code     0  libinit2.o(.ARM.Collect$$libinit$$00000016)
    __rt_lib_init_alloca_1                   0x08000229   Thumb Code     0  libinit2.o(.ARM.Collect$$libinit$$0000002E)
    __rt_lib_init_argv_1                     0x08000229   Thumb Code     0  libinit2.o(.ARM.Collect$$libinit$$0000002C)
    __rt_lib_init_atexit_1                   0x08000229   Thumb Code     0  libinit2.o(.ARM.Collect$$libinit$$0000001B)
    __rt_lib_init_clock_1                    0x08000229   Thumb Code     0  libinit2.o(.ARM.Collect$$libinit$$00000021)
    __rt_lib_init_cpp_1                      0x08000229   Thumb Code     0  libinit2.o(.ARM.Collect$$libinit$$00000032)
    __rt_lib_init_exceptions_1               0x08000229   Thumb Code     0  libinit2.o(.ARM.Collect$$libinit$$00000030)
    __rt_lib_init_fp_trap_1                  0x08000229   Thumb Code     0  libinit2.o(.ARM.Collect$$libinit$$0000001F)
    __rt_lib_init_getenv_1                   0x08000229   Thumb Code     0  libinit2.o(.ARM.Collect$$libinit$$00000023)
    __rt_lib_init_lc_numeric_1               0x08000229   Thumb Code     0  libinit2.o(.ARM.Collect$$libinit$$00000017)
    __rt_lib_init_lc_time_1                  0x08000229   Thumb Code     0  libinit2.o(.ARM.Collect$$libinit$$00000019)
    __rt_lib_init_return                     0x08000229   Thumb Code     0  libinit2.o(.ARM.Collect$$libinit$$00000033)
    __rt_lib_init_signal_1                   0x08000229   Thumb Code     0  libinit2.o(.ARM.Collect$$libinit$$0000001D)
    __rt_lib_init_stdio_1                    0x08000229   Thumb Code     0  libinit2.o(.ARM.Collect$$libinit$$00000025)
    __rt_lib_shutdown                        0x0800022b   Thumb Code     0  libshutdown.o(.ARM.Collect$$libshutdown$$00000000)
    __rt_lib_shutdown_cpp_1                  0x0800022d   Thumb Code     0  libshutdown2.o(.ARM.Collect$$libshutdown$$00000002)
    __rt_lib_shutdown_fp_trap_1              0x0800022d   Thumb Code     0  libshutdown2.o(.ARM.Collect$$libshutdown$$00000007)
    __rt_lib_shutdown_heap_1                 0x0800022d   Thumb Code     0  libshutdown2.o(.ARM.Collect$$libshutdown$$0000000F)
    __rt_lib_shutdown_return                 0x0800022d   Thumb Code     0  libshutdown2.o(.ARM.Collect$$libshutdown$$00000010)
    __rt_lib_shutdown_signal_1               0x0800022d   Thumb Code     0  libshutdown2.o(.ARM.Collect$$libshutdown$$0000000A)
    __rt_lib_shutdown_stdio_1                0x0800022d   Thumb Code     0  libshutdown2.o(.ARM.Collect$$libshutdown$$00000004)
    __rt_lib_shutdown_user_alloc_1           0x0800022d   Thumb Code     0  libshutdown2.o(.ARM.Collect$$libshutdown$$0000000C)
    __rt_entry                               0x0800022f   Thumb Code     0  __rtentry.o(.ARM.Collect$$rtentry$$00000000)
    __rt_entry_presh_1                       0x0800022f   Thumb Code     0  __rtentry2.o(.ARM.Collect$$rtentry$$00000002)
    __rt_entry_sh                            0x0800022f   Thumb Code     0  __rtentry4.o(.ARM.Collect$$rtentry$$00000004)
    __rt_entry_li                            0x08000235   Thumb Code     0  __rtentry2.o(.ARM.Collect$$rtentry$$0000000A)
    __rt_entry_postsh_1                      0x08000235   Thumb Code     0  __rtentry2.o(.ARM.Collect$$rtentry$$00000009)
    __rt_entry_postli_1                      0x08000239   Thumb Code     0  __rtentry2.o(.ARM.Collect$$rtentry$$0000000B)
    __rt_entry_main                          0x08000241   Thumb Code     0  __rtentry2.o(.ARM.Collect$$rtentry$$0000000D)
    __rt_exit                                0x08000249   Thumb Code     0  rtexit.o(.ARM.Collect$$rtexit$$00000000)
    __rt_exit_ls                             0x0800024b   Thumb Code     0  rtexit2.o(.ARM.Collect$$rtexit$$00000003)
    __rt_exit_prels_1                        0x0800024b   Thumb Code     0  rtexit2.o(.ARM.Collect$$rtexit$$00000002)
    __rt_exit_exit                           0x0800024f   Thumb Code     0  rtexit2.o(.ARM.Collect$$rtexit$$00000004)
    _platform_post_lib_init                  0x08000255   Thumb Code    24  rtx_conf_cm.o(.emb_text)
    rt_set_PSP                               0x08000271   Thumb Code     6  hal_cm4.o(.emb_text)
    rt_get_PSP                               0x08000277   Thumb Code     6  hal_cm4.o(.emb_text)
    os_set_env                               0x0800027d   Thumb Code    24  hal_cm4.o(.emb_text)
    _alloc_box                               0x08000299   Thumb Code    28  hal_cm4.o(.emb_text)
    _free_box                                0x080002b9   Thumb Code    28  hal_cm4.o(.emb_text)
    SVC_Handler                              0x080002d9   Thumb Code   168  hal_cm4.o(.emb_text)
    PendSV_Handler                           0x08000391   Thumb Code    96  hal_cm4.o(.emb_text)
    SysTick_Handler                          0x080003f5   Thumb Code     8  hal_cm4.o(.emb_text)
    OS_Tick_Handler                          0x080003fd   Thumb Code    12  hal_cm4.o(.emb_text)
    Reset_Handler                            0x08000409   Thumb Code     8  startup_stm32f407xx.o(.text)
    NMI_Handler                              0x08000411   Thumb Code     2  startup_stm32f407xx.o(.text)
    HardFault_Handler                        0x08000413   Thumb Code     2  startup_stm32f407xx.o(.text)
    MemManage_Handler                        0x08000415   Thumb Code     2  startup_stm32f407xx.o(.text)
    BusFault_Handler                         0x08000417   Thumb Code     2  startup_stm32f407xx.o(.text)
    UsageFault_Handler                       0x08000419   Thumb Code     2  startup_stm32f407xx.o(.text)
    DebugMon_Handler                         0x0800041d   Thumb Code     2  startup_stm32f407xx.o(.text)
    ADC_IRQHandler                           0x08000423   Thumb Code     0  startup_stm32f407xx.o(.text)
    CAN1_RX0_IRQHandler                      0x08000423   Thumb Code     0  startup_stm32f407xx.o(.text)
    CAN1_RX1_IRQHandler                      0x08000423   Thumb Code     0  startup_stm32f407xx.o(.text)
    CAN1_SCE_IRQHandler                      0x08000423   Thumb Code     0  startup_stm32f407xx.o(.text)
    CAN1_TX_IRQHandler                       0x08000423   Thumb Code     0  startup_stm32f407xx.o(.text)
    CAN2_RX0_IRQHandler                      0x08000423   Thumb Code     0  startup_stm32f407xx.o(.text)
    CAN2_RX1_IRQHandler                      0x08000423   Thumb Code     0  startup_stm32f407xx.o(.text)
    CAN2_SCE_IRQHandler                      0x08000423   Thumb Code     0  startup_stm32f407xx.o(.text)
    CAN2_TX_IRQHandler                       0x08000423   Thumb Code     0  startup_stm32f407xx.o(.text)
    DCMI_IRQHandler                          0x08000423   Thumb Code     0  startup_stm32f407xx.o(.text)
    DMA1_Stream0_IRQHandler                  0x08000423   Thumb Code     0  startup_stm32f407xx.o(.text)
    DMA1_Stream1_IRQHandler                  0x08000423   Thumb Code     0  startup_stm32f407xx.o(.text)
    DMA1_Stream2_IRQHandler                  0x08000423   Thumb Code     0  startup_stm32f407xx.o(.text)
    DMA1_Stream3_IRQHandler                  0x08000423   Thumb Code     0  startup_stm32f407xx.o(.text)
    DMA1_Stream4_IRQHandler                  0x08000423   Thumb Code     0  startup_stm32f407xx.o(.text)
    DMA1_Stream5_IRQHandler                  0x08000423   Thumb Code     0  startup_stm32f407xx.o(.text)
    DMA1_Stream6_IRQHandler                  0x08000423   Thumb Code     0  startup_stm32f407xx.o(.text)
    DMA1_Stream7_IRQHandler                  0x08000423   Thumb Code     0  startup_stm32f407xx.o(.text)
    DMA2_Stream0_IRQHandler                  0x08000423   Thumb Code     0  startup_stm32f407xx.o(.text)
    DMA2_Stream1_IRQHandler                  0x08000423   Thumb Code     0  startup_stm32f407xx.o(.text)
    DMA2_Stream2_IRQHandler                  0x08000423   Thumb Code     0  startup_stm32f407xx.o(.text)
    DMA2_Stream3_IRQHandler                  0x08000423   Thumb Code     0  startup_stm32f407xx.o(.text)
    DMA2_Stream4_IRQHandler                  0x08000423   Thumb Code     0  startup_stm32f407xx.o(.text)
    DMA2_Stream5_IRQHandler                  0x08000423   Thumb Code     0  startup_stm32f407xx.o(.text)
    DMA2_Stream6_IRQHandler                  0x08000423   Thumb Code     0  startup_stm32f407xx.o(.text)
    DMA2_Stream7_IRQHandler                  0x08000423   Thumb Code     0  startup_stm32f407xx.o(.text)
    ETH_IRQHandler                           0x08000423   Thumb Code     0  startup_stm32f407xx.o(.text)
    ETH_WKUP_IRQHandler                      0x08000423   Thumb Code     0  startup_stm32f407xx.o(.text)
    EXTI0_IRQHandler                         0x08000423   Thumb Code     0  startup_stm32f407xx.o(.text)
    EXTI15_10_IRQHandler                     0x08000423   Thumb Code     0  startup_stm32f407xx.o(.text)
    EXTI1_IRQHandler                         0x08000423   Thumb Code     0  startup_stm32f407xx.o(.text)
    EXTI2_IRQHandler                         0x08000423   Thumb Code     0  startup_stm32f407xx.o(.text)
    EXTI3_IRQHandler                         0x08000423   Thumb Code     0  startup_stm32f407xx.o(.text)
    EXTI4_IRQHandler                         0x08000423   Thumb Code     0  startup_stm32f407xx.o(.text)
    EXTI9_5_IRQHandler                       0x08000423   Thumb Code     0  startup_stm32f407xx.o(.text)
    FLASH_IRQHandler                         0x08000423   Thumb Code     0  startup_stm32f407xx.o(.text)
    FMC_IRQHandler                           0x08000423   Thumb Code     0  startup_stm32f407xx.o(.text)
    FPU_IRQHandler                           0x08000423   Thumb Code     0  startup_stm32f407xx.o(.text)
    HASH_RNG_IRQHandler                      0x08000423   Thumb Code     0  startup_stm32f407xx.o(.text)
    I2C1_ER_IRQHandler                       0x08000423   Thumb Code     0  startup_stm32f407xx.o(.text)
    I2C1_EV_IRQHandler                       0x08000423   Thumb Code     0  startup_stm32f407xx.o(.text)
    I2C2_ER_IRQHandler                       0x08000423   Thumb Code     0  startup_stm32f407xx.o(.text)
    I2C2_EV_IRQHandler                       0x08000423   Thumb Code     0  startup_stm32f407xx.o(.text)
    I2C3_ER_IRQHandler                       0x08000423   Thumb Code     0  startup_stm32f407xx.o(.text)
    I2C3_EV_IRQHandler                       0x08000423   Thumb Code     0  startup_stm32f407xx.o(.text)
    OTG_FS_IRQHandler                        0x08000423   Thumb Code     0  startup_stm32f407xx.o(.text)
    OTG_FS_WKUP_IRQHandler                   0x08000423   Thumb Code     0  startup_stm32f407xx.o(.text)
    OTG_HS_EP1_IN_IRQHandler                 0x08000423   Thumb Code     0  startup_stm32f407xx.o(.text)
    OTG_HS_EP1_OUT_IRQHandler                0x08000423   Thumb Code     0  startup_stm32f407xx.o(.text)
    OTG_HS_IRQHandler                        0x08000423   Thumb Code     0  startup_stm32f407xx.o(.text)
    OTG_HS_WKUP_IRQHandler                   0x08000423   Thumb Code     0  startup_stm32f407xx.o(.text)
    PVD_IRQHandler                           0x08000423   Thumb Code     0  startup_stm32f407xx.o(.text)
    RCC_IRQHandler                           0x08000423   Thumb Code     0  startup_stm32f407xx.o(.text)
    RTC_Alarm_IRQHandler                     0x08000423   Thumb Code     0  startup_stm32f407xx.o(.text)
    RTC_WKUP_IRQHandler                      0x08000423   Thumb Code     0  startup_stm32f407xx.o(.text)
    SDIO_IRQHandler                          0x08000423   Thumb Code     0  startup_stm32f407xx.o(.text)
    SPI1_IRQHandler                          0x08000423   Thumb Code     0  startup_stm32f407xx.o(.text)
    SPI2_IRQHandler                          0x08000423   Thumb Code     0  startup_stm32f407xx.o(.text)
    SPI3_IRQHandler                          0x08000423   Thumb Code     0  startup_stm32f407xx.o(.text)
    TAMP_STAMP_IRQHandler                    0x08000423   Thumb Code     0  startup_stm32f407xx.o(.text)
    TIM1_BRK_TIM9_IRQHandler                 0x08000423   Thumb Code     0  startup_stm32f407xx.o(.text)
    TIM1_CC_IRQHandler                       0x08000423   Thumb Code     0  startup_stm32f407xx.o(.text)
    TIM1_TRG_COM_TIM11_IRQHandler            0x08000423   Thumb Code     0  startup_stm32f407xx.o(.text)
    TIM1_UP_TIM10_IRQHandler                 0x08000423   Thumb Code     0  startup_stm32f407xx.o(.text)
    TIM2_IRQHandler                          0x08000423   Thumb Code     0  startup_stm32f407xx.o(.text)
    TIM3_IRQHandler                          0x08000423   Thumb Code     0  startup_stm32f407xx.o(.text)
    TIM4_IRQHandler                          0x08000423   Thumb Code     0  startup_stm32f407xx.o(.text)
    TIM5_IRQHandler                          0x08000423   Thumb Code     0  startup_stm32f407xx.o(.text)
    TIM6_DAC_IRQHandler                      0x08000423   Thumb Code     0  startup_stm32f407xx.o(.text)
    TIM7_IRQHandler                          0x08000423   Thumb Code     0  startup_stm32f407xx.o(.text)
    TIM8_BRK_TIM12_IRQHandler                0x08000423   Thumb Code     0  startup_stm32f407xx.o(.text)
    TIM8_CC_IRQHandler                       0x08000423   Thumb Code     0  startup_stm32f407xx.o(.text)
    TIM8_TRG_COM_TIM14_IRQHandler            0x08000423   Thumb Code     0  startup_stm32f407xx.o(.text)
    TIM8_UP_TIM13_IRQHandler                 0x08000423   Thumb Code     0  startup_stm32f407xx.o(.text)
    UART4_IRQHandler                         0x08000423   Thumb Code     0  startup_stm32f407xx.o(.text)
    UART5_IRQHandler                         0x08000423   Thumb Code     0  startup_stm32f407xx.o(.text)
    USART1_IRQHandler                        0x08000423   Thumb Code     0  startup_stm32f407xx.o(.text)
    USART6_IRQHandler                        0x08000423   Thumb Code     0  startup_stm32f407xx.o(.text)
    WWDG_IRQHandler                          0x08000423   Thumb Code     0  startup_stm32f407xx.o(.text)
    __user_initial_stackheap                 0x08000425   Thumb Code     0  startup_stm32f407xx.o(.text)
    __user_libspace                          0x08000449   Thumb Code     8  libspace.o(.text)
    __user_perproc_libspace                  0x08000449   Thumb Code     0  libspace.o(.text)
    __2sprintf                               0x08000451   Thumb Code    34  noretval__2sprintf.o(.text)
    __printf                                 0x08000479   Thumb Code   104  __printf.o(.text)
    _printf_int_dec                          0x080004e1   Thumb Code   104  _printf_dec.o(.text)
    __0sscanf                                0x08000559   Thumb Code    52  __0sscanf.o(.text)
    _scanf_string                            0x08000595   Thumb Code   224  _scanf_str.o(.text)
    exit                                     0x08000675   Thumb Code    18  exit.o(.text)
    strlen                                   0x08000687   Thumb Code    62  strlen.o(.text)
    __aeabi_memclr4                          0x080006c5   Thumb Code     0  rt_memclr_w.o(.text)
    __aeabi_memclr8                          0x080006c5   Thumb Code     0  rt_memclr_w.o(.text)
    __rt_memclr_w                            0x080006c5   Thumb Code    78  rt_memclr_w.o(.text)
    _memset_w                                0x080006c9   Thumb Code     0  rt_memclr_w.o(.text)
    __use_two_region_memory                  0x08000713   Thumb Code     2  heapauxi.o(.text)
    __rt_heap_escrow$2region                 0x08000715   Thumb Code     2  heapauxi.o(.text)
    __rt_heap_expand$2region                 0x08000717   Thumb Code     2  heapauxi.o(.text)
    _printf_int_common                       0x08000719   Thumb Code   178  _printf_intcommon.o(.text)
    _printf_char_common                      0x080007d7   Thumb Code    32  _printf_char_common.o(.text)
    _sputc                                   0x080007fd   Thumb Code    10  _sputc.o(.text)
    _scanf_really_real                       0x08000a05   Thumb Code   668  scanf_fp.o(.text)
    __vfscanf_char                           0x08000cb9   Thumb Code    24  scanf_char.o(.text)
    _sgetc                                   0x08000cd9   Thumb Code    30  _sgetc.o(.text)
    _sbackspace                              0x08000cf7   Thumb Code    34  _sgetc.o(.text)
    __rt_locale                              0x08000d19   Thumb Code    10  rt_locale_twolibspace.o(.text)
    __aeabi_errno_addr                       0x08000d23   Thumb Code     4  rt_errno_addr_twolibspace.o(.text)
    __errno$twolibspace                      0x08000d23   Thumb Code     0  rt_errno_addr_twolibspace.o(.text)
    __rt_errno_addr$twolibspace              0x08000d23   Thumb Code     0  rt_errno_addr_twolibspace.o(.text)
    isspace                                  0x08000d27   Thumb Code    18  isspace.o(.text)
    __vfscanf                                0x08000d39   Thumb Code   878  _scanf.o(.text)
    _btod_etento                             0x080010ad   Thumb Code   216  bigflt0.o(.text)
    _sys_exit                                0x08001189   Thumb Code     8  sys_exit.o(.text)
    __user_setup_stackheap                   0x08001195   Thumb Code    74  sys_stackheap_outer.o(.text)
    __rt_ctype_table                         0x080011e1   Thumb Code    16  rt_ctype_table.o(.text)
    __read_errno                             0x080011f1   Thumb Code    10  _rserrno.o(.text)
    __set_errno                              0x080011fb   Thumb Code    12  _rserrno.o(.text)
    _scanf_really_hex_real                   0x08001209   Thumb Code   778  scanf_hexfp.o(.text)
    _scanf_really_infnan                     0x08001521   Thumb Code   292  scanf_infnan.o(.text)
    strcmp                                   0x08001655   Thumb Code   128  strcmpv7m.o(.text)
    __I$use$semihosting                      0x080016d5   Thumb Code     0  use_no_semi.o(.text)
    __use_no_semihosting_swi                 0x080016d5   Thumb Code     2  use_no_semi.o(.text)
    __aeabi_llsl                             0x080016d7   Thumb Code     0  llshl.o(.text)
    __semihosting_library_function           0x080016d7   Thumb Code     0  indicate_semi.o(.text)
    _ll_shift_l                              0x080016d7   Thumb Code    38  llshl.o(.text)
    _chval                                   0x080016fd   Thumb Code    28  _chval.o(.text)
    __btod_div_common                        0x08001719   Thumb Code   696  btod.o(CL$$btod_div_common)
    _e2d                                     0x08001a51   Thumb Code    80  btod.o(CL$$btod_e2d)
    _e2e                                     0x08001aa5   Thumb Code   198  btod.o(CL$$btod_e2e)
    _btod_ediv                               0x08001b6b   Thumb Code    40  btod.o(CL$$btod_ediv)
    _btod_edivd                              0x08001b93   Thumb Code    40  btod.o(CL$$btod_edivd)
    _btod_emul                               0x08001bbb   Thumb Code    40  btod.o(CL$$btod_emul)
    _btod_emuld                              0x08001be3   Thumb Code    40  btod.o(CL$$btod_emuld)
    __btod_mult_common                       0x08001c0b   Thumb Code   580  btod.o(CL$$btod_mult_common)
    SVC_Count                                0x08001e50   Data           4  svc_table.o(SVC_TABLE)
    SVC_Table                                0x08001e54   Data           0  svc_table.o(SVC_TABLE)
    HAL_DMA_Abort                            0x08001fd9   Thumb Code   170  stm32f4xx_hal_dma.o(i.HAL_DMA_Abort)
    HAL_GPIO_DeInit                          0x08002085   Thumb Code   316  stm32f4xx_hal_gpio.o(i.HAL_GPIO_DeInit)
    HAL_GPIO_Init                            0x080021e9   Thumb Code   466  stm32f4xx_hal_gpio.o(i.HAL_GPIO_Init)
    HAL_GPIO_ReadPin                         0x080023e9   Thumb Code    16  stm32f4xx_hal_gpio.o(i.HAL_GPIO_ReadPin)
    HAL_GPIO_WritePin                        0x080023f9   Thumb Code    12  stm32f4xx_hal_gpio.o(i.HAL_GPIO_WritePin)
    HAL_GetTick                              0x08002405   Thumb Code     6  stm32f4xx_hal.o(i.HAL_GetTick)
    HAL_NVIC_DisableIRQ                      0x08002411   Thumb Code    62  stm32f4xx_hal_cortex.o(i.HAL_NVIC_DisableIRQ)
    HAL_RCC_GetHCLKFreq                      0x08002455   Thumb Code     6  stm32f4xx_hal_rcc.o(i.HAL_RCC_GetHCLKFreq)
    HAL_RCC_GetPCLK1Freq                     0x08002461   Thumb Code    22  stm32f4xx_hal_rcc.o(i.HAL_RCC_GetPCLK1Freq)
    Init_UART                                0x08002481   Thumb Code   100  main.o(i.Init_UART)
    SystemInit                               0x080024ed   Thumb Code    82  system_stm32f4xx.o(i.SystemInit)
    USART2_IRQHandler                        0x080025b9   Thumb Code    10  usart_stm32f4xx.o(i.USART2_IRQHandler)
    USART3_IRQHandler                        0x080026c9   Thumb Code    10  usart_stm32f4xx.o(i.USART3_IRQHandler)
    USART_IRQHandler                         0x080031cf   Thumb Code   626  usart_stm32f4xx.o(i.USART_IRQHandler)
    __hardfp_ldexp                           0x08003b71   Thumb Code   200  ldexp.o(i.__hardfp_ldexp)
    __mathlib_dbl_overflow                   0x08003c41   Thumb Code    24  dunder.o(i.__mathlib_dbl_overflow)
    __mathlib_dbl_underflow                  0x08003c61   Thumb Code    24  dunder.o(i.__mathlib_dbl_underflow)
    __mathlib_narrow                         0x08003c81   Thumb Code   166  narrow.o(i.__mathlib_narrow)
    __support_ldexp                          0x08003d39   Thumb Code    20  ldexp.o(i.__support_ldexp)
    __user_perthread_libspace                0x08003d4d   Thumb Code    32  rtx_conf_cm.o(i.__user_perthread_libspace)
    _init_box                                0x08003d79   Thumb Code    70  rt_membox.o(i._init_box)
    _is_digit                                0x08003dbf   Thumb Code    14  __printf_wp.o(i._is_digit)
    _mutex_acquire                           0x08003dcd   Thumb Code    22  rtx_conf_cm.o(i._mutex_acquire)
    _mutex_release                           0x08003ded   Thumb Code    18  rtx_conf_cm.o(i._mutex_release)
    dbg_init                                 0x08003e09   Thumb Code    34  hal_cm.o(i.dbg_init)
    dbg_task_notify                          0x08003e39   Thumb Code    32  hal_cm.o(i.dbg_task_notify)
    dbg_task_switch                          0x08003e59   Thumb Code    16  hal_cm.o(i.dbg_task_switch)
    frexp                                    0x08003e69   Thumb Code   118  frexp.o(i.frexp)
    isrMessageGet                            0x08003ef5   Thumb Code    42  rt_cmsis.o(i.isrMessageGet)
    isrMessagePut                            0x08003f1f   Thumb Code    44  rt_cmsis.o(i.isrMessagePut)
    isr_mbx_receive                          0x08003f4d   Thumb Code    86  rt_mailbox.o(i.isr_mbx_receive)
    isr_mbx_send                             0x08003fa3   Thumb Code    14  rt_mailbox.o(i.isr_mbx_send)
    main                                     0x08003fb1   Thumb Code   122  main.o(i.main)
    osKernelInitialize                       0x08004061   Thumb Code    30  rt_cmsis.o(i.osKernelInitialize)
    osKernelStart                            0x08004085   Thumb Code    98  rt_cmsis.o(i.osKernelStart)
    osMessageGet                             0x080040f1   Thumb Code    18  rt_cmsis.o(i.osMessageGet)
    osThreadCreate                           0x08004109   Thumb Code    36  rt_cmsis.o(i.osThreadCreate)
    osThreadExit                             0x08004135   Thumb Code    14  rt_cmsis.o(i.osThreadExit)
    osTimerCall                              0x0800414d   Thumb Code     8  rt_cmsis.o(i.osTimerCall)
    osTimerThread                            0x08004159   Thumb Code    38  rt_cmsis.o(i.osTimerThread)
    os_error                                 0x08004185   Thumb Code    34  rtx_conf_cm.o(i.os_error)
    os_idle_demon                            0x080041a7   Thumb Code     4  rtx_conf_cm.o(i.os_idle_demon)
    os_tick_init                             0x080041ad   Thumb Code    32  rt_system.o(i.os_tick_init)
    os_tick_irqack                           0x080041d5   Thumb Code     2  rt_system.o(i.os_tick_irqack)
    rt_alloc_box                             0x080041d7   Thumb Code    26  rt_membox.o(i.rt_alloc_box)
    rt_alloc_mem                             0x080041f1   Thumb Code    62  rt_memory.o(i.rt_alloc_mem)
    rt_block                                 0x08004231   Thumb Code    48  rt_task.o(i.rt_block)
    rt_chk_robin                             0x08004269   Thumb Code    60  rt_robin.o(i.rt_chk_robin)
    rt_dec_dly                               0x080042b1   Thumb Code   102  rt_list.o(i.rt_dec_dly)
    rt_dispatch                              0x08004321   Thumb Code    60  rt_task.o(i.rt_dispatch)
    rt_evt_psh                               0x08004365   Thumb Code    76  rt_event.o(i.rt_evt_psh)
    rt_free_box                              0x080043b5   Thumb Code    44  rt_membox.o(i.rt_free_box)
    rt_free_mem                              0x080043e1   Thumb Code    40  rt_memory.o(i.rt_free_mem)
    rt_get_first                             0x08004409   Thumb Code    40  rt_list.o(i.rt_get_first)
    rt_init_mem                              0x08004481   Thumb Code    26  rt_memory.o(i.rt_init_mem)
    rt_init_robin                            0x0800449d   Thumb Code    14  rt_robin.o(i.rt_init_robin)
    rt_init_stack                            0x080044b5   Thumb Code   118  hal_cm.o(i.rt_init_stack)
    rt_mbx_check                             0x08004535   Thumb Code     8  rt_mailbox.o(i.rt_mbx_check)
    rt_mbx_init                              0x0800453d   Thumb Code    26  rt_mailbox.o(i.rt_mbx_init)
    rt_mbx_psh                               0x08004559   Thumb Code   236  rt_mailbox.o(i.rt_mbx_psh)
    rt_mbx_wait                              0x08004649   Thumb Code   174  rt_mailbox.o(i.rt_mbx_wait)
    rt_mut_release                           0x08004741   Thumb Code   208  rt_mutex.o(i.rt_mut_release)
    rt_mut_wait                              0x08004819   Thumb Code   114  rt_mutex.o(i.rt_mut_wait)
    rt_pop_req                               0x08004891   Thumb Code   112  rt_system.o(i.rt_pop_req)
    rt_psh_req                               0x0800490d   Thumb Code    22  rt_system.o(i.rt_psh_req)
    rt_psq_enq                               0x0800492d   Thumb Code    88  rt_list.o(i.rt_psq_enq)
    rt_put_dly                               0x08004989   Thumb Code    68  rt_list.o(i.rt_put_dly)
    rt_put_prio                              0x080049d1   Thumb Code    54  rt_list.o(i.rt_put_prio)
    rt_put_rdy_first                         0x08004a09   Thumb Code    14  rt_list.o(i.rt_put_rdy_first)
    rt_resort_prio                           0x08004a1d   Thumb Code    46  rt_list.o(i.rt_resort_prio)
    rt_ret_val                               0x08004a61   Thumb Code    12  hal_cm.o(i.rt_ret_val)
    rt_ret_val2                              0x08004a6d   Thumb Code    16  hal_cm.o(i.rt_ret_val2)
    rt_rmv_dly                               0x08004a7d   Thumb Code    40  rt_list.o(i.rt_rmv_dly)
    rt_rmv_list                              0x08004aa5   Thumb Code    44  rt_list.o(i.rt_rmv_list)
    rt_sem_psh                               0x08004ad5   Thumb Code    48  rt_semaphore.o(i.rt_sem_psh)
    rt_stk_check                             0x08004b09   Thumb Code    28  rt_system.o(i.rt_stk_check)
    rt_switch_req                            0x08004b2d   Thumb Code    30  rt_task.o(i.rt_switch_req)
    rt_sys_init                              0x08004b55   Thumb Code   138  rt_task.o(i.rt_sys_init)
    rt_sys_start                             0x08004c21   Thumb Code   110  rt_task.o(i.rt_sys_start)
    rt_systick                               0x08004c99   Thumb Code    50  rt_system.o(i.rt_systick)
    rt_tsk_create                            0x08004d21   Thumb Code   118  rt_task.o(i.rt_tsk_create)
    rt_tsk_delete                            0x08004da9   Thumb Code   352  rt_task.o(i.rt_tsk_delete)
    rt_tsk_prio                              0x08004f25   Thumb Code   108  rt_task.o(i.rt_tsk_prio)
    rt_tsk_self                              0x08004fa1   Thumb Code    12  rt_task.o(i.rt_tsk_self)
    svcKernelInitialize                      0x08004fb1   Thumb Code    80  rt_cmsis.o(i.svcKernelInitialize)
    svcKernelStart                           0x08005021   Thumb Code    62  rt_cmsis.o(i.svcKernelStart)
    svcMessageCreate                         0x08005069   Thumb Code    36  rt_cmsis.o(i.svcMessageCreate)
    svcMessageGet                            0x0800508d   Thumb Code    58  rt_cmsis.o(i.svcMessageGet)
    svcThreadCreate                          0x080050c9   Thumb Code    96  rt_cmsis.o(i.svcThreadCreate)
    svcThreadGetId                           0x08005135   Thumb Code    22  rt_cmsis.o(i.svcThreadGetId)
    svcThreadTerminate                       0x08005151   Thumb Code    50  rt_cmsis.o(i.svcThreadTerminate)
    svcTimerCall                             0x08005189   Thumb Code    24  rt_cmsis.o(i.svcTimerCall)
    sysTimerTick                             0x080051a1   Thumb Code    84  rt_cmsis.o(i.sysTimerTick)
    _get_lc_numeric                          0x080051fd   Thumb Code    44  lc_numeric_c.o(locale$$code)
    _get_lc_ctype                            0x08005229   Thumb Code    44  lc_ctype_c.o(locale$$code)
    __aeabi_d2f                              0x08005255   Thumb Code     0  d2f.o(x$fpl$d2f)
    _d2f                                     0x08005255   Thumb Code    98  d2f.o(x$fpl$d2f)
    __fpl_dcheck_NaN1                        0x080052b9   Thumb Code    10  dcheck1.o(x$fpl$dcheck1)
    __fpl_dcmp_Inf                           0x080052c9   Thumb Code    24  dcmpi.o(x$fpl$dcmpinf)
    __aeabi_cdcmpeq                          0x080052e1   Thumb Code     0  deqf.o(x$fpl$deqf)
    _dcmpeq                                  0x080052e1   Thumb Code   120  deqf.o(x$fpl$deqf)
    __aeabi_cdcmple                          0x08005359   Thumb Code     0  dleqf.o(x$fpl$dleqf)
    _dcmple                                  0x08005359   Thumb Code   120  dleqf.o(x$fpl$dleqf)
    __fpl_dcmple_InfNaN                      0x080053bb   Thumb Code     0  dleqf.o(x$fpl$dleqf)
    __aeabi_dmul                             0x080053d1   Thumb Code     0  dmul.o(x$fpl$dmul)
    _dmul                                    0x080053d1   Thumb Code   332  dmul.o(x$fpl$dmul)
    __fpl_dnaninf                            0x08005525   Thumb Code   156  dnaninf.o(x$fpl$dnaninf)
    __fpl_dretinf                            0x080055c1   Thumb Code    12  dretinf.o(x$fpl$dretinf)
    __aeabi_cdrcmple                         0x080055cd   Thumb Code     0  drleqf.o(x$fpl$drleqf)
    _drcmple                                 0x080055cd   Thumb Code   108  drleqf.o(x$fpl$drleqf)
    _fp_init                                 0x08005639   Thumb Code    10  fpinit.o(x$fpl$fpinit)
    __fplib_config_fpu_vfp                   0x08005641   Thumb Code     0  fpinit.o(x$fpl$fpinit)
    __fplib_config_pureend_doubles           0x08005641   Thumb Code     0  fpinit.o(x$fpl$fpinit)
    __fpl_fretinf                            0x08005643   Thumb Code    10  fretinf.o(x$fpl$fretinf)
    __fpl_return_NaN                         0x0800564d   Thumb Code   100  retnan.o(x$fpl$retnan)
    __ARM_scalbn                             0x080056b1   Thumb Code    92  scalbn.o(x$fpl$scalbn)
    _scanf_real                              0x0800570d   Thumb Code     4  scanf1.o(x$fpl$scanf1)
    _scanf_hex_real                          0x08005711   Thumb Code     4  scanf2.o(x$fpl$scanf2)
    _scanf_infnan                            0x08005715   Thumb Code     4  scanf2.o(x$fpl$scanf2)
    __fpl_cmpreturn                          0x08005719   Thumb Code    48  trapv.o(x$fpl$trapveneer)
    __I$use$fp                               0x08005748   Number         0  usenofp.o(x$fpl$usenofp)
    os_maxtaskrun                            0x08005748   Data           2  rtx_conf_cm.o(.constdata)
    os_stackinfo                             0x0800574c   Data           4  rtx_conf_cm.o(.constdata)
    os_rrobin                                0x08005750   Data           4  rtx_conf_cm.o(.constdata)
    os_tickfreq                              0x08005754   Data           4  rtx_conf_cm.o(.constdata)
    os_tickus_i                              0x08005758   Data           2  rtx_conf_cm.o(.constdata)
    os_tickus_f                              0x0800575a   Data           2  rtx_conf_cm.o(.constdata)
    os_trv                                   0x0800575c   Data           4  rtx_conf_cm.o(.constdata)
    os_flags                                 0x08005760   Data           1  rtx_conf_cm.o(.constdata)
    CMSIS_RTOS_API_Version                   0x08005764   Data           4  rtx_conf_cm.o(.constdata)
    CMSIS_RTOS_RTX_Version                   0x08005768   Data           4  rtx_conf_cm.o(.constdata)
    os_clockrate                             0x0800576c   Data           4  rtx_conf_cm.o(.constdata)
    os_timernum                              0x08005770   Data           4  rtx_conf_cm.o(.constdata)
    mp_tcb_size                              0x08005774   Data           2  rtx_conf_cm.o(.constdata)
    mp_stk_size                              0x08005778   Data           4  rtx_conf_cm.o(.constdata)
    os_stack_sz                              0x0800577c   Data           4  rtx_conf_cm.o(.constdata)
    os_fifo_size                             0x08005780   Data           1  rtx_conf_cm.o(.constdata)
    os_thread_def_osTimerThread              0x08005784   Data          16  rtx_conf_cm.o(.constdata)
    os_messageQ_def_osTimerMessageQ          0x08005794   Data           8  rtx_conf_cm.o(.constdata)
    mp_tmr_size                              0x0800579c   Data           2  rtx_conf_cm.o(.constdata)
    os_thread_def_main                       0x080057a0   Data          16  rtx_conf_cm.o(.constdata)
    Driver_USART2                            0x0800584c   Data          56  usart_stm32f4xx.o(.constdata)
    Driver_USART3                            0x08005884   Data          56  usart_stm32f4xx.o(.constdata)
    AHBPrescTable                            0x080058bc   Data          16  system_stm32f4xx.o(.constdata)
    APBPrescTable                            0x080058cc   Data           8  system_stm32f4xx.o(.constdata)
    Region$$Table$$Base                      0x08005968   Number         0  anon$$obj.o(Region$$Table)
    Region$$Table$$Limit                     0x08005988   Number         0  anon$$obj.o(Region$$Table)
    __aeabi_HUGE_VAL                         0x08005988   Data           0  fpconst.o(c$$dinf)
    __aeabi_HUGE_VALL                        0x08005988   Data           0  fpconst.o(c$$dinf)
    __aeabi_INFINITY                         0x08005988   Data           0  fpconst.o(c$$dinf)
    __dInf                                   0x08005988   Data           0  fpconst.o(c$$dinf)
    __huge_val                               0x08005988   Data           0  fpconst.o(c$$dinf)
    __ctype                                  0x080059b9   Data           0  lc_ctype_c.o(locale$$data)
    osThreadId_osTimerThread                 0x20000000   Data           4  rtx_conf_cm.o(.data)
    osMessageQId_osTimerMessageQ             0x20000004   Data           4  rtx_conf_cm.o(.data)
    os_tmr                                   0x20000008   Data           4  rtx_conf_cm.o(.data)
    m_tmr                                    0x2000000c   Data           4  rtx_conf_cm.o(.data)
    uwTick                                   0x20000014   Data           4  stm32f4xx_hal.o(.data)
    uwTickPrio                               0x20000018   Data           4  stm32f4xx_hal.o(.data)
    uwTickFreq                               0x2000001c   Data           1  stm32f4xx_hal.o(.data)
    SystemCoreClock                          0x20000020   Data           4  system_stm32f4xx.o(.data)
    os_initialized                           0x20000024   Data           1  rt_cmsis.o(.data)
    os_running                               0x20000025   Data           1  rt_cmsis.o(.data)
    os_timer_head                            0x20000028   Data           4  rt_cmsis.o(.data)
    os_tsk                                   0x2000002c   Data           8  rt_task.o(.data)
    os_tick_irqn                             0x20000038   Data           4  rt_system.o(.data)
    os_time                                  0x2000003c   Data           4  rt_time.o(.data)
    os_robin                                 0x20000040   Data           8  rt_robin.o(.data)
    dbg_msg                                  0x20000048   Data           1  hal_cm.o(.data)
    mp_tcb                                   0x20000050   Data         376  rtx_conf_cm.o(.bss)
    mp_stk                                   0x200001c8   Data       12016  rtx_conf_cm.o(.bss)
    os_stack_mem                             0x200030b8   Data        2232  rtx_conf_cm.o(.bss)
    os_fifo                                  0x20003970   Data         132  rtx_conf_cm.o(.bss)
    os_active_TCB                            0x200039f4   Data          28  rtx_conf_cm.o(.bss)
    os_messageQ_q_osTimerMessageQ            0x20003a10   Data          32  rtx_conf_cm.o(.bss)
    os_idle_TCB                              0x20003dc0   Data          52  rt_task.o(.bss)
    os_rdy                                   0x20003df4   Data          24  rt_list.o(.bss)
    os_dly                                   0x20003e0c   Data          24  rt_list.o(.bss)
    __libspace_start                         0x20003e24   Data          96  libspace.o(.bss)
    __temporary_stack_top$libspace           0x20003e84   Data           0  libspace.o(.bss)



==============================================================================

Memory Map of the image

  Image Entry point : 0x08000189

  Load Region LR_IROM1 (Base: 0x08000000, Size: 0x00005b08, Max: 0x00100000, ABSOLUTE)

    Execution Region ER_IROM1 (Base: 0x08000000, Size: 0x00005abc, Max: 0x00100000, ABSOLUTE)

    Base Addr    Size         Type   Attr      Idx    E Section Name        Object

    0x08000000   0x00000188   Data   RO         1687    RESET               startup_stm32f407xx.o
    0x08000188   0x00000008   Code   RO         2994  * !!!main             c_w.l(__main.o)
    0x08000190   0x00000034   Code   RO         3328    !!!scatter          c_w.l(__scatter.o)
    0x080001c4   0x0000001a   Code   RO         3330    !!handler_copy      c_w.l(__scatter_copy.o)
    0x080001de   0x00000002   PAD
    0x080001e0   0x0000001c   Code   RO         3332    !!handler_zi        c_w.l(__scatter_zi.o)
    0x080001fc   0x00000000   Code   RO         2981    .ARM.Collect$$_printf_percent$$00000000  c_w.l(_printf_percent.o)
    0x080001fc   0x00000006   Code   RO         2980    .ARM.Collect$$_printf_percent$$00000009  c_w.l(_printf_d.o)
    0x08000202   0x00000004   Code   RO         3011    .ARM.Collect$$_printf_percent$$00000017  c_w.l(_printf_percent_end.o)
    0x08000206   0x00000002   Code   RO         3134    .ARM.Collect$$libinit$$00000000  c_w.l(libinit.o)
    0x08000208   0x00000004   Code   RO         3135    .ARM.Collect$$libinit$$00000001  c_w.l(libinit2.o)
    0x0800020c   0x00000000   Code   RO         3138    .ARM.Collect$$libinit$$00000004  c_w.l(libinit2.o)
    0x0800020c   0x00000000   Code   RO         3141    .ARM.Collect$$libinit$$0000000A  c_w.l(libinit2.o)
    0x0800020c   0x00000000   Code   RO         3143    .ARM.Collect$$libinit$$0000000C  c_w.l(libinit2.o)
    0x0800020c   0x00000000   Code   RO         3145    .ARM.Collect$$libinit$$0000000E  c_w.l(libinit2.o)
    0x0800020c   0x00000006   Code   RO         3146    .ARM.Collect$$libinit$$0000000F  c_w.l(libinit2.o)
    0x08000212   0x00000000   Code   RO         3148    .ARM.Collect$$libinit$$00000011  c_w.l(libinit2.o)
    0x08000212   0x0000000c   Code   RO         3149    .ARM.Collect$$libinit$$00000012  c_w.l(libinit2.o)
    0x0800021e   0x00000000   Code   RO         3150    .ARM.Collect$$libinit$$00000013  c_w.l(libinit2.o)
    0x0800021e   0x00000000   Code   RO         3152    .ARM.Collect$$libinit$$00000015  c_w.l(libinit2.o)
    0x0800021e   0x0000000a   Code   RO         3153    .ARM.Collect$$libinit$$00000016  c_w.l(libinit2.o)
    0x08000228   0x00000000   Code   RO         3154    .ARM.Collect$$libinit$$00000017  c_w.l(libinit2.o)
    0x08000228   0x00000000   Code   RO         3156    .ARM.Collect$$libinit$$00000019  c_w.l(libinit2.o)
    0x08000228   0x00000000   Code   RO         3158    .ARM.Collect$$libinit$$0000001B  c_w.l(libinit2.o)
    0x08000228   0x00000000   Code   RO         3160    .ARM.Collect$$libinit$$0000001D  c_w.l(libinit2.o)
    0x08000228   0x00000000   Code   RO         3162    .ARM.Collect$$libinit$$0000001F  c_w.l(libinit2.o)
    0x08000228   0x00000000   Code   RO         3164    .ARM.Collect$$libinit$$00000021  c_w.l(libinit2.o)
    0x08000228   0x00000000   Code   RO         3166    .ARM.Collect$$libinit$$00000023  c_w.l(libinit2.o)
    0x08000228   0x00000000   Code   RO         3168    .ARM.Collect$$libinit$$00000025  c_w.l(libinit2.o)
    0x08000228   0x00000000   Code   RO         3172    .ARM.Collect$$libinit$$0000002C  c_w.l(libinit2.o)
    0x08000228   0x00000000   Code   RO         3174    .ARM.Collect$$libinit$$0000002E  c_w.l(libinit2.o)
    0x08000228   0x00000000   Code   RO         3176    .ARM.Collect$$libinit$$00000030  c_w.l(libinit2.o)
    0x08000228   0x00000000   Code   RO         3178    .ARM.Collect$$libinit$$00000032  c_w.l(libinit2.o)
    0x08000228   0x00000002   Code   RO         3179    .ARM.Collect$$libinit$$00000033  c_w.l(libinit2.o)
    0x0800022a   0x00000002   Code   RO         3180    .ARM.Collect$$libshutdown$$00000000  c_w.l(libshutdown.o)
    0x0800022c   0x00000000   Code   RO         3212    .ARM.Collect$$libshutdown$$00000002  c_w.l(libshutdown2.o)
    0x0800022c   0x00000000   Code   RO         3214    .ARM.Collect$$libshutdown$$00000004  c_w.l(libshutdown2.o)
    0x0800022c   0x00000000   Code   RO         3217    .ARM.Collect$$libshutdown$$00000007  c_w.l(libshutdown2.o)
    0x0800022c   0x00000000   Code   RO         3220    .ARM.Collect$$libshutdown$$0000000A  c_w.l(libshutdown2.o)
    0x0800022c   0x00000000   Code   RO         3222    .ARM.Collect$$libshutdown$$0000000C  c_w.l(libshutdown2.o)
    0x0800022c   0x00000000   Code   RO         3225    .ARM.Collect$$libshutdown$$0000000F  c_w.l(libshutdown2.o)
    0x0800022c   0x00000002   Code   RO         3226    .ARM.Collect$$libshutdown$$00000010  c_w.l(libshutdown2.o)
    0x0800022e   0x00000000   Code   RO         2998    .ARM.Collect$$rtentry$$00000000  c_w.l(__rtentry.o)
    0x0800022e   0x00000000   Code   RO         3019    .ARM.Collect$$rtentry$$00000002  c_w.l(__rtentry2.o)
    0x0800022e   0x00000006   Code   RO         3031    .ARM.Collect$$rtentry$$00000004  c_w.l(__rtentry4.o)
    0x08000234   0x00000000   Code   RO         3021    .ARM.Collect$$rtentry$$00000009  c_w.l(__rtentry2.o)
    0x08000234   0x00000004   Code   RO         3022    .ARM.Collect$$rtentry$$0000000A  c_w.l(__rtentry2.o)
    0x08000238   0x00000008   Code   RO         3023    .ARM.Collect$$rtentry$$0000000B  c_w.l(__rtentry2.o)
    0x08000240   0x00000008   Code   RO         3025    .ARM.Collect$$rtentry$$0000000D  c_w.l(__rtentry2.o)
    0x08000248   0x00000002   Code   RO         2999    .ARM.Collect$$rtexit$$00000000  c_w.l(rtexit.o)
    0x0800024a   0x00000000   Code   RO         3034    .ARM.Collect$$rtexit$$00000002  c_w.l(rtexit2.o)
    0x0800024a   0x00000004   Code   RO         3035    .ARM.Collect$$rtexit$$00000003  c_w.l(rtexit2.o)
    0x0800024e   0x00000006   Code   RO         3036    .ARM.Collect$$rtexit$$00000004  c_w.l(rtexit2.o)
    0x08000254   0x0000001c   Code   RO          229    .emb_text           rtx_conf_cm.o
    0x08000270   0x00000198   Code   RO         2932    .emb_text           RTX_CM4.lib(hal_cm4.o)
    0x08000408   0x00000040   Code   RO         1688    .text               startup_stm32f407xx.o
    0x08000448   0x00000008   Code   RO         2947    .text               c_w.l(libspace.o)
    0x08000450   0x00000028   Code   RO         2954    .text               c_w.l(noretval__2sprintf.o)
    0x08000478   0x00000068   Code   RO         2956    .text               c_w.l(__printf.o)
    0x080004e0   0x00000078   Code   RO         2958    .text               c_w.l(_printf_dec.o)
    0x08000558   0x0000003c   Code   RO         2982    .text               c_w.l(__0sscanf.o)
    0x08000594   0x000000e0   Code   RO         2984    .text               c_w.l(_scanf_str.o)
    0x08000674   0x00000012   Code   RO         2986    .text               c_w.l(exit.o)
    0x08000686   0x0000003e   Code   RO         2988    .text               c_w.l(strlen.o)
    0x080006c4   0x0000004e   Code   RO         2990    .text               c_w.l(rt_memclr_w.o)
    0x08000712   0x00000006   Code   RO         2992    .text               c_w.l(heapauxi.o)
    0x08000718   0x000000b2   Code   RO         3005    .text               c_w.l(_printf_intcommon.o)
    0x080007ca   0x00000002   PAD
    0x080007cc   0x00000030   Code   RO         3007    .text               c_w.l(_printf_char_common.o)
    0x080007fc   0x0000000a   Code   RO         3009    .text               c_w.l(_sputc.o)
    0x08000806   0x00000002   PAD
    0x08000808   0x000004a4   Code   RO         3012    .text               c_w.l(scanf_fp.o)
    0x08000cac   0x0000002c   Code   RO         3014    .text               c_w.l(scanf_char.o)
    0x08000cd8   0x00000040   Code   RO         3016    .text               c_w.l(_sgetc.o)
    0x08000d18   0x0000000a   Code   RO         3047    .text               c_w.l(rt_locale_twolibspace.o)
    0x08000d22   0x00000004   Code   RO         3054    .text               c_w.l(rt_errno_addr_twolibspace.o)
    0x08000d26   0x00000012   Code   RO         3056    .text               c_w.l(isspace.o)
    0x08000d38   0x00000374   Code   RO         3060    .text               c_w.l(_scanf.o)
    0x080010ac   0x000000dc   Code   RO         3062    .text               c_w.l(bigflt0.o)
    0x08001188   0x0000000c   Code   RO         3110    .text               c_w.l(sys_exit.o)
    0x08001194   0x0000004a   Code   RO         3112    .text               c_w.l(sys_stackheap_outer.o)
    0x080011de   0x00000002   PAD
    0x080011e0   0x00000010   Code   RO         3114    .text               c_w.l(rt_ctype_table.o)
    0x080011f0   0x00000016   Code   RO         3116    .text               c_w.l(_rserrno.o)
    0x08001206   0x00000002   PAD
    0x08001208   0x00000318   Code   RO         3118    .text               c_w.l(scanf_hexfp.o)
    0x08001520   0x00000134   Code   RO         3120    .text               c_w.l(scanf_infnan.o)
    0x08001654   0x00000080   Code   RO         3126    .text               c_w.l(strcmpv7m.o)
    0x080016d4   0x00000002   Code   RO         3193    .text               c_w.l(use_no_semi.o)
    0x080016d6   0x00000000   Code   RO         3195    .text               c_w.l(indicate_semi.o)
    0x080016d6   0x00000026   Code   RO         3198    .text               c_w.l(llshl.o)
    0x080016fc   0x0000001c   Code   RO         3200    .text               c_w.l(_chval.o)
    0x08001718   0x00000338   Code   RO         3075    CL$$btod_div_common  c_w.l(btod.o)
    0x08001a50   0x00000054   Code   RO         3073    CL$$btod_e2d        c_w.l(btod.o)
    0x08001aa4   0x000000c6   Code   RO         3072    CL$$btod_e2e        c_w.l(btod.o)
    0x08001b6a   0x00000028   Code   RO         3069    CL$$btod_ediv       c_w.l(btod.o)
    0x08001b92   0x00000028   Code   RO         3071    CL$$btod_edivd      c_w.l(btod.o)
    0x08001bba   0x00000028   Code   RO         3068    CL$$btod_emul       c_w.l(btod.o)
    0x08001be2   0x00000028   Code   RO         3070    CL$$btod_emuld      c_w.l(btod.o)
    0x08001c0a   0x00000244   Code   RO         3074    CL$$btod_mult_common  c_w.l(btod.o)
    0x08001e4e   0x00000002   PAD
    0x08001e50   0x00000004   Code   RO         2942    SVC_TABLE           RTX_CM4.lib(svc_table.o)
    0x08001e54   0x00000184   Code   RO          290    i.Enable_GPIO_Clock  usart_stm32f4xx.o
    0x08001fd8   0x000000aa   Code   RO          882    i.HAL_DMA_Abort     stm32f4xx_hal_dma.o
    0x08002082   0x00000002   PAD
    0x08002084   0x00000164   Code   RO         1026    i.HAL_GPIO_DeInit   stm32f4xx_hal_gpio.o
    0x080021e8   0x00000200   Code   RO         1029    i.HAL_GPIO_Init     stm32f4xx_hal_gpio.o
    0x080023e8   0x00000010   Code   RO         1031    i.HAL_GPIO_ReadPin  stm32f4xx_hal_gpio.o
    0x080023f8   0x0000000c   Code   RO         1033    i.HAL_GPIO_WritePin  stm32f4xx_hal_gpio.o
    0x08002404   0x0000000c   Code   RO          569    i.HAL_GetTick       stm32f4xx_hal.o
    0x08002410   0x00000044   Code   RO          743    i.HAL_NVIC_DisableIRQ  stm32f4xx_hal_cortex.o
    0x08002454   0x0000000c   Code   RO         1272    i.HAL_RCC_GetHCLKFreq  stm32f4xx_hal_rcc.o
    0x08002460   0x00000020   Code   RO         1274    i.HAL_RCC_GetPCLK1Freq  stm32f4xx_hal_rcc.o
    0x08002480   0x0000006c   Code   RO            1    i.Init_UART         main.o
    0x080024ec   0x00000064   Code   RO         1696    i.SystemInit        system_stm32f4xx.o
    0x08002550   0x00000018   Code   RO          291    i.USART2_Control    usart_stm32f4xx.o
    0x08002568   0x00000010   Code   RO          292    i.USART2_GetCapabilities  usart_stm32f4xx.o
    0x08002578   0x00000010   Code   RO          293    i.USART2_GetModemStatus  usart_stm32f4xx.o
    0x08002588   0x00000010   Code   RO          294    i.USART2_GetRxCount  usart_stm32f4xx.o
    0x08002598   0x00000010   Code   RO          295    i.USART2_GetStatus  usart_stm32f4xx.o
    0x080025a8   0x00000010   Code   RO          296    i.USART2_GetTxCount  usart_stm32f4xx.o
    0x080025b8   0x00000010   Code   RO          297    i.USART2_IRQHandler  usart_stm32f4xx.o
    0x080025c8   0x00000014   Code   RO          298    i.USART2_Initialize  usart_stm32f4xx.o
    0x080025dc   0x00000014   Code   RO          299    i.USART2_PowerControl  usart_stm32f4xx.o
    0x080025f0   0x00000018   Code   RO          300    i.USART2_Receive    usart_stm32f4xx.o
    0x08002608   0x00000018   Code   RO          301    i.USART2_Send       usart_stm32f4xx.o
    0x08002620   0x00000014   Code   RO          302    i.USART2_SetModemControl  usart_stm32f4xx.o
    0x08002634   0x0000001c   Code   RO          303    i.USART2_Transfer   usart_stm32f4xx.o
    0x08002650   0x00000010   Code   RO          304    i.USART2_Uninitialize  usart_stm32f4xx.o
    0x08002660   0x00000018   Code   RO          305    i.USART3_Control    usart_stm32f4xx.o
    0x08002678   0x00000010   Code   RO          306    i.USART3_GetCapabilities  usart_stm32f4xx.o
    0x08002688   0x00000010   Code   RO          307    i.USART3_GetModemStatus  usart_stm32f4xx.o
    0x08002698   0x00000010   Code   RO          308    i.USART3_GetRxCount  usart_stm32f4xx.o
    0x080026a8   0x00000010   Code   RO          309    i.USART3_GetStatus  usart_stm32f4xx.o
    0x080026b8   0x00000010   Code   RO          310    i.USART3_GetTxCount  usart_stm32f4xx.o
    0x080026c8   0x00000010   Code   RO          311    i.USART3_IRQHandler  usart_stm32f4xx.o
    0x080026d8   0x00000014   Code   RO          312    i.USART3_Initialize  usart_stm32f4xx.o
    0x080026ec   0x00000014   Code   RO          313    i.USART3_PowerControl  usart_stm32f4xx.o
    0x08002700   0x00000018   Code   RO          314    i.USART3_Receive    usart_stm32f4xx.o
    0x08002718   0x00000018   Code   RO          315    i.USART3_Send       usart_stm32f4xx.o
    0x08002730   0x00000014   Code   RO          316    i.USART3_SetModemControl  usart_stm32f4xx.o
    0x08002744   0x0000001c   Code   RO          317    i.USART3_Transfer   usart_stm32f4xx.o
    0x08002760   0x00000010   Code   RO          318    i.USART3_Uninitialize  usart_stm32f4xx.o
    0x08002770   0x000008e8   Code   RO          319    i.USART_Control     usart_stm32f4xx.o
    0x08003058   0x00000006   Code   RO          320    i.USART_GetCapabilities  usart_stm32f4xx.o
    0x0800305e   0x0000008c   Code   RO          321    i.USART_GetModemStatus  usart_stm32f4xx.o
    0x080030ea   0x00000008   Code   RO          322    i.USART_GetRxCount  usart_stm32f4xx.o
    0x080030f2   0x000000d4   Code   RO          323    i.USART_GetStatus   usart_stm32f4xx.o
    0x080031c6   0x00000008   Code   RO          324    i.USART_GetTxCount  usart_stm32f4xx.o
    0x080031ce   0x00000272   Code   RO          325    i.USART_IRQHandler  usart_stm32f4xx.o
    0x08003440   0x00000092   Code   RO          326    i.USART_Initialize  usart_stm32f4xx.o
    0x080034d2   0x00000002   PAD
    0x080034d4   0x00000134   Code   RO          327    i.USART_PeripheralReset  usart_stm32f4xx.o
    0x08003608   0x000002c8   Code   RO          328    i.USART_PowerControl  usart_stm32f4xx.o
    0x080038d0   0x000000a2   Code   RO          329    i.USART_Receive     usart_stm32f4xx.o
    0x08003972   0x00000088   Code   RO          330    i.USART_Send        usart_stm32f4xx.o
    0x080039fa   0x0000008c   Code   RO          331    i.USART_SetModemControl  usart_stm32f4xx.o
    0x08003a86   0x0000006a   Code   RO          332    i.USART_Transfer    usart_stm32f4xx.o
    0x08003af0   0x0000006a   Code   RO          333    i.USART_Uninitialize  usart_stm32f4xx.o
    0x08003b5a   0x00000002   PAD
    0x08003b5c   0x00000010   Code   RO          334    i.USARTx_GetVersion  usart_stm32f4xx.o
    0x08003b6c   0x00000004   PAD
    0x08003b70   0x000000d0   Code   RO         3239    i.__hardfp_ldexp    m_wm.l(ldexp.o)
    0x08003c40   0x00000020   Code   RO         3271    i.__mathlib_dbl_overflow  m_wm.l(dunder.o)
    0x08003c60   0x00000020   Code   RO         3273    i.__mathlib_dbl_underflow  m_wm.l(dunder.o)
    0x08003c80   0x000000b8   Code   RO         3103    i.__mathlib_narrow  m_wm.l(narrow.o)
    0x08003d38   0x00000014   Code   RO         3241    i.__support_ldexp   m_wm.l(ldexp.o)
    0x08003d4c   0x0000002c   Code   RO          230    i.__user_perthread_libspace  rtx_conf_cm.o
    0x08003d78   0x00000046   Code   RO         2826    i._init_box         RTX_CM4.lib(rt_membox.o)
    0x08003dbe   0x0000000e   Code   RO         2970    i._is_digit         c_w.l(__printf_wp.o)
    0x08003dcc   0x00000020   Code   RO          231    i._mutex_acquire    rtx_conf_cm.o
    0x08003dec   0x0000001c   Code   RO          233    i._mutex_release    rtx_conf_cm.o
    0x08003e08   0x00000030   Code   RO         2879    i.dbg_init          RTX_CM4.lib(hal_cm.o)
    0x08003e38   0x00000020   Code   RO         2880    i.dbg_task_notify   RTX_CM4.lib(hal_cm.o)
    0x08003e58   0x00000010   Code   RO         2881    i.dbg_task_switch   RTX_CM4.lib(hal_cm.o)
    0x08003e68   0x0000008c   Code   RO         3189    i.frexp             m_wm.l(frexp.o)
    0x08003ef4   0x0000002a   Code   RO         1732    i.isrMessageGet     RTX_CM4.lib(rt_cmsis.o)
    0x08003f1e   0x0000002c   Code   RO         1733    i.isrMessagePut     RTX_CM4.lib(rt_cmsis.o)
    0x08003f4a   0x00000002   PAD
    0x08003f4c   0x00000056   Code   RO         2681    i.isr_mbx_receive   RTX_CM4.lib(rt_mailbox.o)
    0x08003fa2   0x0000000e   Code   RO         2682    i.isr_mbx_send      RTX_CM4.lib(rt_mailbox.o)
    0x08003fb0   0x000000b0   Code   RO            2    i.main              main.o
    0x08004060   0x00000024   Code   RO         1737    i.osKernelInitialize  RTX_CM4.lib(rt_cmsis.o)
    0x08004084   0x0000006c   Code   RO         1739    i.osKernelStart     RTX_CM4.lib(rt_cmsis.o)
    0x080040f0   0x00000018   Code   RO         1748    i.osMessageGet      RTX_CM4.lib(rt_cmsis.o)
    0x08004108   0x0000002c   Code   RO         1765    i.osThreadCreate    RTX_CM4.lib(rt_cmsis.o)
    0x08004134   0x00000018   Code   RO         1766    i.osThreadExit      RTX_CM4.lib(rt_cmsis.o)
    0x0800414c   0x0000000c   Code   RO         1772    i.osTimerCall       RTX_CM4.lib(rt_cmsis.o)
    0x08004158   0x0000002c   Code   RO         1777    i.osTimerThread     RTX_CM4.lib(rt_cmsis.o)
    0x08004184   0x00000022   Code   RO          234    i.os_error          rtx_conf_cm.o
    0x080041a6   0x00000004   Code   RO          235    i.os_idle_demon     rtx_conf_cm.o
    0x080041aa   0x00000002   PAD
    0x080041ac   0x00000028   Code   RO         2473    i.os_tick_init      RTX_CM4.lib(rt_system.o)
    0x080041d4   0x00000002   Code   RO         2474    i.os_tick_irqack    RTX_CM4.lib(rt_system.o)
    0x080041d6   0x0000001a   Code   RO         2827    i.rt_alloc_box      RTX_CM4.lib(rt_membox.o)
    0x080041f0   0x0000003e   Code   RO         2855    i.rt_alloc_mem      RTX_CM4.lib(rt_memory.o)
    0x0800422e   0x00000002   PAD
    0x08004230   0x00000038   Code   RO         2354    i.rt_block          RTX_CM4.lib(rt_task.o)
    0x08004268   0x00000048   Code   RO         2804    i.rt_chk_robin      RTX_CM4.lib(rt_robin.o)
    0x080042b0   0x00000070   Code   RO         2605    i.rt_dec_dly        RTX_CM4.lib(rt_list.o)
    0x08004320   0x00000044   Code   RO         2355    i.rt_dispatch       RTX_CM4.lib(rt_task.o)
    0x08004364   0x00000050   Code   RO         2566    i.rt_evt_psh        RTX_CM4.lib(rt_event.o)
    0x080043b4   0x0000002c   Code   RO         2828    i.rt_free_box       RTX_CM4.lib(rt_membox.o)
    0x080043e0   0x00000028   Code   RO         2856    i.rt_free_mem       RTX_CM4.lib(rt_memory.o)
    0x08004408   0x00000028   Code   RO         2606    i.rt_get_first      RTX_CM4.lib(rt_list.o)
    0x08004430   0x00000008   Code   RO         1782    i.rt_id2obj         RTX_CM4.lib(rt_cmsis.o)
    0x08004438   0x00000048   Code   RO         2356    i.rt_init_context   RTX_CM4.lib(rt_task.o)
    0x08004480   0x0000001a   Code   RO         2857    i.rt_init_mem       RTX_CM4.lib(rt_memory.o)
    0x0800449a   0x00000002   PAD
    0x0800449c   0x00000018   Code   RO         2805    i.rt_init_robin     RTX_CM4.lib(rt_robin.o)
    0x080044b4   0x00000080   Code   RO         2882    i.rt_init_stack     RTX_CM4.lib(hal_cm.o)
    0x08004534   0x00000008   Code   RO         2683    i.rt_mbx_check      RTX_CM4.lib(rt_mailbox.o)
    0x0800453c   0x0000001a   Code   RO         2684    i.rt_mbx_init       RTX_CM4.lib(rt_mailbox.o)
    0x08004556   0x00000002   PAD
    0x08004558   0x000000f0   Code   RO         2685    i.rt_mbx_psh        RTX_CM4.lib(rt_mailbox.o)
    0x08004648   0x000000b4   Code   RO         2687    i.rt_mbx_wait       RTX_CM4.lib(rt_mailbox.o)
    0x080046fc   0x00000044   Code   RO         1783    i.rt_ms2tick        RTX_CM4.lib(rt_cmsis.o)
    0x08004740   0x000000d8   Code   RO         2440    i.rt_mut_release    RTX_CM4.lib(rt_mutex.o)
    0x08004818   0x00000078   Code   RO         2441    i.rt_mut_wait       RTX_CM4.lib(rt_mutex.o)
    0x08004890   0x0000007c   Code   RO         2477    i.rt_pop_req        RTX_CM4.lib(rt_system.o)
    0x0800490c   0x00000020   Code   RO         2478    i.rt_psh_req        RTX_CM4.lib(rt_system.o)
    0x0800492c   0x0000005c   Code   RO         2608    i.rt_psq_enq        RTX_CM4.lib(rt_list.o)
    0x08004988   0x00000048   Code   RO         2609    i.rt_put_dly        RTX_CM4.lib(rt_list.o)
    0x080049d0   0x00000036   Code   RO         2610    i.rt_put_prio       RTX_CM4.lib(rt_list.o)
    0x08004a06   0x00000002   PAD
    0x08004a08   0x00000014   Code   RO         2611    i.rt_put_rdy_first  RTX_CM4.lib(rt_list.o)
    0x08004a1c   0x00000034   Code   RO         2612    i.rt_resort_prio    RTX_CM4.lib(rt_list.o)
    0x08004a50   0x00000010   Code   RO         2883    i.rt_ret_regs       RTX_CM4.lib(hal_cm.o)
    0x08004a60   0x0000000c   Code   RO         2884    i.rt_ret_val        RTX_CM4.lib(hal_cm.o)
    0x08004a6c   0x00000010   Code   RO         2885    i.rt_ret_val2       RTX_CM4.lib(hal_cm.o)
    0x08004a7c   0x00000028   Code   RO         2613    i.rt_rmv_dly        RTX_CM4.lib(rt_list.o)
    0x08004aa4   0x00000030   Code   RO         2614    i.rt_rmv_list       RTX_CM4.lib(rt_list.o)
    0x08004ad4   0x00000034   Code   RO         2732    i.rt_sem_psh        RTX_CM4.lib(rt_semaphore.o)
    0x08004b08   0x00000024   Code   RO         2480    i.rt_stk_check      RTX_CM4.lib(rt_system.o)
    0x08004b2c   0x00000028   Code   RO         2357    i.rt_switch_req     RTX_CM4.lib(rt_task.o)
    0x08004b54   0x000000cc   Code   RO         2358    i.rt_sys_init       RTX_CM4.lib(rt_task.o)
    0x08004c20   0x00000078   Code   RO         2359    i.rt_sys_start      RTX_CM4.lib(rt_task.o)
    0x08004c98   0x00000040   Code   RO         2482    i.rt_systick        RTX_CM4.lib(rt_system.o)
    0x08004cd8   0x00000012   Code   RO         1784    i.rt_tid2ptcb       RTX_CM4.lib(rt_cmsis.o)
    0x08004cea   0x00000002   PAD
    0x08004cec   0x00000034   Code   RO         1785    i.rt_timer_insert   RTX_CM4.lib(rt_cmsis.o)
    0x08004d20   0x00000088   Code   RO         2360    i.rt_tsk_create     RTX_CM4.lib(rt_task.o)
    0x08004da8   0x0000017c   Code   RO         2361    i.rt_tsk_delete     RTX_CM4.lib(rt_task.o)
    0x08004f24   0x0000007c   Code   RO         2363    i.rt_tsk_prio       RTX_CM4.lib(rt_task.o)
    0x08004fa0   0x00000010   Code   RO         2364    i.rt_tsk_self       RTX_CM4.lib(rt_task.o)
    0x08004fb0   0x00000070   Code   RO         1788    i.svcKernelInitialize  RTX_CM4.lib(rt_cmsis.o)
    0x08005020   0x00000048   Code   RO         1790    i.svcKernelStart    RTX_CM4.lib(rt_cmsis.o)
    0x08005068   0x00000024   Code   RO         1793    i.svcMessageCreate  RTX_CM4.lib(rt_cmsis.o)
    0x0800508c   0x0000003a   Code   RO         1794    i.svcMessageGet     RTX_CM4.lib(rt_cmsis.o)
    0x080050c6   0x00000002   PAD
    0x080050c8   0x0000006c   Code   RO         1808    i.svcThreadCreate   RTX_CM4.lib(rt_cmsis.o)
    0x08005134   0x0000001c   Code   RO         1809    i.svcThreadGetId    RTX_CM4.lib(rt_cmsis.o)
    0x08005150   0x00000038   Code   RO         1812    i.svcThreadTerminate  RTX_CM4.lib(rt_cmsis.o)
    0x08005188   0x00000018   Code   RO         1814    i.svcTimerCall      RTX_CM4.lib(rt_cmsis.o)
    0x080051a0   0x0000005c   Code   RO         1823    i.sysTimerTick      RTX_CM4.lib(rt_cmsis.o)
    0x080051fc   0x0000002c   Code   RO         3088    locale$$code        c_w.l(lc_numeric_c.o)
    0x08005228   0x0000002c   Code   RO         3203    locale$$code        c_w.l(lc_ctype_c.o)
    0x08005254   0x00000062   Code   RO         3181    x$fpl$d2f           fz_wm.l(d2f.o)
    0x080052b6   0x00000002   PAD
    0x080052b8   0x00000010   Code   RO         3300    x$fpl$dcheck1       fz_wm.l(dcheck1.o)
    0x080052c8   0x00000018   Code   RO         3227    x$fpl$dcmpinf       fz_wm.l(dcmpi.o)
    0x080052e0   0x00000078   Code   RO         3183    x$fpl$deqf          fz_wm.l(deqf.o)
    0x08005358   0x00000078   Code   RO         3229    x$fpl$dleqf         fz_wm.l(dleqf.o)
    0x080053d0   0x00000154   Code   RO         3231    x$fpl$dmul          fz_wm.l(dmul.o)
    0x08005524   0x0000009c   Code   RO         3233    x$fpl$dnaninf       fz_wm.l(dnaninf.o)
    0x080055c0   0x0000000c   Code   RO         3263    x$fpl$dretinf       fz_wm.l(dretinf.o)
    0x080055cc   0x0000006c   Code   RO         3185    x$fpl$drleqf        fz_wm.l(drleqf.o)
    0x08005638   0x0000000a   Code   RO         3235    x$fpl$fpinit        fz_wm.l(fpinit.o)
    0x08005642   0x0000000a   Code   RO         3237    x$fpl$fretinf       fz_wm.l(fretinf.o)
    0x0800564c   0x00000064   Code   RO         3322    x$fpl$retnan        fz_wm.l(retnan.o)
    0x080056b0   0x0000005c   Code   RO         3265    x$fpl$scalbn        fz_wm.l(scalbn.o)
    0x0800570c   0x00000004   Code   RO         2996    x$fpl$scanf1        fz_wm.l(scanf1.o)
    0x08005710   0x00000008   Code   RO         3095    x$fpl$scanf2        fz_wm.l(scanf2.o)
    0x08005718   0x00000030   Code   RO         3324    x$fpl$trapveneer    fz_wm.l(trapv.o)
    0x08005748   0x00000000   Code   RO         3101    x$fpl$usenofp       fz_wm.l(usenofp.o)
    0x08005748   0x00000068   Data   RO          237    .constdata          rtx_conf_cm.o
    0x080057b0   0x0000010c   Data   RO          336    .constdata          usart_stm32f4xx.o
    0x080058bc   0x00000018   Data   RO         1697    .constdata          system_stm32f4xx.o
    0x080058d4   0x00000094   Data   RO         3063    .constdata          c_w.l(bigflt0.o)
    0x08005968   0x00000020   Data   RO         3326    Region$$Table       anon$$obj.o
    0x08005988   0x00000008   Data   RO         3090    c$$dinf             fz_wm.l(fpconst.o)
    0x08005990   0x0000001c   Data   RO         3087    locale$$data        c_w.l(lc_numeric_c.o)
    0x080059ac   0x00000110   Data   RO         3202    locale$$data        c_w.l(lc_ctype_c.o)


    Execution Region RW_IRAM1 (Base: 0x20000000, Size: 0x00004488, Max: 0x00020000, ABSOLUTE)

    Base Addr    Size         Type   Attr      Idx    E Section Name        Object

    0x20000000   0x00000014   Data   RW          238    .data               rtx_conf_cm.o
    0x20000014   0x00000009   Data   RW          583    .data               stm32f4xx_hal.o
    0x2000001d   0x00000003   PAD
    0x20000020   0x00000004   Data   RW         1698    .data               system_stm32f4xx.o
    0x20000024   0x00000008   Data   RW         1826    .data               RTX_CM4.lib(rt_cmsis.o)
    0x2000002c   0x00000008   Data   RW         2366    .data               RTX_CM4.lib(rt_task.o)
    0x20000034   0x00000008   Data   RW         2485    .data               RTX_CM4.lib(rt_system.o)
    0x2000003c   0x00000004   Data   RW         2775    .data               RTX_CM4.lib(rt_time.o)
    0x20000040   0x00000008   Data   RW         2806    .data               RTX_CM4.lib(rt_robin.o)
    0x20000048   0x00000001   Data   RW         2886    .data               RTX_CM4.lib(hal_cm.o)
    0x20000049   0x00000007   PAD
    0x20000050   0x00003d00   Zero   RW          236    .bss                rtx_conf_cm.o
    0x20003d50   0x00000070   Zero   RW          335    .bss                usart_stm32f4xx.o
    0x20003dc0   0x00000034   Zero   RW         2365    .bss                RTX_CM4.lib(rt_task.o)
    0x20003df4   0x00000030   Zero   RW         2615    .bss                RTX_CM4.lib(rt_list.o)
    0x20003e24   0x00000060   Zero   RW         2948    .bss                c_w.l(libspace.o)
    0x20003e84   0x00000004   PAD
    0x20003e88   0x00000200   Zero   RW         1686    HEAP                startup_stm32f407xx.o
    0x20004088   0x00000400   Zero   RW         1685    STACK               startup_stm32f407xx.o


==============================================================================

Image component sizes


      Code (inc. data)   RO Data    RW Data    ZI Data      Debug   Object Name

         0          0          0          0          0     582268   buttons_f4discovery.o
       284         62          0          0          0      12467   main.o
       170         38        104         20      15616       9935   rtx_conf_cm.o
        64         26        392          0       1536        856   startup_stm32f407xx.o
        12          6          0          9          0       2273   stm32f4xx_hal.o
        68          6          0          0          0      30813   stm32f4xx_hal_cortex.o
       170          0          0          0          0       1424   stm32f4xx_hal_dma.o
       896         86          0          0          0       4105   stm32f4xx_hal_gpio.o
        44         16          0          0          0       1221   stm32f4xx_hal_rcc.o
       100         18         24          4          0       1327   system_stm32f4xx.o
      6044        298        268          0        112      67316   usart_stm32f4xx.o

    ----------------------------------------------------------------------
      7864        560        820         36      17264     714005   Object Totals
         0          0         32          0          0          0   (incl. Generated)
        12          4          0          3          0          0   (incl. Padding)

    ----------------------------------------------------------------------

      Code (inc. data)   RO Data    RW Data    ZI Data      Debug   Library Member Name

       268         24          0          1          0       4472   hal_cm.o
       408         34          0          0          0        816   hal_cm4.o
      1110        138          0          8          0      34689   rt_cmsis.o
        80          4          0          0          0        701   rt_event.o
       530         34          0          0         48       8601   rt_list.o
       554         10          0          0          0       4189   rt_mailbox.o
       140          0          0          0          0       2045   rt_membox.o
       128          0          0          0          0       2419   rt_memory.o
       336         14          0          0          0       1727   rt_mutex.o
        96         22          0          8          0       1230   rt_robin.o
        52          4          0          0          0        613   rt_semaphore.o
       298         52          0          8          0       6439   rt_system.o
      1216        174          0          8         52      10045   rt_task.o
         0          0          0          4          0        210   rt_time.o
         4          4          0          0          0        200   svc_table.o
        60          8          0          0          0         84   __0sscanf.o
         8          0          0          0          0         68   __main.o
       104          0          0          0          0         84   __printf.o
        14          0          0          0          0         68   __printf_wp.o
         0          0          0          0          0          0   __rtentry.o
        20          0          0          0          0          0   __rtentry2.o
         6          0          0          0          0          0   __rtentry4.o
        52          8          0          0          0          0   __scatter.o
        26          0          0          0          0          0   __scatter_copy.o
        28          0          0          0          0          0   __scatter_zi.o
        28          0          0          0          0         68   _chval.o
        48          6          0          0          0         96   _printf_char_common.o
         6          0          0          0          0          0   _printf_d.o
       120         16          0          0          0         92   _printf_dec.o
       178          0          0          0          0         88   _printf_intcommon.o
         0          0          0          0          0          0   _printf_percent.o
         4          0          0          0          0          0   _printf_percent_end.o
        22          0          0          0          0        100   _rserrno.o
       884          6          0          0          0        100   _scanf.o
       224          0          0          0          0         96   _scanf_str.o
        64          0          0          0          0         84   _sgetc.o
        10          0          0          0          0         68   _sputc.o
       220          4        148          0          0         96   bigflt0.o
      1846        132          0          0          0        736   btod.o
        18          0          0          0          0         80   exit.o
         6          0          0          0          0        152   heapauxi.o
         0          0          0          0          0          0   indicate_semi.o
        18          0          0          0          0         76   isspace.o
        44         10        272          0          0         76   lc_ctype_c.o
        44         10         28          0          0         76   lc_numeric_c.o
         2          0          0          0          0          0   libinit.o
        34          0          0          0          0          0   libinit2.o
         2          0          0          0          0          0   libshutdown.o
         2          0          0          0          0          0   libshutdown2.o
         8          4          0          0         96         68   libspace.o
        38          0          0          0          0         68   llshl.o
        40          6          0          0          0         84   noretval__2sprintf.o
        16          4          0          0          0         76   rt_ctype_table.o
         4          0          0          0          0         68   rt_errno_addr_twolibspace.o
        10          0          0          0          0         76   rt_locale_twolibspace.o
        78          0          0          0          0         80   rt_memclr_w.o
         2          0          0          0          0          0   rtexit.o
        10          0          0          0          0          0   rtexit2.o
        44          8          0          0          0         84   scanf_char.o
      1188         12          0          0          0        148   scanf_fp.o
       792         14          0          0          0        100   scanf_hexfp.o
       308         16          0          0          0        100   scanf_infnan.o
       128          0          0          0          0         68   strcmpv7m.o
        62          0          0          0          0         76   strlen.o
        12          4          0          0          0         68   sys_exit.o
        74          0          0          0          0         80   sys_stackheap_outer.o
         2          0          0          0          0         68   use_no_semi.o
        98          4          0          0          0        140   d2f.o
        16          4          0          0          0        116   dcheck1.o
        24          0          0          0          0        116   dcmpi.o
       120          4          0          0          0        140   deqf.o
       120          4          0          0          0        140   dleqf.o
       340         12          0          0          0        152   dmul.o
       156          4          0          0          0        140   dnaninf.o
        12          0          0          0          0        116   dretinf.o
       108          0          0          0          0        128   drleqf.o
         0          0          8          0          0          0   fpconst.o
        10          0          0          0          0        116   fpinit.o
        10          0          0          0          0        116   fretinf.o
       100          0          0          0          0        116   retnan.o
        92          0          0          0          0        116   scalbn.o
         4          0          0          0          0        116   scanf1.o
         8          0          0          0          0        132   scanf2.o
        48          0          0          0          0        116   trapv.o
         0          0          0          0          0          0   usenofp.o
        64         16          0          0          0        248   dunder.o
       140         22          0          0          0        132   frexp.o
       228          8          0          0          0        308   ldexp.o
       184         18          0          0          0        152   narrow.o

    ----------------------------------------------------------------------
     14088        878        456         40        204      84952   Library Totals
        28          0          0          3          8          0   (incl. Padding)

    ----------------------------------------------------------------------

      Code (inc. data)   RO Data    RW Data    ZI Data      Debug   Library Name

      5220        514          0         37        100      78396   RTX_CM4.lib
      6958        268        448          0         96       3700   c_w.l
      1266         32          8          0          0       2016   fz_wm.l
       616         64          0          0          0        840   m_wm.l

    ----------------------------------------------------------------------
     14088        878        456         40        204      84952   Library Totals

    ----------------------------------------------------------------------

==============================================================================


      Code (inc. data)   RO Data    RW Data    ZI Data      Debug   

     21952       1438       1276         76      17468     782229   Grand Totals
     21952       1438       1276         76      17468     782229   ELF Image Totals
     21952       1438       1276         76          0          0   ROM Totals

==============================================================================

    Total RO  Size (Code + RO Data)                23228 (  22.68kB)
    Total RW  Size (RW Data + ZI Data)             17544 (  17.13kB)
    Total ROM Size (Code + RO Data + RW Data)      23304 (  22.76kB)

==============================================================================

